https://patents.google.com/patent/NO2024051I1/en?oq=NO2024051I1:
<!DOCTYPE html>
<html lang="en">
<head>
<title>NO2024051I1 - 
        Macitentan or a pharmaceutically acceptable salt thereof
       
      - Google Patents</title>
<meta content="width=device-width, initial-scale=1" name="viewport"/>
<meta charset="utf-8"/>
<meta content="origin-when-crossorigin" name="referrer"/>
<link href="https://patents.google.com/patent/NO2024051I1/en" rel="canonical"/>
<meta content="patent" name="DC.type"/>
<meta content="
        Macitentan or a pharmaceutically acceptable salt thereof
       
     " name="DC.title"/>
<meta content="2024-11-25" name="DC.date" scheme="dateSubmitted"/>
<meta content="" name="DC.description"/>
<meta content="NO:2024051C" name="citation_patent_application_number"/>
<meta content="NO:2024051:I1" name="citation_patent_publication_number"/>
<meta content="2024-11-25" name="DC.date"/>
<meta content="Actelion Pharmaceuticals Ltd" name="DC.contributor" scheme="assignee"/>
<link href="https://fonts.googleapis.com/css?family=Roboto:400,400italic,500,500italic,700" rel="stylesheet"/>
<link href="https://fonts.googleapis.com/css?family=Product+Sans" rel="stylesheet"/>
<link href="https://fonts.googleapis.com/css2?family=Google+Sans:wght@400;500;700" rel="stylesheet"/>
<style>
      
      #gb { top: 15px; left: auto; right: 0; width: auto; min-width: 135px !important; }   
      body { transition: none; }
    </style>
<script></script>
<script>
      window.version = 'patent-search.search_20250707_RC00';

      function sendFeedback() {
        userfeedback.api.startFeedback({
          'productId': '713680',
          'bucket': 'patent-search-web',
          'productVersion': window.version,
        });
      }

      window.experiments = {};
      window.experiments.patentCountries = "ae,ag,al,am,ao,ap,ar,at,au,aw,az,ba,bb,bd,be,bf,bg,bh,bj,bn,bo,br,bw,bx,by,bz,ca,cf,cg,ch,ci,cl,cm,cn,co,cr,cs,cu,cy,cz,dd,de,dj,dk,dm,do,dz,ea,ec,ee,eg,em,ep,es,fi,fr,ga,gb,gc,gd,ge,gh,gm,gn,gq,gr,gt,gw,hk,hn,hr,hu,ib,id,ie,il,in,ir,is,it,jo,jp,ke,kg,kh,km,kn,kp,kr,kw,kz,la,lc,li,lk,lr,ls,lt,lu,lv,ly,ma,mc,md,me,mg,mk,ml,mn,mo,mr,mt,mw,mx,my,mz,na,ne,ng,ni,nl,no,nz,oa,om,pa,pe,pg,ph,pl,pt,py,qa,ro,rs,ru,rw,sa,sc,sd,se,sg,si,sk,sl,sm,sn,st,su,sv,sy,sz,td,tg,th,tj,tm,tn,tr,tt,tw,tz,ua,ug,us,uy,uz,vc,ve,vn,wo,yu,za,zm,zw";
      
      
      window.experiments.keywordWizard = true;
      
      
      
      window.experiments.definitions = true;
      window.experiments.plogs = true;

      window.Polymer = {
        dom: 'shady',
        lazyRegister: true,
      };
    </script>
<script src="//www.gstatic.com/patent-search/frontend/patent-search.search_20250707_RC00/scs/compiled_dir/webcomponentsjs/webcomponents-lite.min.js"></script>
<link href="//www.gstatic.com/patent-search/frontend/patent-search.search_20250707_RC00/scs/compiled_dir/search-app-vulcanized.html" rel="import"/>
</head>
<body unresolved="">
<script></script>
<script src="//www.gstatic.com/patent-search/frontend/patent-search.search_20250707_RC00/scs/compiled_dir/search-app-vulcanized.js"></script>
<search-app>
<article class="result" itemscope="" itemtype="http://schema.org/ScholarlyArticle">
<h1 itemprop="pageTitle">NO2024051I1 - 
        Macitentan or a pharmaceutically acceptable salt thereof
       
      - Google Patents</h1>
<span itemprop="title">
        Macitentan or a pharmaceutically acceptable salt thereof
       
     </span>
<meta content="patent" itemprop="type"/>
<h2>Info</h2>
<dl>
<dt>Publication number</dt>
<dd itemprop="publicationNumber">NO2024051I1</dd>
<meta content="2024051" itemprop="numberWithoutCodes"/>
<meta content="I1" itemprop="kindCode"/>
<meta content="Suppl. protection certificate application" itemprop="publicationDescription"/>
<span>NO2024051I1</span>
<span>NO2024051C</span>
<span>NO2024051C</span>
<span>NO2024051I1</span>
<span>NO 2024051 I1</span>
<span>NO2024051 I1</span>
<span>NO 2024051I1</span>
<span>NO 2024051 C</span>
<span>NO2024051 C</span>
<span>NO 2024051C</span>
<span>NO 2024051 C</span>
<span>NO2024051 C</span>
<span>NO 2024051C</span>
<span>NO 2024051 I1</span>
<span>NO2024051 I1</span>
<span>NO 2024051I1</span>
<dt>Authority</dt>
<dd itemprop="countryCode">NO</dd>
<dd itemprop="countryName">Norway</dd>
<dt>Prior art keywords</dt>
<dd itemprop="priorArtKeywords" repeat="">macitentan</dd>
<dd itemprop="priorArtKeywords" repeat="">pharmaceutically acceptable</dd>
<dd itemprop="priorArtKeywords" repeat="">acceptable salt</dd>
<dd itemprop="priorArtKeywords" repeat="">salt</dd>
<dd itemprop="priorArtKeywords" repeat="">pharmaceutically</dd>
<dt>Prior art date</dt>
<dd><time datetime="2024-11-25" itemprop="priorArtDate">2024-11-25</time></dd>
</dl>
<dt>Application number</dt>
<dd itemprop="applicationNumber">NO2024051C</dd>
<dt>Other languages</dt>
<dd itemprop="otherLanguages" itemscope="" repeat="">
<a href="/patent/NO2024051I1/no">
<span itemprop="name">Norwegian</span> (<span itemprop="code">no</span>)
    </a>
</dd>
<dt>Original Assignee</dt>
<dd itemprop="assigneeOriginal" repeat="">Actelion Pharmaceuticals Ltd</dd>
<dt>Priority date (The priority date is an assumption and is not a legal conclusion. Google has not performed a legal analysis and makes no representation as to the accuracy of the date listed.)</dt>
<dd><time datetime="2024-11-25" itemprop="priorityDate">2024-11-25</time></dd>
<dt>Filing date</dt>
<dd><time datetime="2024-11-25" itemprop="filingDate">2024-11-25</time></dd>
<dt>Publication date</dt>
<dd><time datetime="2024-11-25" itemprop="publicationDate">2024-11-25</time></dd>
<dd itemprop="events" itemscope="" repeat="">
<time datetime="2024-11-25" itemprop="date">2024-11-25</time>
<span itemprop="title">Application filed by Actelion Pharmaceuticals Ltd</span>
<span itemprop="type">filed</span>
<span bool="" content="true" itemprop="critical">Critical</span>
<span itemprop="assigneeSearch">Actelion Pharmaceuticals Ltd</span>
</dd>
<dd itemprop="events" itemscope="" repeat="">
<time datetime="2024-11-25" itemprop="date">2024-11-25</time>
<span itemprop="title">Priority to NO2024051C</span>
<span itemprop="type">priority</span>
<span bool="" content="true" itemprop="critical">Critical</span>
<span itemprop="documentId">patent/NO2024051I1/en</span>
</dd>
<dd itemprop="events" itemscope="" repeat="">
<time datetime="2024-11-25" itemprop="date">2024-11-25</time>
<span itemprop="title">Publication of NO2024051I1</span>
<span itemprop="type">publication</span>
<span bool="" content="true" itemprop="critical">Critical</span>
<span itemprop="documentId">patent/NO2024051I1/en</span>
</dd>
<h2>Links</h2>
<ul>
<li itemprop="links" itemscope="" repeat="">
<meta content="espacenetLink" itemprop="id"/>
<a href="https://worldwide.espacenet.com/publicationDetails/biblio?CC=NO&amp;NR=2024051I1&amp;KC=I1&amp;FT=D" itemprop="url" target="_blank"><span itemprop="text">Espacenet</span></a>
</li>
<li itemprop="links" itemscope="" repeat="">
<meta content="globalDossierLink" itemprop="id"/>
<a href="https://globaldossier.uspto.gov/result/application/NO/2024051/1" itemprop="url" target="_blank"><span itemprop="text">Global Dossier</span></a>
</li>
<li itemprop="links" itemscope="" repeat="">
<meta content="stackexchangeLink" itemprop="id"/>
<a href="https://patents.stackexchange.com/questions/tagged/NO2024051I1" itemprop="url"><span itemprop="text">Discuss</span></a>
</li>
</ul>
<ul itemprop="concept" itemscope="">
<li itemprop="match" itemscope="" repeat="">
<span itemprop="id">JGCMEBMXRHSZKX-UHFFFAOYSA-N</span>
<span itemprop="name">macitentan</span>
<span itemprop="domain">Chemical compound</span>
<span itemprop="svg_large"></span>
<span itemprop="svg_small"></span>
<span itemprop="smiles">C=1C=C(Br)C=CC=1C=1C(NS(=O)(=O)NCCC)=NC=NC=1OCCOC1=NC=C(Br)C=N1</span>
<span itemprop="inchi_key">JGCMEBMXRHSZKX-UHFFFAOYSA-N</span>
<span itemprop="similarity">0.000</span>
<span itemprop="sections" repeat="">title</span>
<span itemprop="count">1</span>
</li>
<li itemprop="match" itemscope="" repeat="">
<span itemprop="id">229960001039</span>
<span itemprop="name">macitentan</span>
<span itemprop="domain">Drugs</span>
<span itemprop="svg_large"></span>
<span itemprop="svg_small"></span>
<span itemprop="smiles"></span>
<span itemprop="inchi_key"></span>
<span itemprop="similarity">0.000</span>
<span itemprop="sections" repeat="">title</span>
<span itemprop="count">1</span>
</li>
<li itemprop="match" itemscope="" repeat="">
<span itemprop="id">150000003839</span>
<span itemprop="name">salts</span>
<span itemprop="domain">Chemical class</span>
<span itemprop="svg_large"></span>
<span itemprop="svg_small"></span>
<span itemprop="smiles"></span>
<span itemprop="inchi_key"></span>
<span itemprop="similarity">0.000</span>
<span itemprop="sections" repeat="">title</span>
<span itemprop="count">1</span>
</li>
</ul>
<section itemprop="application" itemscope="">
<section itemprop="metadata" itemscope="">
<span itemprop="applicationNumber">NO2024051C</span>
<span itemprop="priorityDate">2024-11-25</span>
<span itemprop="filingDate">2024-11-25</span>
<span itemprop="title">
        Macitentan or a pharmaceutically acceptable salt thereof
       
     </span>
<a href="/patent/NO2024051I1/en">
<span itemprop="representativePublication">NO2024051I1</span>
        (<span itemprop="primaryLanguage">en</span>)
      </a>
</section>
<h2>Priority Applications (1)</h2>
<table>
<thead>
<tr>
<th>Application Number</th>
<th>Priority Date</th>
<th>Filing Date</th>
<th>Title</th>
</tr>
</thead>
<tbody>
<tr itemprop="priorityApps" itemscope="" repeat="">
<td>
<span itemprop="applicationNumber">NO2024051C</span>
<a href="/patent/NO2024051I1/en">
<span itemprop="representativePublication">NO2024051I1</span>
                (<span itemprop="primaryLanguage">en</span>)
            </a>
</td>
<td itemprop="priorityDate">2024-11-25</td>
<td itemprop="filingDate">2024-11-25</td>
<td itemprop="title">
        Macitentan or a pharmaceutically acceptable salt thereof
       
     </td>
</tr>
</tbody>
</table>
<h2>Applications Claiming Priority (1)</h2>
<table>
<thead>
<tr>
<th>Application Number</th>
<th>Priority Date</th>
<th>Filing Date</th>
<th>Title</th>
</tr>
</thead>
<tbody>
<tr itemprop="appsClaimingPriority" itemscope="" repeat="">
<td>
<span itemprop="applicationNumber">NO2024051C</span>
<a href="/patent/NO2024051I1/en">
<span itemprop="representativePublication">NO2024051I1</span>
                (<span itemprop="primaryLanguage">en</span>)
            </a>
</td>
<td itemprop="priorityDate">2024-11-25</td>
<td itemprop="filingDate">2024-11-25</td>
<td itemprop="title">
        Macitentan or a pharmaceutically acceptable salt thereof
       
     </td>
</tr>
</tbody>
</table>
<h2>Publications (1)</h2>
<table>
<thead>
<tr>
<th>Publication Number</th>
<th>Publication Date</th>
</tr>
</thead>
<tbody>
<tr itemprop="pubs" itemscope="" repeat="">
<td>
<span itemprop="publicationNumber">NO2024051I1</span>
<span itemprop="thisPatent">true</span>
<a href="/patent/NO2024051I1/en">
              NO2024051I1
              (<span itemprop="primaryLanguage">en</span>)
            </a>
</td>
<td itemprop="publicationDate">2024-11-25</td>
</tr>
</tbody>
</table>
</section>
<section itemprop="family" itemscope="">
<h1>Family</h1>
<h2>ID=93894962</h2>
<h2>Family Applications (1)</h2>
<table>
<thead>
<tr>
<th>Application Number</th>
<th>Title</th>
<th>Priority Date</th>
<th>Filing Date</th>
</tr>
</thead>
<tbody>
<tr itemprop="applications" itemscope="" repeat="">
<td>
<span itemprop="applicationNumber">NO2024051C</span>
<a href="/patent/NO2024051I1/en">
<span itemprop="representativePublication">NO2024051I1</span>
                (<span itemprop="primaryLanguage">en</span>)
            </a>
</td>
<td itemprop="priorityDate">2024-11-25</td>
<td itemprop="filingDate">2024-11-25</td>
<td itemprop="title">
        Macitentan or a pharmaceutically acceptable salt thereof
       
     </td>
</tr>
</tbody>
</table>
<h2>Country Status (1)</h2>
<table>
<thead>
<tr>
<th>Country</th>
<th>Link</th>
</tr>
</thead>
<tbody>
<tr itemprop="countryStatus" itemscope="" repeat="">
<td>
<span itemprop="countryCode">NO</span>
            (<span itemprop="num">1</span>)
            <meta content="true" itemprop="thisCountry"/>
</td>
<td>
<a href="/patent/NO2024051I1/en">
<span itemprop="representativePublication">NO2024051I1</span>
              (<span itemprop="primaryLanguage">en</span>)
            </a>
</td>
</tr>
</tbody>
</table>
<ul>
<li itemprop="applicationsByYear" itemscope="" repeat="">
<span itemprop="year">2024</span>
<ul>
<li itemprop="application" itemscope="" repeat="">
<span itemprop="filingDate">2024-11-25</span>
<span itemprop="countryCode">NO</span>
<span itemprop="applicationNumber">NO2024051C</span>
<a href="/patent/NO2024051I1/en"><span itemprop="documentId">patent/NO2024051I1/en</span></a>
<span itemprop="legalStatusCat">unknown</span>
<span itemprop="legalStatus"></span>
<span bool="" content="true" itemprop="thisApp"></span>
</li>
</ul>
</li>
</ul>
</section>
<section>
<h2>Similar Documents</h2>
<table>
<thead>
<tr>
<th>Publication</th>
<th>Publication Date</th>
<th>Title</th>
</tr>
</thead>
<tbody>
<tr itemprop="similarDocuments" itemscope="" repeat="">
<td>
<meta content="true" itemprop="isPatent"/>
<a href="/patent/KR102375262B9/en">
<span itemprop="publicationNumber">KR102375262B9</span>
                (<span itemprop="primaryLanguage">en</span>)
              </a>
</td>
<td>
<time datetime="2024-12-30" itemprop="publicationDate">2024-12-30</time>
</td>
<td itemprop="title">
        A pharmaceutical composition comprising sustained-release microspheres comprising a GLP-1 analogue, or a pharmaceutically acceptable salt thereof
       
       </td>
</tr>
<tr itemprop="similarDocuments" itemscope="" repeat="">
<td>
<meta content="true" itemprop="isPatent"/>
<a href="/patent/NL301177I2/en">
<span itemprop="publicationNumber">NL301177I2</span>
                (<span itemprop="primaryLanguage">en</span>)
              </a>
</td>
<td>
<time datetime="2022-08-23" itemprop="publicationDate">2022-08-23</time>
</td>
<td itemprop="title">
  tecovirimat or a pharmaceutically acceptable salt thereof
 
     </td>
</tr>
<tr itemprop="similarDocuments" itemscope="" repeat="">
<td>
<meta content="true" itemprop="isPatent"/>
<a href="/patent/NO2022032I1/en">
<span itemprop="publicationNumber">NO2022032I1</span>
                (<span itemprop="primaryLanguage">en</span>)
              </a>
</td>
<td>
<time datetime="2022-07-22" itemprop="publicationDate">2022-07-22</time>
</td>
<td itemprop="title">
  Elvitegravir or a pharmaceutically acceptable salt thereof - Extended SPC
 
     </td>
</tr>
<tr itemprop="similarDocuments" itemscope="" repeat="">
<td>
<meta content="true" itemprop="isPatent"/>
<a href="/patent/NO2015016I2/en">
<span itemprop="publicationNumber">NO2015016I2</span>
                (<span itemprop="primaryLanguage">en</span>)
              </a>
</td>
<td>
<time datetime="2015-07-09" itemprop="publicationDate">2015-07-09</time>
</td>
<td itemprop="title">
  Vorapaxar or a pharmaceutically acceptable salt or solvate thereof
 
     </td>
</tr>
<tr itemprop="similarDocuments" itemscope="" repeat="">
<td>
<meta content="true" itemprop="isPatent"/>
<a href="/patent/EP3974441A4/en">
<span itemprop="publicationNumber">EP3974441A4</span>
                (<span itemprop="primaryLanguage">en</span>)
              </a>
</td>
<td>
<time datetime="2023-10-18" itemprop="publicationDate">2023-10-18</time>
</td>
<td itemprop="title">
        NOVEL PEPTIDE COMPOUND OR PHARMACEUTICALLY ACCEPTABLE SALT THEREOF
       
       </td>
</tr>
<tr itemprop="similarDocuments" itemscope="" repeat="">
<td>
<meta content="true" itemprop="isPatent"/>
<a href="/patent/NO2024051I1/en">
<span itemprop="publicationNumber">NO2024051I1</span>
                (<span itemprop="primaryLanguage">en</span>)
              </a>
</td>
<td>
<time datetime="2024-11-25" itemprop="publicationDate">2024-11-25</time>
</td>
<td itemprop="title">
        Macitentan or a pharmaceutically acceptable salt thereof
       
     </td>
</tr>
<tr itemprop="similarDocuments" itemscope="" repeat="">
<td>
<meta content="true" itemprop="isPatent"/>
<a href="/patent/FIC20220050I1/en">
<span itemprop="publicationNumber">FIC20220050I1</span>
                (<span itemprop="primaryLanguage">en</span>)
              </a>
</td>
<td>
<time datetime="2022-12-15" itemprop="publicationDate">2022-12-15</time>
</td>
<td itemprop="title">
        Capmatinib or a pharmaceutically acceptable salt thereof
       
     </td>
</tr>
<tr itemprop="similarDocuments" itemscope="" repeat="">
<td>
<meta content="true" itemprop="isPatent"/>
<a href="/patent/EP4198021A4/en">
<span itemprop="publicationNumber">EP4198021A4</span>
                (<span itemprop="primaryLanguage">en</span>)
              </a>
</td>
<td>
<time datetime="2024-08-28" itemprop="publicationDate">2024-08-28</time>
</td>
<td itemprop="title">
        DONEPEZILETHER PALMITATE OR PHARMACEUTICALLY ACCEPTABLE SALT THEREOF
       
       </td>
</tr>
<tr itemprop="similarDocuments" itemscope="" repeat="">
<td>
<meta content="true" itemprop="isPatent"/>
<a href="/patent/NO2025020I1/en">
<span itemprop="publicationNumber">NO2025020I1</span>
                (<span itemprop="primaryLanguage">en</span>)
              </a>
</td>
<td>
<time datetime="2025-05-05" itemprop="publicationDate">2025-05-05</time>
</td>
<td itemprop="title">
        imetelstat, or a pharmaceutically acceptable salt thereof
       
     </td>
</tr>
<tr itemprop="similarDocuments" itemscope="" repeat="">
<td>
<meta content="true" itemprop="isPatent"/>
<a href="/patent/EP4149462A4/en">
<span itemprop="publicationNumber">EP4149462A4</span>
                (<span itemprop="primaryLanguage">en</span>)
              </a>
</td>
<td>
<time datetime="2024-04-24" itemprop="publicationDate">2024-04-24</time>
</td>
<td itemprop="title">
        ADMINISTRATION OF A GUT SELECTIVE JAK3 INHIBITOR
       
       </td>
</tr>
<tr itemprop="similarDocuments" itemscope="" repeat="">
<td>
<meta content="true" itemprop="isPatent"/>
<a href="/patent/FIC20200030I1/en">
<span itemprop="publicationNumber">FIC20200030I1</span>
                (<span itemprop="primaryLanguage">en</span>)
              </a>
</td>
<td>
<time datetime="2020-07-15" itemprop="publicationDate">2020-07-15</time>
</td>
<td itemprop="title">
  Chrysaborole, optionally in the form of a pharmaceutically acceptable salt
 
     </td>
</tr>
<tr itemprop="similarDocuments" itemscope="" repeat="">
<td>
<meta content="true" itemprop="isPatent"/>
<a href="/patent/FIC20190048I1/en">
<span itemprop="publicationNumber">FIC20190048I1</span>
                (<span itemprop="primaryLanguage">en</span>)
              </a>
</td>
<td>
<time datetime="2019-10-23" itemprop="publicationDate">2019-10-23</time>
</td>
<td itemprop="title">
  Lorlatinib or a pharmaceutically acceptable salt thereof
 
     </td>
</tr>
<tr itemprop="similarDocuments" itemscope="" repeat="">
<td>
<meta content="true" itemprop="isPatent"/>
<a href="/patent/FIC20190037I1/en">
<span itemprop="publicationNumber">FIC20190037I1</span>
                (<span itemprop="primaryLanguage">en</span>)
              </a>
</td>
<td>
<time datetime="2019-06-28" itemprop="publicationDate">2019-06-28</time>
</td>
<td itemprop="title">
  Lusutrombopag or a pharmaceutically acceptable salt or solvate thereof
 
     </td>
</tr>
<tr itemprop="similarDocuments" itemscope="" repeat="">
<td>
<meta content="true" itemprop="isPatent"/>
<a href="/patent/FIC20200034I1/en">
<span itemprop="publicationNumber">FIC20200034I1</span>
                (<span itemprop="primaryLanguage">en</span>)
              </a>
</td>
<td>
<time datetime="2020-08-13" itemprop="publicationDate">2020-08-13</time>
</td>
<td itemprop="title">
  A combination of (a) lumacaftor and (b) ivacaftor or a pharmaceutically acceptable salt of ivacaftor
 
     </td>
</tr>
<tr itemprop="similarDocuments" itemscope="" repeat="">
<td>
<meta content="true" itemprop="isPatent"/>
<a href="/patent/IL316033A/en">
<span itemprop="publicationNumber">IL316033A</span>
                (<span itemprop="primaryLanguage">en</span>)
              </a>
</td>
<td>
<time datetime="2024-11-01" itemprop="publicationDate">2024-11-01</time>
</td>
<td itemprop="title">
        A new preparation
       
       </td>
</tr>
<tr itemprop="similarDocuments" itemscope="" repeat="">
<td>
<meta content="true" itemprop="isPatent"/>
<a href="/patent/FIC20200033I1/en">
<span itemprop="publicationNumber">FIC20200033I1</span>
                (<span itemprop="primaryLanguage">en</span>)
              </a>
</td>
<td>
<time datetime="2020-08-11" itemprop="publicationDate">2020-08-11</time>
</td>
<td itemprop="title">
  Glasdegibi, optionally in the form of a pharmaceutically acceptable salt, including a maleate salt
 
     </td>
</tr>
<tr itemprop="similarDocuments" itemscope="" repeat="">
<td>
<meta content="true" itemprop="isPatent"/>
<a href="/patent/FIC20200019I1/en">
<span itemprop="publicationNumber">FIC20200019I1</span>
                (<span itemprop="primaryLanguage">en</span>)
              </a>
</td>
<td>
<time datetime="2020-06-12" itemprop="publicationDate">2020-06-12</time>
</td>
<td itemprop="title">
  Darolutamide optionally in the form of a pharmaceutically acceptable salt or ester thereof
 
     </td>
</tr>
<tr itemprop="similarDocuments" itemscope="" repeat="">
<td>
<meta content="true" itemprop="isPatent"/>
<a href="/patent/FIC20190056I1/en">
<span itemprop="publicationNumber">FIC20190056I1</span>
                (<span itemprop="primaryLanguage">en</span>)
              </a>
</td>
<td>
<time datetime="2019-12-13" itemprop="publicationDate">2019-12-13</time>
</td>
<td itemprop="title">
  talazoparib, optionally in the form of a pharmaceutically acceptable salt
 
     </td>
</tr>
<tr itemprop="similarDocuments" itemscope="" repeat="">
<td>
<meta content="true" itemprop="isPatent"/>
<a href="/patent/GB202107924D0/en">
<span itemprop="publicationNumber">GB202107924D0</span>
                (<span itemprop="primaryLanguage">en</span>)
              </a>
</td>
<td>
<time datetime="2021-07-21" itemprop="publicationDate">2021-07-21</time>
</td>
<td itemprop="title">A pharmaceutical salt 
     </td>
</tr>
<tr itemprop="similarDocuments" itemscope="" repeat="">
<td>
<meta content="true" itemprop="isPatent"/>
<a href="/patent/JP1805744S/en">
<span itemprop="publicationNumber">JP1805744S</span>
                (<span itemprop="primaryLanguage">en</span>)
              </a>
</td>
<td>
<time datetime="2025-08-08" itemprop="publicationDate">2025-08-08</time>
</td>
<td itemprop="title">
        Tumbler
       
     </td>
</tr>
<tr itemprop="similarDocuments" itemscope="" repeat="">
<td>
<meta content="true" itemprop="isPatent"/>
<a href="/patent/JP1805743S/en">
<span itemprop="publicationNumber">JP1805743S</span>
                (<span itemprop="primaryLanguage">en</span>)
              </a>
</td>
<td>
<time datetime="2025-08-08" itemprop="publicationDate">2025-08-08</time>
</td>
<td itemprop="title">
        Tumbler
       
     </td>
</tr>
<tr itemprop="similarDocuments" itemscope="" repeat="">
<td>
<meta content="true" itemprop="isPatent"/>
<a href="/patent/JP1806294S/en">
<span itemprop="publicationNumber">JP1806294S</span>
                (<span itemprop="primaryLanguage">en</span>)
              </a>
</td>
<td>
<time datetime="2025-08-18" itemprop="publicationDate">2025-08-18</time>
</td>
<td itemprop="title">
        Tumbler
       
     </td>
</tr>
<tr itemprop="similarDocuments" itemscope="" repeat="">
<td>
<meta content="true" itemprop="isPatent"/>
<a href="/patent/JP1806249S/en">
<span itemprop="publicationNumber">JP1806249S</span>
                (<span itemprop="primaryLanguage">en</span>)
              </a>
</td>
<td>
<time datetime="2025-08-15" itemprop="publicationDate">2025-08-15</time>
</td>
<td itemprop="title">
        Tumbler
       
     </td>
</tr>
<tr itemprop="similarDocuments" itemscope="" repeat="">
<td>
<meta content="true" itemprop="isPatent"/>
<a href="/patent/JP1806208S/en">
<span itemprop="publicationNumber">JP1806208S</span>
                (<span itemprop="primaryLanguage">en</span>)
              </a>
</td>
<td>
<time datetime="2025-08-15" itemprop="publicationDate">2025-08-15</time>
</td>
<td itemprop="title">
        Tumbler
       
     </td>
</tr>
<tr itemprop="similarDocuments" itemscope="" repeat="">
<td>
<meta content="true" itemprop="isPatent"/>
<a href="/patent/JP1796124S/en">
<span itemprop="publicationNumber">JP1796124S</span>
                (<span itemprop="primaryLanguage">en</span>)
              </a>
</td>
<td>
<time datetime="2025-04-15" itemprop="publicationDate">2025-04-15</time>
</td>
<td itemprop="title">
        Tumbler
       
     </td>
</tr>
</tbody>
</table>
</section>
</article>
</search-app>
<script></script>
<script src="//www.gstatic.com/feedback/api.js" type="text/javascript"></script>
<script src="//www.gstatic.com/feedback/js/help/prod/service/lazy.min.js" type="text/javascript"></script>
<script type="text/javascript">
      if (window.help && window.help.service) {
        helpApi = window.help.service.Lazy.create(0, {apiKey: 'AIzaSyDTEI_0tLX4varJ7bwK8aT-eOI5qr3BmyI', locale: 'en-US'});
        window.requestedSurveys = new Set();
        window.requestSurvey = function(triggerId) {
          if (window.requestedSurveys.has(triggerId)) {
            return;
          }
          window.requestedSurveys.add(triggerId);
          helpApi.requestSurvey({
            triggerId: triggerId,
            enableTestingMode: false,
            callback: (requestSurveyCallbackParam) => {
              if (!requestSurveyCallbackParam.surveyData) {
                return;
              }
              helpApi.presentSurvey({
                productData: {
                  productVersion: window.version,
                  customData: {
                    "experiments": "",
                  },
                },
                surveyData: requestSurveyCallbackParam.surveyData,
                colorScheme: 1,
                customZIndex: 10000,
              });
            }
          });
        };

        window.requestSurvey('YXTwAsvoW0kedxbuTdH0RArc9VhT');
      }
    </script>
<script src="/sw/null_loader.js"></script>
</body>
</html>

