错误: pubchem没有录入 '(Bn3)(CH3CN)Cu'
错误: pubchem没有录入 '(L(Bn3)Cu(CH3CN))ClO4'
错误: pubchem没有录入 '(iPr3)(CH3CN)Cu'
错误: pubchem没有录入 '(L(iPr3)Cu(CH3CN))(O3SCF3)'
成功写入'ozonide,cid = 11966307'
成功写入'1,4-dioxepan-2-one,cid = 10219408'
错误: pubchem没有录入 'maltonis'
错误: pubchem没有录入 '3MePhSox-Bz-4azaplus'
错误: pubchem没有录入 'BW 1370U87'
错误: pubchem没有录入 'Me(4)DBTA'
成功写入'RS 2039,cid = 3086320'
错误: pubchem没有录入 'bis(cinoxacinate)copper(II)'
成功写入'Cinobac,cid = 2762'
成功写入'Compound 64716,cid = 2762'
错误: pubchem没有录入 'LY 374388'
成功写入'OC000459,cid = 11462174'
成功写入'ASP7663,cid = 44232532'
成功写入'C 9001-GO,cid = 129462'
成功写入'FGIN 1-44,cid = 192613'
成功写入'mitochonic acid 5,cid = 76070959'
成功写入'4-chloroindole-3-acetate,cid = 21117514'
成功写入'5-chloroindole-3-acetate,cid = 150949'
成功写入'argiopinin III,cid = 189488'
成功写入'AR636,cid = 122294'
成功写入'N(1)-(n-butyl)-2,6,6-trimethyl-4-oxo-4,5,6,7-tetrahydroindole-3-acetic acid,cid = 129461'
成功写入'3-mercapto-5H-1,2,4-triazino(5,6-b)indole-5-acetic acid,cid = 685919'
错误: pubchem没有录入 'desproglumideproglumetacin maleate'
错误: pubchem没有录入 'SGK205'
错误: pubchem没有录入 '5-((1,8-diethyl-1,3,4,9-tetrahydropyrano(3,4-b)indole-1-yl)methyl)-4-methyl-2,4-dihydro-3H-1,2,4-triazole-3-thione'
错误: pubchem没有录入 '5-hydroxyetodolac'
错误: pubchem没有录入 '6-hydroxyetodolac glucuronide'
成功写入'AY-24,236,cid = 3308'
成功写入'etodolac glucuronide,cid = 71316689'
成功写入'Etodolac,cid = 3308'
成功写入'Etodolac,cid = 3308'
成功写入'Etodolac,cid = 3308'
成功写入'Etodolac,cid = 3308'
成功写入'Etodolac,cid = 3308'
成功写入'Etodolac,cid = 3308'
成功写入'Lodine,cid = 3308'
成功写入'Ramodar,cid = 3308'
成功写入'Ultradol,cid = 3308'
成功写入'NVP-QAW039,cid = 23582412'
成功写入'5-benzyloxyindole-3-acetic acid,cid = 96340'
成功写入'5-methoxyindoleacetic acid,cid = 18986'
成功写入'7-hydroxy-2-oxoindole-3-acetic acid 7'-O-glucopyranoside,cid = 125270'
成功写入'hydroxyindoleacetaldehyde,cid = 74688'
成功写入'iodoglycyltyrosine 5-hydroxyindole acetic acid,cid = 196060'
错误: pubchem没有录入 '1-(3''
成功写入'auxin amide,cid = 397'
成功写入'indole-3-acetamide,cid = 397'
错误: pubchem没有录入 'indoleacetate'
成功写入'indoleacetic acid,cid = 802'
成功写入'indoleacetic acid,cid = 802'
成功写入'indoleacetic acid,cid = 802'
成功写入'indoleacetic acid,cid = 802'
成功写入'indoleacetylaspartate,cid = 446620'
成功写入'indolyl-3-aspartic acid,cid = 446620'
成功写入'MK 410,cid = 6451644'
成功写入'MK 410,cid = 6451644'
成功写入'MK 410,cid = 6451644'
成功写入'MK 410,cid = 6451644'
成功写入'FGIN 1 27,cid = 132496'
成功写入'(7-(2,2-dimethylpropanamido)-4,6-dimethyl-1-octylindolin-5-yl)acetic acid hemisulfate,cid = 3081927'
成功写入'pactimibe sulfate,cid = 11953348'
错误: pubchem没有录入 'AY 23,289'
错误: pubchem没有录入 'Prodamox'
成功写入'proglumetacin maleate,cid = 5282193'
错误: pubchem没有录入 'Protaxil'
成功写入'Protaxon,cid = 5282193'
成功写入'S-(2-(1-carboxy-2-methylpropyl)isoindole-1-yl)-N-acetylcysteine,cid = 195480'
错误: pubchem没有录入 'secaloside B'
错误: pubchem没有录入 'secaloside D'
成功写入'1-((2-(4-(2-chlorophenyl)thiazol-2-yl)aminocarbonyl)indolyl)acetic acid,cid = 122077'
成功写入'Lintitript,cid = 122077'
成功写入'SR 27897B,cid = 122077'
错误: pubchem没有录入 '(1-benzyl-5-(4-(trifluoromethoxy)phenyl)-1H-indol-3-yl)(oxo)acetic acid'
成功写入'PAI 039,cid = 6450819'
错误: pubchem没有录入 '(2-(1-(3-methoxycarbonylmethyl-1H-indol-2-yl)-1-methylethyl)-1H-indol-3-yl)acetic acid methyl ester'
错误: pubchem没有录入 '(5-(3-(4-(biphenyl-4-ylcarbonyl)phenoxy)propoxy)-1H-indol-1-yl)acetic acid'
成功写入'(5-(benzyloxy)-1H-indol-1-yl)acetic acid,cid = 21906919'
成功写入'(6-chloro-2-(4-chlorobenzoyl)-1H-indol-3-yl)acetic acid,cid = 9798374'
错误: pubchem没有录入 '1,9-dimethyladenine-indole-3-acetic acid'
成功写入'1-(4-chlorobenzoyl)-5-hydroxy-2-methyl-3-indoleacetic acid,cid = 159665'
错误: pubchem没有录入 '1-(4-chlorobenzoyl)-5-methoxy-1H-indole-3-acetic acid morpholineamide'
成功写入'1-O-(2-oxoindol-3-ylacetyl)-beta-D-glucopyranose,cid = 102204473'
成功写入'1-O-indol-3-ylacetylglucose,cid = 440255'
错误: pubchem没有录入 '2-(1-(2-(2-methoxynaphthalen-6-yl)propanoyl)-1H-indol-2-yl)acetic acid'
错误: pubchem没有录入 '2-(2-(1H-indol-3-yl)acetamido)-N1-(5-(3-(4-(3-aminopropylamino)butylamino)propanamido)pentyl)succinamide'
错误: pubchem没有录入 '2-(5-(3-(6-benzoyl-1-propylnaphthalene-2-yloxy)propoxy)indol-1-yl)ethanoic acid'
成功写入'2-(indol-3-ylmethyl)indol-3-ylacetic acid,cid = 129287'
错误: pubchem没有录入 '2-methyl-indole-3-acetic acid'
成功写入'2-oxindole-3-acetic acid,cid = 3080590'
错误: pubchem没有录入 '3-phenyl-2-indolinon-1,3-diacetic acid amide'
成功写入'4,6-diethyl-1,3,4,5-tetrahydropyrano(4,3-b)indole-4-acetic acid,cid = 129773'
成功写入'4-trifluoromethylindole-3-acetic acid,cid = 34176016'
成功写入'4-ureidoetodolac,cid = 14146239'
错误: pubchem没有录入 '5-(1-(1-carboxy-2-mercaptoethylcarbamoyl)-2-(4-hydroxyphenyl)ethylamino)-4-(2-1H-indol-3-ylacetylamino)pentanoic acid'
成功写入'5-azido-1H-indole-3-acetic acid,cid = 3036163'
成功写入'5-Fluoroindole-3-acetic acid,cid = 96750'
成功写入'5-methoxy-methylindoleacetic acid,cid = 76151'
错误: pubchem没有录入 'alpha-(2,4-dimethylphenylethyl-2-oxo)indole-3-acetic acid'
错误: pubchem没有录入 'alpha-(phenylethyl-2-oxo)indole-3-acetic acid'
成功写入'apyramide,cid = 50204'
成功写入'argiotoxin 673,cid = 163873'
错误: pubchem没有录入 'Auxins'
成功写入'cinmethacin,cid = 6433761'
成功写入'clometacin,cid = 33176'
成功写入'indol-3-ylacetylinositol,cid = 152656'
错误: pubchem没有录入 'indol-3-ylacetylinositol galactoside'
错误: pubchem没有录入 'indolacin 5-fluorouracil-1-ylmethyl ester'
成功写入'indole-3-acetic acid ethyl ester,cid = 13067'
成功写入'indole-3-acetyl-epsilon-lysine,cid = 161240'
错误: pubchem没有录入 'indoleacetic acid falcarindiol ester'
成功写入'indolyl-3-acetic acid (1-phenyl-2,3-dimethyl-5-oxo-4- pyrazolyl) amide,cid = 191301'
成功写入'indolyl-3-acetic acid N-methyl-1-phenyl-2,3-dimethyl-,cid = 191302'
成功写入'lidorestat,cid = 157839'
成功写入'methyl 4-chloroindolyl-3-acetate,cid = 161268'
错误: pubchem没有录入 'methyl-1-benzyl-5-methoxy-1H-indole-3-acetate'
错误: pubchem没有录入 'methyl-3-indolylacetate'
错误: pubchem没有录入 'N-(3-indolacetyl)aspartic acid'
成功写入'N-(6-hydroxyindol-3-ylacetyl)-phenylalanine,cid = 16743554'
成功写入'N-(6-hydroxyindol-3-ylacetyl)-valine,cid = 16743553'
错误: pubchem没有录入 'N-(pyridin-4-yl)-(1-(4-fluorobenzyl)indol-3-yl)acetamide'
成功写入'N-beta-D-glucopyranosyl indole-3-acetic acid,cid = 16108205'
错误: pubchem没有录入 'N-cyclohexyl-2-((2-1H-indol-3-ylacetyl)-(4-isopropylphenyl)amino)-2-(3,4,5-trimethoxyphenyl)acetamide'
错误: pubchem没有录入 'N1-(5-(3-(4-(3-aminopropylamino)butylamino)propanamido)pentyl)-2-(2-(4-hydroxy-1H-indol-3-yl)acetamido)succinamide'
成功写入'pemedolac,cid = 6918042'
错误: pubchem没有录入 'RO 5066852'
成功写入'SC 49648,cid = 195696'
成功写入'SC 50132,cid = 195719'
成功写入'zidometacin,cid = 44179'
成功写入'BG 25,cid = 162884'
错误: pubchem没有录入 '1-butyl-isonicotinoylpiperidine dihydrochloride'
错误: pubchem没有录入 'BG 26'
成功写入'U 52267,cid = 169520'
成功写入'2,6-dichloroisonicotinic acid,cid = 94830'
成功写入'2,6-dichloroisonicotinic acid,cid = 94830'
成功写入'2,6-dichloroisonicotinic acid,cid = 94830'
成功写入'2,6-dichloroisonicotinic acid,cid = 94830'
成功写入'2,6-dichloroisonicotinic acid,cid = 94830'
错误: pubchem没有录入 '2-(18F)-fluoroisonicotinic acid hydrazide'
成功写入'3-amino-2-piperidone-6-carboxylic acid,cid = 6451836'
错误: pubchem没有录入 '3-nicotinoyl coumarin'
错误: pubchem没有录入 'N-(3-((1-isonicotinoylpiperidin-4-yl)oxy)-4-methylphenyl)-3-(trifluoromethyl)benzamide'
错误: pubchem没有录入 '2-(3-(2-Chloro-4-((5-cyclopropyl-3-(2,6-dichlorophenyl)-1,2-oxazol-4-yl)methoxy)phenyl)-3-hydroxy-1-azetidinyl)isonicotinic acid'
成功写入'Trecator,cid = 2761171'
成功写入'2-(3-(4-(7H-pyrrolo(2,3-d)pyrimidin-4-yl)-1H-pyrazol-1-yl)-1-(1-(3-fluoro-2-(trifluoromethyl)isonicotinoyl)piperidin-4-yl)azetidin-3-yl)acetonitrile,cid = 53380437'
错误: pubchem没有录入 'isoarecaidine propyl ester hydrochloride'
错误: pubchem没有录入 'isoguvacine hydrobromide'
成功写入'isoguvacine hydrochloride,cid = 155107'
错误: pubchem没有录入 '(N)1-acetylisoniazid monohydrochloride'
成功写入'4-Pyridinecarboxylic acid,cid = 5922'
成功写入'beta-methylmercaptopropionaldehyde isonicotinic acid hydrazone,cid = 9578242'
错误: pubchem没有录入 'Rifater'
成功写入'Trifazid,cid = 135483901'
成功写入'INHG-Na,cid = 23667552'
成功写入'L73A,cid = 3037188'
成功写入'methaniazide,cid = 3769'
成功写入'Neoiscotin,cid = 23691029'
错误: pubchem没有录入 'Fintosid'
错误: pubchem没有录入 'IQG-607'
成功写入'ferric pyridoxal isonicotinoyl hydrazone,cid = 135409539'
错误: pubchem没有录入 'Fe-salicylaldehyde isonicotinoylhydrazone'
成功写入'isazone,cid = 9574757'
成功写入'isozone,cid = 9574757'
成功写入'Thiazina,cid = 9574757'
错误: pubchem没有录入 '(N''
成功写入'1-isonicotinyl-2-lactosylhydrazine,cid = 9577318'
成功写入'1-isonicotinyl-2-nonanoyl hydrazine,cid = 90817352'
成功写入'2-hydroxy-1-naphthylaldehyde isonicotinoyl hydrazone,cid = 135400486'
成功写入'2-iodoisonicotinic acid hydrazide,cid = 121801'
成功写入'4-cyanobenzaldehyde isonicotinoylhydrazone monohydrate,cid = 139060063'
成功写入'acetylisoniazid,cid = 71602'
成功写入'aconiazide,cid = 6433573'
成功写入'cotrifazid,cid = 136170968'
成功写入'cupric isonicotinohydrazide,cid = 6452037'
错误: pubchem没有录入 'DBDY-(Gly-INH)2'
错误: pubchem没有录入 'dextrazide'
错误: pubchem没有录入 'diethylenetriamine-N'
错误: pubchem没有录入 'dioxazid'
错误: pubchem没有录入 'hemiamidal isoniazid'
成功写入'isoetam,cid = 90478660'
错误: pubchem没有录入 'isofon'
成功写入'Isonex,cid = 3767'
错误: pubchem没有录入 'isoniazid analogue JVA'
错误: pubchem没有录入 '(Bn3)(CH3CN)Cu'
错误: pubchem没有录入 '(L(Bn3)Cu(CH3CN))ClO4'
错误: pubchem没有录入 '(iPr3)(CH3CN)Cu'
错误: pubchem没有录入 '(L(iPr3)Cu(CH3CN))(O3SCF3)'
成功写入'ozonide,cid = 11966307'
成功写入'1,4-dioxepan-2-one,cid = 10219408'
错误: pubchem没有录入 'maltonis'
错误: pubchem没有录入 '3MePhSox-Bz-4azaplus'
错误: pubchem没有录入 'BW 1370U87'
错误: pubchem没有录入 'Me(4)DBTA'
成功写入'RS 2039,cid = 3086320'
错误: pubchem没有录入 'bis(cinoxacinate)copper(II)'
成功写入'Cinobac,cid = 2762'
成功写入'Compound 64716,cid = 2762'
错误: pubchem没有录入 'LY 374388'
成功写入'OC000459,cid = 11462174'
成功写入'ASP7663,cid = 44232532'
成功写入'C 9001-GO,cid = 129462'
成功写入'FGIN 1-44,cid = 192613'
成功写入'mitochonic acid 5,cid = 76070959'
成功写入'4-chloroindole-3-acetate,cid = 21117514'
成功写入'5-chloroindole-3-acetate,cid = 150949'
成功写入'argiopinin III,cid = 189488'
成功写入'AR636,cid = 122294'
成功写入'N(1)-(n-butyl)-2,6,6-trimethyl-4-oxo-4,5,6,7-tetrahydroindole-3-acetic acid,cid = 129461'
成功写入'3-mercapto-5H-1,2,4-triazino(5,6-b)indole-5-acetic acid,cid = 685919'
错误: pubchem没有录入 'desproglumideproglumetacin maleate'
错误: pubchem没有录入 'SGK205'
错误: pubchem没有录入 '5-((1,8-diethyl-1,3,4,9-tetrahydropyrano(3,4-b)indole-1-yl)methyl)-4-methyl-2,4-dihydro-3H-1,2,4-triazole-3-thione'
错误: pubchem没有录入 '5-hydroxyetodolac'
错误: pubchem没有录入 '6-hydroxyetodolac glucuronide'
成功写入'AY-24,236,cid = 3308'
成功写入'etodolac glucuronide,cid = 71316689'
成功写入'Etodolac,cid = 3308'
成功写入'Etodolac,cid = 3308'
成功写入'Etodolac,cid = 3308'
成功写入'Etodolac,cid = 3308'
成功写入'Etodolac,cid = 3308'
成功写入'Etodolac,cid = 3308'
成功写入'Lodine,cid = 3308'
成功写入'Ramodar,cid = 3308'
成功写入'Ultradol,cid = 3308'
成功写入'NVP-QAW039,cid = 23582412'
成功写入'5-benzyloxyindole-3-acetic acid,cid = 96340'
成功写入'5-methoxyindoleacetic acid,cid = 18986'
成功写入'7-hydroxy-2-oxoindole-3-acetic acid 7'-O-glucopyranoside,cid = 125270'
成功写入'hydroxyindoleacetaldehyde,cid = 74688'
成功写入'iodoglycyltyrosine 5-hydroxyindole acetic acid,cid = 196060'
错误: pubchem没有录入 '1-(3''
成功写入'auxin amide,cid = 397'
成功写入'indole-3-acetamide,cid = 397'
成功写入'indoleacetate,cid = 802'
成功写入'indoleacetic acid,cid = 802'
成功写入'indoleacetic acid,cid = 802'
成功写入'indoleacetic acid,cid = 802'
成功写入'indoleacetic acid,cid = 802'
成功写入'indoleacetylaspartate,cid = 446620'
成功写入'indolyl-3-aspartic acid,cid = 446620'
成功写入'MK 410,cid = 6451644'
成功写入'MK 410,cid = 6451644'
成功写入'MK 410,cid = 6451644'
成功写入'MK 410,cid = 6451644'
成功写入'FGIN 1 27,cid = 132496'
成功写入'(7-(2,2-dimethylpropanamido)-4,6-dimethyl-1-octylindolin-5-yl)acetic acid hemisulfate,cid = 3081927'
成功写入'pactimibe sulfate,cid = 11953348'
错误: pubchem没有录入 'AY 23,289'
