https://patents.google.com/patent/WO2005009359A3/en?oq=WO2005009359A3:
<!DOCTYPE html>
<html lang="en">
<head>
<title>WO2005009359A3 - Agents, compositions and methods for enhancing neurological function 
        - Google Patents</title>
<meta content="width=device-width, initial-scale=1" name="viewport"/>
<meta charset="utf-8"/>
<meta content="origin-when-crossorigin" name="referrer"/>
<link href="https://patents.google.com/patent/WO2005009359A3/en" rel="canonical"/>
<meta content="
     Neuro-enhancing agents, compositions and methods are disclosed herein. Preferred neuro-enhancing agents of the present invention include progesterone and metabolites of progesterone, such as 3α-hydroxy-5α-pregnan-20-one (THP). These agents yield neuro-enhancing effects on neural cells that include neural progenitor and/or stem cells, whereby the agents stimulate mitosis of neural progenitor cells, stimulate neurite growth and organization, protect against neural loss, or one or more of these neural processes. Thus, the neuro-enhancing agents, compositions and methods disclosed herein are useful to reverse or prevent neurological disease or defects associated with neural loss or degeneration., such as Alzheimer's disease, neurological injuries, including injuries resulting from radiation therapy, and age-related neurological decline, including impairments in memory and learning. 
   
   " name="description"/>
<meta content="patent" name="DC.type"/>
<meta content="Agents, compositions and methods for enhancing neurological function 
       " name="DC.title"/>
<meta content="2004-07-15" name="DC.date" scheme="dateSubmitted"/>
<meta content="
     Neuro-enhancing agents, compositions and methods are disclosed herein. Preferred neuro-enhancing agents of the present invention include progesterone and metabolites of progesterone, such as 3α-hydroxy-5α-pregnan-20-one (THP). These agents yield neuro-enhancing effects on neural cells that include neural progenitor and/or stem cells, whereby the agents stimulate mitosis of neural progenitor cells, stimulate neurite growth and organization, protect against neural loss, or one or more of these neural processes. Thus, the neuro-enhancing agents, compositions and methods disclosed herein are useful to reverse or prevent neurological disease or defects associated with neural loss or degeneration., such as Alzheimer's disease, neurological injuries, including injuries resulting from radiation therapy, and age-related neurological decline, including impairments in memory and learning. 
   
   " name="DC.description"/>
<meta content="PC:T/US2004/022900" name="citation_patent_application_number"/>
<meta content="https://patentimages.storage.googleapis.com/88/40/06/eec7ae4c9c25c2/WO2005009359A3.pdf" name="citation_pdf_url"/>
<meta content="WO:2005009359:A3" name="citation_patent_publication_number"/>
<meta content="2007-01-04" name="DC.date"/>
<meta content="Roberta Diaz Brinton" name="DC.contributor" scheme="inventor"/>
<meta content="Jun Ming Wang" name="DC.contributor" scheme="inventor"/>
<meta content="Liquin Zhao" name="DC.contributor" scheme="inventor"/>
<meta content="Roberta Diaz Brinton" name="DC.contributor" scheme="assignee"/>
<meta content="Jun Ming Wang" name="DC.contributor" scheme="assignee"/>
<meta content="Liquin Zhao" name="DC.contributor" scheme="assignee"/>
<meta content='FRYE C.A. ET AL.: "Anti-seizure effects of Progesterone and 3alpha,5alpha-THP in kainic acid and perforant pathway models of epilepsy", PSYCHONEUROENDOCRINOLOGY, vol. 25, 2000, pages 407 - 420, XP003006518' name="citation_reference" scheme="references"/>
<link href="https://fonts.googleapis.com/css?family=Roboto:400,400italic,500,500italic,700" rel="stylesheet"/>
<link href="https://fonts.googleapis.com/css?family=Product+Sans" rel="stylesheet"/>
<link href="https://fonts.googleapis.com/css2?family=Google+Sans:wght@400;500;700" rel="stylesheet"/>
<style>
      
      #gb { top: 15px; left: auto; right: 0; width: auto; min-width: 135px !important; }   
      body { transition: none; }
    </style>
<script></script>
<script>
      window.version = 'patent-search.search_20250707_RC00';

      function sendFeedback() {
        userfeedback.api.startFeedback({
          'productId': '713680',
          'bucket': 'patent-search-web',
          'productVersion': window.version,
        });
      }

      window.experiments = {};
      window.experiments.patentCountries = "ae,ag,al,am,ao,ap,ar,at,au,aw,az,ba,bb,bd,be,bf,bg,bh,bj,bn,bo,br,bw,bx,by,bz,ca,cf,cg,ch,ci,cl,cm,cn,co,cr,cs,cu,cy,cz,dd,de,dj,dk,dm,do,dz,ea,ec,ee,eg,em,ep,es,fi,fr,ga,gb,gc,gd,ge,gh,gm,gn,gq,gr,gt,gw,hk,hn,hr,hu,ib,id,ie,il,in,ir,is,it,jo,jp,ke,kg,kh,km,kn,kp,kr,kw,kz,la,lc,li,lk,lr,ls,lt,lu,lv,ly,ma,mc,md,me,mg,mk,ml,mn,mo,mr,mt,mw,mx,my,mz,na,ne,ng,ni,nl,no,nz,oa,om,pa,pe,pg,ph,pl,pt,py,qa,ro,rs,ru,rw,sa,sc,sd,se,sg,si,sk,sl,sm,sn,st,su,sv,sy,sz,td,tg,th,tj,tm,tn,tr,tt,tw,tz,ua,ug,us,uy,uz,vc,ve,vn,wo,yu,za,zm,zw";
      
      
      window.experiments.keywordWizard = true;
      
      
      
      window.experiments.definitions = true;
      window.experiments.plogs = true;

      window.Polymer = {
        dom: 'shady',
        lazyRegister: true,
      };
    </script>
<script src="//www.gstatic.com/patent-search/frontend/patent-search.search_20250707_RC00/scs/compiled_dir/webcomponentsjs/webcomponents-lite.min.js"></script>
<link href="//www.gstatic.com/patent-search/frontend/patent-search.search_20250707_RC00/scs/compiled_dir/search-app-vulcanized.html" rel="import"/>
</head>
<body unresolved="">
<script></script>
<script src="//www.gstatic.com/patent-search/frontend/patent-search.search_20250707_RC00/scs/compiled_dir/search-app-vulcanized.js"></script>
<search-app>
<article class="result" itemscope="" itemtype="http://schema.org/ScholarlyArticle">
<h1 itemprop="pageTitle">WO2005009359A3 - Agents, compositions and methods for enhancing neurological function 
        - Google Patents</h1>
<span itemprop="title">Agents, compositions and methods for enhancing neurological function 
       </span>
<meta content="patent" itemprop="type"/>
<a href="https://patentimages.storage.googleapis.com/88/40/06/eec7ae4c9c25c2/WO2005009359A3.pdf" itemprop="pdfLink">Download PDF</a>
<h2>Info</h2>
<dl>
<dt>Publication number</dt>
<dd itemprop="publicationNumber">WO2005009359A3</dd>
<meta content="2005009359" itemprop="numberWithoutCodes"/>
<meta content="A3" itemprop="kindCode"/>
<meta content="Later publication of ISR with revised front page" itemprop="publicationDescription"/>
<span>WO2005009359A3</span>
<span>PCT/US2004/022900</span>
<span>US2004022900W</span>
<span>WO2005009359A3</span>
<span>WO 2005009359 A3</span>
<span>WO2005009359 A3</span>
<span>WO 2005009359A3</span>
<span> </span>
<span> </span>
<span> </span>
<span>US 2004022900 W</span>
<span>US2004022900 W</span>
<span>US 2004022900W</span>
<span>WO 2005009359 A3</span>
<span>WO2005009359 A3</span>
<span>WO 2005009359A3</span>
<dt>Authority</dt>
<dd itemprop="countryCode">WO</dd>
<dd itemprop="countryName">WIPO (PCT)</dd>
<dt>Prior art keywords</dt>
<dd itemprop="priorArtKeywords" repeat="">agents</dd>
<dd itemprop="priorArtKeywords" repeat="">neural</dd>
<dd itemprop="priorArtKeywords" repeat="">neuro</dd>
<dd itemprop="priorArtKeywords" repeat="">compositions</dd>
<dd itemprop="priorArtKeywords" repeat="">methods</dd>
<dt>Prior art date</dt>
<dd><time datetime="2003-07-15" itemprop="priorArtDate">2003-07-15</time></dd>
</dl>
<dt>Application number</dt>
<dd itemprop="applicationNumber">PCT/US2004/022900</dd>
<dt>Other languages</dt>
<dd itemprop="otherLanguages" itemscope="" repeat="">
<a href="/patent/WO2005009359A3/fr">
<span itemprop="name">French</span> (<span itemprop="code">fr</span>)
    </a>
</dd>
<dt>Other versions</dt>
<dd itemprop="directAssociations" itemscope="" repeat="">
<a href="/patent/WO2005009359A2/en">
<span itemprop="publicationNumber">WO2005009359A2</span>
      (<span itemprop="primaryLanguage">en</span>
</a>
</dd>
<dt>Inventor</dt>
<dd itemprop="inventor" repeat="">Roberta Diaz Brinton</dd>
<dd itemprop="inventor" repeat="">Jun Ming Wang</dd>
<dd itemprop="inventor" repeat="">Liquin Zhao</dd>
<dt>Original Assignee</dt>
<dd itemprop="assigneeOriginal" repeat="">Roberta Diaz Brinton</dd>
<dd itemprop="assigneeOriginal" repeat="">Jun Ming Wang</dd>
<dd itemprop="assigneeOriginal" repeat="">Liquin Zhao</dd>
<dt>Priority date (The priority date is an assumption and is not a legal conclusion. Google has not performed a legal analysis and makes no representation as to the accuracy of the date listed.)</dt>
<dd><time datetime="2003-07-15" itemprop="priorityDate">2003-07-15</time></dd>
<dt>Filing date</dt>
<dd><time datetime="2004-07-15" itemprop="filingDate">2004-07-15</time></dd>
<dt>Publication date</dt>
<dd><time datetime="2007-01-04" itemprop="publicationDate">2007-01-04</time></dd>
<dd itemprop="events" itemscope="" repeat="">
<time datetime="2004-07-15" itemprop="date">2004-07-15</time>
<span itemprop="title">Application filed by Roberta Diaz Brinton, Jun Ming Wang, Liquin Zhao</span>
<span itemprop="type">filed</span>
<span bool="" content="true" itemprop="critical">Critical</span>
<span itemprop="assigneeSearch">Roberta Diaz Brinton</span>
</dd>
<dd itemprop="events" itemscope="" repeat="">
<time datetime="2005-02-03" itemprop="date">2005-02-03</time>
<span itemprop="title">Publication of WO2005009359A2</span>
<span itemprop="type">publication</span>
<span bool="" content="true" itemprop="critical">Critical</span>
<span itemprop="documentId">patent/WO2005009359A2/en</span>
</dd>
<dd itemprop="events" itemscope="" repeat="">
<time datetime="2007-01-04" itemprop="date">2007-01-04</time>
<span itemprop="title">Publication of WO2005009359A3</span>
<span itemprop="type">publication</span>
<span bool="" content="true" itemprop="critical">Critical</span>
<span itemprop="documentId">patent/WO2005009359A3/en</span>
</dd>
<h2>Links</h2>
<ul>
<li itemprop="links" itemscope="" repeat="">
<meta content="espacenetLink" itemprop="id"/>
<a href="https://worldwide.espacenet.com/publicationDetails/biblio?CC=WO&amp;NR=2005009359A3&amp;KC=A3&amp;FT=D" itemprop="url" target="_blank"><span itemprop="text">Espacenet</span></a>
</li>
<li itemprop="links" itemscope="" repeat="">
<meta content="globalDossierLink" itemprop="id"/>
<a href="https://globaldossier.uspto.gov/result/application/WIPO/PCTUS2004022900/1" itemprop="url" target="_blank"><span itemprop="text">Global Dossier</span></a>
</li>
<li itemprop="links" itemscope="" repeat="">
<meta content="patentscopeLink" itemprop="id"/>
<a href="https://patentscope.wipo.int/search/en/WO2005009359" itemprop="url" target="_blank"><span itemprop="text">PatentScope</span></a>
</li>
<li itemprop="links" itemscope="" repeat="">
<meta content="stackexchangeLink" itemprop="id"/>
<a href="https://patents.stackexchange.com/questions/tagged/WO2005009359A3" itemprop="url"><span itemprop="text">Discuss</span></a>
</li>
</ul>
<section>
<h2>Classifications</h2>
<ul>
<li>
<ul itemprop="classifications" itemscope="" repeat="">
<li itemprop="classifications" itemscope="" repeat="">
<span itemprop="Code">A</span>—<span itemprop="Description">HUMAN NECESSITIES</span>
<meta content="true" itemprop="IsCPC"/>
</li>
<li itemprop="classifications" itemscope="" repeat="">
<span itemprop="Code">A61</span>—<span itemprop="Description">MEDICAL OR VETERINARY SCIENCE; HYGIENE</span>
<meta content="true" itemprop="IsCPC"/>
</li>
<li itemprop="classifications" itemscope="" repeat="">
<span itemprop="Code">A61K</span>—<span itemprop="Description">PREPARATIONS FOR MEDICAL, DENTAL OR TOILETRY PURPOSES</span>
<meta content="true" itemprop="IsCPC"/>
</li>
<li itemprop="classifications" itemscope="" repeat="">
<span itemprop="Code">A61K31/00</span>—<span itemprop="Description">Medicinal preparations containing organic active ingredients</span>
<meta content="true" itemprop="IsCPC"/>
</li>
<li itemprop="classifications" itemscope="" repeat="">
<span itemprop="Code">A61K31/56</span>—<span itemprop="Description">Compounds containing cyclopenta[a]hydrophenanthrene ring systems; Derivatives thereof, e.g. steroids</span>
<meta content="true" itemprop="Leaf"/><meta content="true" itemprop="FirstCode"/><meta content="true" itemprop="IsCPC"/>
</li>
</ul>
</li>
</ul>
</section>
<section>
<h2>Landscapes</h2>
<ul>
<li itemprop="landscapes" itemscope="" repeat="">
<span itemprop="name">Health &amp; Medical Sciences</span>
        (<span itemprop="type">AREA</span>)
      </li>
<li itemprop="landscapes" itemscope="" repeat="">
<span itemprop="name">Chemical &amp; Material Sciences</span>
        (<span itemprop="type">AREA</span>)
      </li>
<li itemprop="landscapes" itemscope="" repeat="">
<span itemprop="name">Medicinal Chemistry</span>
        (<span itemprop="type">AREA</span>)
      </li>
<li itemprop="landscapes" itemscope="" repeat="">
<span itemprop="name">Pharmacology &amp; Pharmacy</span>
        (<span itemprop="type">AREA</span>)
      </li>
<li itemprop="landscapes" itemscope="" repeat="">
<span itemprop="name">Epidemiology</span>
        (<span itemprop="type">AREA</span>)
      </li>
<li itemprop="landscapes" itemscope="" repeat="">
<span itemprop="name">Life Sciences &amp; Earth Sciences</span>
        (<span itemprop="type">AREA</span>)
      </li>
<li itemprop="landscapes" itemscope="" repeat="">
<span itemprop="name">Animal Behavior &amp; Ethology</span>
        (<span itemprop="type">AREA</span>)
      </li>
<li itemprop="landscapes" itemscope="" repeat="">
<span itemprop="name">General Health &amp; Medical Sciences</span>
        (<span itemprop="type">AREA</span>)
      </li>
<li itemprop="landscapes" itemscope="" repeat="">
<span itemprop="name">Public Health</span>
        (<span itemprop="type">AREA</span>)
      </li>
<li itemprop="landscapes" itemscope="" repeat="">
<span itemprop="name">Veterinary Medicine</span>
        (<span itemprop="type">AREA</span>)
      </li>
<li itemprop="landscapes" itemscope="" repeat="">
<span itemprop="name">Pharmaceuticals Containing Other Organic And Inorganic Compounds</span>
        (<span itemprop="type">AREA</span>)
      </li>
<li itemprop="landscapes" itemscope="" repeat="">
<span itemprop="name">Medicines That Contain Protein Lipid Enzymes And Other Medicines</span>
        (<span itemprop="type">AREA</span>)
      </li>
</ul>
</section>
<section itemprop="abstract" itemscope="">
<h2>Abstract</h2>
<div html="" itemprop="content"><abstract lang="EN" load-source="patent-office" mxw-id="PA69963569">
<div class="abstract">Neuro-enhancing agents, compositions and methods are disclosed herein. Preferred neuro-enhancing agents of the present invention include progesterone and metabolites of progesterone, such as 3α-hydroxy-5α-pregnan-20-one (THP). These agents yield neuro-enhancing effects on neural cells that include neural progenitor and/or stem cells, whereby the agents stimulate mitosis of neural progenitor cells, stimulate neurite growth and organization, protect against neural loss, or one or more of these neural processes. Thus, the neuro-enhancing agents, compositions and methods disclosed herein are useful to reverse or prevent neurological disease or defects associated with neural loss or degeneration., such as Alzheimer's disease, neurological injuries, including injuries resulting from radiation therapy, and age-related neurological decline, including impairments in memory and learning.</div>
</abstract>
</div>
</section>
<section itemprop="application" itemscope="">
<section itemprop="metadata" itemscope="">
<span itemprop="applicationNumber">PCT/US2004/022900</span>
<span itemprop="priorityDate">2003-07-15</span>
<span itemprop="filingDate">2004-07-15</span>
<span itemprop="title">Agents, compositions and methods for enhancing neurological function 
       </span>
<a href="/patent/WO2005009359A2/en">
<span itemprop="representativePublication">WO2005009359A2</span>
        (<span itemprop="primaryLanguage">en</span>)
      </a>
</section>
<h2>Applications Claiming Priority (2)</h2>
<table>
<thead>
<tr>
<th>Application Number</th>
<th>Priority Date</th>
<th>Filing Date</th>
<th>Title</th>
</tr>
</thead>
<tbody>
<tr itemprop="appsClaimingPriority" itemscope="" repeat="">
<td>
<span itemprop="applicationNumber">US48768803P</span>
</td>
<td itemprop="priorityDate">2003-07-15</td>
<td itemprop="filingDate">2003-07-15</td>
<td itemprop="title"></td>
</tr>
<tr itemprop="appsClaimingPriority" itemscope="" repeat="">
<td>
<span itemprop="applicationNumber">US60/487,688</span>
</td>
<td itemprop="priorityDate"></td>
<td itemprop="filingDate">2003-07-15</td>
<td itemprop="title"></td>
</tr>
</tbody>
</table>
<h2>Publications (2)</h2>
<table>
<thead>
<tr>
<th>Publication Number</th>
<th>Publication Date</th>
</tr>
</thead>
<tbody>
<tr itemprop="pubs" itemscope="" repeat="">
<td>
<span itemprop="publicationNumber">WO2005009359A2</span>
<a href="/patent/WO2005009359A2/en">
              WO2005009359A2
              (<span itemprop="primaryLanguage">en</span>)
            </a>
</td>
<td itemprop="publicationDate">2005-02-03</td>
</tr>
<tr itemprop="pubs" itemscope="" repeat="">
<td>
<span itemprop="publicationNumber">WO2005009359A3</span>
<span itemprop="thisPatent">true</span>
<a href="/patent/WO2005009359A3/en">
              WO2005009359A3
              (<span itemprop="primaryLanguage">en</span>)
            </a>
</td>
<td itemprop="publicationDate">2007-01-04</td>
</tr>
</tbody>
</table>
</section>
<section itemprop="family" itemscope="">
<h1>Family</h1>
<h2>ID=34102712</h2>
<h2>Family Applications (1)</h2>
<table>
<thead>
<tr>
<th>Application Number</th>
<th>Title</th>
<th>Priority Date</th>
<th>Filing Date</th>
</tr>
</thead>
<tbody>
<tr itemprop="applications" itemscope="" repeat="">
<td>
<span itemprop="applicationNumber">PCT/US2004/022900</span>
<a href="/patent/WO2005009359A2/en">
<span itemprop="representativePublication">WO2005009359A2</span>
                (<span itemprop="primaryLanguage">en</span>)
            </a>
</td>
<td itemprop="priorityDate">2003-07-15</td>
<td itemprop="filingDate">2004-07-15</td>
<td itemprop="title">Agents, compositions and methods for enhancing neurological function 
       </td>
</tr>
</tbody>
</table>
<h2>Country Status (1)</h2>
<table>
<thead>
<tr>
<th>Country</th>
<th>Link</th>
</tr>
</thead>
<tbody>
<tr itemprop="countryStatus" itemscope="" repeat="">
<td>
<span itemprop="countryCode">WO</span>
            (<span itemprop="num">1</span>)
            <meta content="true" itemprop="thisCountry"/>
</td>
<td>
<a href="/patent/WO2005009359A2/en">
<span itemprop="representativePublication">WO2005009359A2</span>
              (<span itemprop="primaryLanguage">en</span>)
            </a>
</td>
</tr>
</tbody>
</table>
<h2>Families Citing this family (5)</h2>
<table>
<caption>* Cited by examiner, † Cited by third party</caption>
<thead>
<tr>
<th>Publication number</th>
<th>Priority date</th>
<th>Publication date</th>
<th>Assignee</th>
<th>Title</th>
</tr>
</thead>
<tbody>
<tr itemprop="forwardReferencesFamily" itemscope="" repeat="">
<td>
<a href="/patent/JP2005514926A/en">
<span itemprop="publicationNumber">JP2005514926A</span>
              (<span itemprop="primaryLanguage">en</span>)
            </a>
</td>
<td itemprop="priorityDate">2002-01-14</td>
<td itemprop="publicationDate">2005-05-26</td>
<td><span itemprop="assigneeOriginal">ザ・ボード・オブ・トラスティーズ・オブ・ザ・ユニバーシティ・オブ・イリノイ</span></td>
<td itemprop="title">
        Novel mammalian multipotent stem cells and compositions, methods for their preparation and administration
       
     </td>
</tr>
<tr itemprop="forwardReferencesFamily" itemscope="" repeat="">
<td>
<a href="/patent/US20100204192A1/en">
<span itemprop="publicationNumber">US20100204192A1</span>
              (<span itemprop="primaryLanguage">en</span>)
            </a>
</td>
<td itemprop="priorityDate">2007-06-11</td>
<td itemprop="publicationDate">2010-08-12</td>
<td><span itemprop="assigneeOriginal">University Of Sourthern California</span></td>
<td itemprop="title">Agents, compositions and methods for enhancing neurological function 
       </td>
</tr>
<tr itemprop="forwardReferencesFamily" itemscope="" repeat="">
<td>
<a href="/patent/EP2167098B1/en">
<span itemprop="publicationNumber">EP2167098B1</span>
              (<span itemprop="primaryLanguage">en</span>)
            </a>
<span itemprop="examinerCited">*</span>
</td>
<td itemprop="priorityDate">2007-06-11</td>
<td itemprop="publicationDate">2018-09-05</td>
<td><span itemprop="assigneeOriginal">University Of Southern California</span></td>
<td itemprop="title">Allopregnanolone in a method for enhancing neurological function (alzheimer disease) 
       </td>
</tr>
<tr itemprop="forwardReferencesFamily" itemscope="" repeat="">
<td>
<a href="/patent/US20110135611A1/en">
<span itemprop="publicationNumber">US20110135611A1</span>
              (<span itemprop="primaryLanguage">en</span>)
            </a>
<span itemprop="examinerCited">*</span>
</td>
<td itemprop="priorityDate">2009-12-03</td>
<td itemprop="publicationDate">2011-06-09</td>
<td><span itemprop="assigneeOriginal">The J. David Gladstone Institutes</span></td>
<td itemprop="title">Methods for treating apolipoprotein e4-associated disorders 
       </td>
</tr>
<tr itemprop="forwardReferencesFamily" itemscope="" repeat="">
<td>
<a href="/patent/US20110135613A1/en">
<span itemprop="publicationNumber">US20110135613A1</span>
              (<span itemprop="primaryLanguage">en</span>)
            </a>
<span itemprop="examinerCited">*</span>
</td>
<td itemprop="priorityDate">2009-12-03</td>
<td itemprop="publicationDate">2011-06-09</td>
<td><span itemprop="assigneeOriginal">The J. David Gladstone Institutes</span></td>
<td itemprop="title">Methods for treating apolipoprotein e4-associated disorders 
       </td>
</tr>
</tbody>
</table>
<ul>
<li itemprop="applicationsByYear" itemscope="" repeat="">
<span itemprop="year">2004</span>
<ul>
<li itemprop="application" itemscope="" repeat="">
<span itemprop="filingDate">2004-07-15</span>
<span itemprop="countryCode">WO</span>
<span itemprop="applicationNumber">PCT/US2004/022900</span>
<a href="/patent/WO2005009359A2/en"><span itemprop="documentId">patent/WO2005009359A2/en</span></a>
<span itemprop="legalStatusCat">active</span>
<span itemprop="legalStatus">Application Filing</span>
<span bool="" content="true" itemprop="thisApp"></span>
</li>
</ul>
</li>
</ul>
</section>
<section>
<h2>Non-Patent Citations (1)</h2>
<table>
<caption>* Cited by examiner, † Cited by third party</caption>
<thead>
<tr>
<th>Title</th>
</tr>
</thead>
<tbody>
<tr itemprop="detailedNonPatentLiterature" itemscope="" repeat="">
<td>
<span itemprop="title">FRYE C.A. ET AL.: "<a href='http://scholar.google.com/scholar?q="Anti-seizure+effects+of+Progesterone+and+3alpha%2C5alpha-THP+in+kainic+acid+and+perforant+pathway+models+of+epilepsy"'>Anti-seizure effects of Progesterone and 3alpha,5alpha-THP in kainic acid and perforant pathway models of epilepsy</a>", PSYCHONEUROENDOCRINOLOGY, vol. 25, 2000, pages 407 - 420, XP003006518</span>
<span itemprop="examinerCited">*</span>
</td>
</tr>
</tbody>
</table>
</section>
<section>
<h2>Also Published As</h2>
<table>
<thead>
<tr>
<th>Publication number</th>
<th>Publication date</th>
</tr>
</thead>
<tbody>
<tr itemprop="docdbFamily" itemscope="" repeat="">
<td>
<a href="/patent/WO2005009359A2/en">
<span itemprop="publicationNumber">WO2005009359A2</span>
              (<span itemprop="primaryLanguage">en</span>)
            </a>
</td>
<td itemprop="publicationDate">2005-02-03</td>
</tr>
</tbody>
</table>
</section>
<section>
<h2>Similar Documents</h2>
<table>
<thead>
<tr>
<th>Publication</th>
<th>Publication Date</th>
<th>Title</th>
</tr>
</thead>
<tbody>
<tr itemprop="similarDocuments" itemscope="" repeat="">
<td>
<meta content="true" itemprop="isPatent"/>
<a href="/patent/MX2007007032A/en">
<span itemprop="publicationNumber">MX2007007032A</span>
                (<span itemprop="primaryLanguage">en</span>)
              </a>
</td>
<td>
<time datetime="2007-07-04" itemprop="publicationDate">2007-07-04</time>
</td>
<td itemprop="title">Aminopyrimidine compounds and methods of use. 
       </td>
</tr>
<tr itemprop="similarDocuments" itemscope="" repeat="">
<td>
<meta content="true" itemprop="isPatent"/>
<a href="/patent/AP2002002596A0/en">
<span itemprop="publicationNumber">AP2002002596A0</span>
                (<span itemprop="primaryLanguage">en</span>)
              </a>
</td>
<td>
<time datetime="2002-09-30" itemprop="publicationDate">2002-09-30</time>
</td>
<td itemprop="title">Piperazine and piperidine derivatives. 
     </td>
</tr>
<tr itemprop="similarDocuments" itemscope="" repeat="">
<td>
<meta content="true" itemprop="isPatent"/>
<a href="/patent/ATE381935T1/en">
<span itemprop="publicationNumber">ATE381935T1</span>
                (<span itemprop="primaryLanguage">en</span>)
              </a>
</td>
<td>
<time datetime="2008-01-15" itemprop="publicationDate">2008-01-15</time>
</td>
<td itemprop="title">
  USE OF TRIACETYLURIDINE TO TREAT MITOCHONDRIAL DISEASES
 
     </td>
</tr>
<tr itemprop="similarDocuments" itemscope="" repeat="">
<td>
<meta content="true" itemprop="isPatent"/>
<a href="/patent/HK1044545A1/en">
<span itemprop="publicationNumber">HK1044545A1</span>
                (<span itemprop="primaryLanguage">en</span>)
              </a>
</td>
<td>
<time datetime="2002-10-25" itemprop="publicationDate">2002-10-25</time>
</td>
<td itemprop="title">Human beta-secretase enzyme, inhibitors and their compositions and uses 
       </td>
</tr>
<tr itemprop="similarDocuments" itemscope="" repeat="">
<td>
<meta content="true" itemprop="isPatent"/>
<a href="/patent/WO2001009118A3/en">
<span itemprop="publicationNumber">WO2001009118A3</span>
                (<span itemprop="primaryLanguage">en</span>)
              </a>
</td>
<td>
<time datetime="2001-11-22" itemprop="publicationDate">2001-11-22</time>
</td>
<td itemprop="title">Dithiolthione compounds for the treatment of neurological disorders and for memory enhancement 
       </td>
</tr>
<tr itemprop="similarDocuments" itemscope="" repeat="">
<td>
<meta content="true" itemprop="isPatent"/>
<a href="/patent/SI1594833T1/en">
<span itemprop="publicationNumber">SI1594833T1</span>
                (<span itemprop="primaryLanguage">en</span>)
              </a>
</td>
<td>
<time datetime="2008-12-31" itemprop="publicationDate">2008-12-31</time>
</td>
<td itemprop="title">1-phenylalkanecarboxylic acid derivatives for the treatment of neurodegenerative diseases 
       </td>
</tr>
<tr itemprop="similarDocuments" itemscope="" repeat="">
<td>
<meta content="true" itemprop="isPatent"/>
<a href="/patent/WO2005123048A3/en">
<span itemprop="publicationNumber">WO2005123048A3</span>
                (<span itemprop="primaryLanguage">en</span>)
              </a>
</td>
<td>
<time datetime="2006-03-30" itemprop="publicationDate">2006-03-30</time>
</td>
<td itemprop="title">Screening methods using c-abl, fyn and syk in combination with tau protein 
       </td>
</tr>
<tr itemprop="similarDocuments" itemscope="" repeat="">
<td>
<meta content="true" itemprop="isPatent"/>
<a href="/patent/AU4331400A/en">
<span itemprop="publicationNumber">AU4331400A</span>
                (<span itemprop="primaryLanguage">en</span>)
              </a>
</td>
<td>
<time datetime="2000-11-14" itemprop="publicationDate">2000-11-14</time>
</td>
<td itemprop="title">Neurotrophic substituted pyrimidines 
     </td>
</tr>
<tr itemprop="similarDocuments" itemscope="" repeat="">
<td>
<meta content="true" itemprop="isPatent"/>
<a href="/patent/IL216579A0/en">
<span itemprop="publicationNumber">IL216579A0</span>
                (<span itemprop="primaryLanguage">en</span>)
              </a>
</td>
<td>
<time datetime="2012-01-31" itemprop="publicationDate">2012-01-31</time>
</td>
<td itemprop="title">Aminocyclohexyl ether derivatives and pharmaceutical compositions containing the same 
     </td>
</tr>
<tr itemprop="similarDocuments" itemscope="" repeat="">
<td>
<meta content="true" itemprop="isPatent"/>
<a href="/patent/WO2006001877A3/en">
<span itemprop="publicationNumber">WO2006001877A3</span>
                (<span itemprop="primaryLanguage">en</span>)
              </a>
</td>
<td>
<time datetime="2006-02-16" itemprop="publicationDate">2006-02-16</time>
</td>
<td itemprop="title">Combination treatment for neurodegenerative disorders comprising r-flurbiprofen 
       </td>
</tr>
<tr itemprop="similarDocuments" itemscope="" repeat="">
<td>
<meta content="true" itemprop="isPatent"/>
<a href="/patent/WO2007047447A3/en">
<span itemprop="publicationNumber">WO2007047447A3</span>
                (<span itemprop="primaryLanguage">en</span>)
              </a>
</td>
<td>
<time datetime="2007-06-21" itemprop="publicationDate">2007-06-21</time>
</td>
<td itemprop="title">Diuretic-like compound analogs useful for regulation of central nervous system disorders 
       </td>
</tr>
<tr itemprop="similarDocuments" itemscope="" repeat="">
<td>
<meta content="true" itemprop="isPatent"/>
<a href="/patent/WO2005014814A3/en">
<span itemprop="publicationNumber">WO2005014814A3</span>
                (<span itemprop="primaryLanguage">en</span>)
              </a>
</td>
<td>
<time datetime="2005-03-17" itemprop="publicationDate">2005-03-17</time>
</td>
<td itemprop="title">5’-and 3’-capped aptamers and uses therefor 
       </td>
</tr>
<tr itemprop="similarDocuments" itemscope="" repeat="">
<td>
<meta content="true" itemprop="isPatent"/>
<a href="/patent/WO2006091728A3/en">
<span itemprop="publicationNumber">WO2006091728A3</span>
                (<span itemprop="primaryLanguage">en</span>)
              </a>
</td>
<td>
<time datetime="2007-04-05" itemprop="publicationDate">2007-04-05</time>
</td>
<td itemprop="title">Microtubule stabilizing compounds and methods of their use 
       </td>
</tr>
<tr itemprop="similarDocuments" itemscope="" repeat="">
<td>
<meta content="true" itemprop="isPatent"/>
<a href="/patent/WO2001079164A3/en">
<span itemprop="publicationNumber">WO2001079164A3</span>
                (<span itemprop="primaryLanguage">en</span>)
              </a>
</td>
<td>
<time datetime="2002-05-23" itemprop="publicationDate">2002-05-23</time>
</td>
<td itemprop="title">N-substituted dithiocarbamates for the treatment of biological disorders 
       </td>
</tr>
<tr itemprop="similarDocuments" itemscope="" repeat="">
<td>
<meta content="true" itemprop="isPatent"/>
<a href="/patent/HK1042038A1/en">
<span itemprop="publicationNumber">HK1042038A1</span>
                (<span itemprop="primaryLanguage">en</span>)
              </a>
</td>
<td>
<time datetime="2002-08-02" itemprop="publicationDate">2002-08-02</time>
</td>
<td itemprop="title">Pharmaceutical compositions comprising cyclic glycerophosphates and analogs thereof for promoting neural cell differentiation 
       </td>
</tr>
<tr itemprop="similarDocuments" itemscope="" repeat="">
<td>
<meta content="true" itemprop="isPatent"/>
<a href="/patent/WO2005009359A3/en">
<span itemprop="publicationNumber">WO2005009359A3</span>
                (<span itemprop="primaryLanguage">en</span>)
              </a>
</td>
<td>
<time datetime="2007-01-04" itemprop="publicationDate">2007-01-04</time>
</td>
<td itemprop="title">Agents, compositions and methods for enhancing neurological function 
       </td>
</tr>
<tr itemprop="similarDocuments" itemscope="" repeat="">
<td>
<meta content="true" itemprop="isPatent"/>
<a href="/patent/EP1401496A4/en">
<span itemprop="publicationNumber">EP1401496A4</span>
                (<span itemprop="primaryLanguage">en</span>)
              </a>
</td>
<td>
<time datetime="2005-08-31" itemprop="publicationDate">2005-08-31</time>
</td>
<td itemprop="title">Compositions and methods for treating hyperimmune response in the eye 
       </td>
</tr>
<tr itemprop="similarDocuments" itemscope="" repeat="">
<td>
<meta content="true" itemprop="isPatent"/>
<a href="/patent/WO2004006856A3/en">
<span itemprop="publicationNumber">WO2004006856A3</span>
                (<span itemprop="primaryLanguage">en</span>)
              </a>
</td>
<td>
<time datetime="2004-06-10" itemprop="publicationDate">2004-06-10</time>
</td>
<td itemprop="title">Iron sequestration or elimination to reduce neurodegeneration or parkinsons disease progression 
       </td>
</tr>
<tr itemprop="similarDocuments" itemscope="" repeat="">
<td>
<meta content="true" itemprop="isPatent"/>
<a href="/patent/WO2003039487A3/en">
<span itemprop="publicationNumber">WO2003039487A3</span>
                (<span itemprop="primaryLanguage">en</span>)
              </a>
</td>
<td>
<time datetime="2004-01-15" itemprop="publicationDate">2004-01-15</time>
</td>
<td itemprop="title">Cyclo(prolyl-glycine) and methods of use to treat neural disorders 
       </td>
</tr>
<tr itemprop="similarDocuments" itemscope="" repeat="">
<td>
<meta content="true" itemprop="isPatent"/>
<a href="/patent/WO2004012733A3/en">
<span itemprop="publicationNumber">WO2004012733A3</span>
                (<span itemprop="primaryLanguage">en</span>)
              </a>
</td>
<td>
<time datetime="2004-03-18" itemprop="publicationDate">2004-03-18</time>
</td>
<td itemprop="title">Compounds useful for the treatment of diseases responsive to antiangiogenetic therapy 
       </td>
</tr>
<tr itemprop="similarDocuments" itemscope="" repeat="">
<td>
<meta content="true" itemprop="isPatent"/>
<a href="/patent/PL376149A1/en">
<span itemprop="publicationNumber">PL376149A1</span>
                (<span itemprop="primaryLanguage">en</span>)
              </a>
</td>
<td>
<time datetime="2005-12-27" itemprop="publicationDate">2005-12-27</time>
</td>
<td itemprop="title">Piperazine and piperidine derivatives for treatment of neurological diseases 
       </td>
</tr>
<tr itemprop="similarDocuments" itemscope="" repeat="">
<td>
<meta content="true" itemprop="isPatent"/>
<a href="/patent/WO2006072792A3/en">
<span itemprop="publicationNumber">WO2006072792A3</span>
                (<span itemprop="primaryLanguage">en</span>)
              </a>
</td>
<td>
<time datetime="2007-01-11" itemprop="publicationDate">2007-01-11</time>
</td>
<td itemprop="title">Compounds which bind to the active site of protein kinase enzymes 
       </td>
</tr>
<tr itemprop="similarDocuments" itemscope="" repeat="">
<td>
<meta content="true" itemprop="isPatent"/>
<a href="/patent/CA2353527A1/en">
<span itemprop="publicationNumber">CA2353527A1</span>
                (<span itemprop="primaryLanguage">en</span>)
              </a>
</td>
<td>
<time datetime="2000-06-08" itemprop="publicationDate">2000-06-08</time>
</td>
<td itemprop="title">Use of neurotrophic factor stimulators for the treatment of ophthalmic neurodegenerative diseases 
       </td>
</tr>
<tr itemprop="similarDocuments" itemscope="" repeat="">
<td>
<meta content="true" itemprop="isPatent"/>
<a href="/patent/BRPI0407742A/en">
<span itemprop="publicationNumber">BRPI0407742A</span>
                (<span itemprop="primaryLanguage">en</span>)
              </a>
</td>
<td>
<time datetime="2006-02-14" itemprop="publicationDate">2006-02-14</time>
</td>
<td itemprop="title">
  use of glucocorticoids for formulation preparation usable in the treatment of pathological ocular angiogenesis as well as formulation thus obtained
 
     </td>
</tr>
<tr itemprop="similarDocuments" itemscope="" repeat="">
<td>
<meta content="true" itemprop="isPatent"/>
<a href="/patent/IL167848A/en">
<span itemprop="publicationNumber">IL167848A</span>
                (<span itemprop="primaryLanguage">en</span>)
              </a>
</td>
<td>
<time datetime="2010-11-30" itemprop="publicationDate">2010-11-30</time>
</td>
<td itemprop="title">Use of brimonidine in the manufacture of a medicament for treating neurodegenerative conditions 
     </td>
</tr>
</tbody>
</table>
</section>
<section>
<h2>Legal Events</h2>
<table>
<thead>
<tr>
<th>Date</th>
<th>Code</th>
<th>Title</th>
<th>Description</th>
</tr>
</thead>
<tbody>
<tr itemprop="legalEvents" itemscope="" repeat="">
<td><time datetime="2005-02-03" itemprop="date">2005-02-03</time></td>
<td itemprop="code">AK</td>
<td itemprop="title">Designated states</td>
<td>
<p itemprop="attributes" itemscope="" repeat="">
<strong itemprop="label">Kind code of ref document</strong>:
              <span itemprop="value">A2</span>
</p>
<p itemprop="attributes" itemscope="" repeat="">
<strong itemprop="label">Designated state(s)</strong>:
              <span itemprop="value">AE AG AL AM AT AU AZ BA BB BG BR BW BY BZ CA CH CN CO CR CU CZ DE DK DM DZ EC EE EG ES FI GB GD GE GH GM HR HU ID IL IN IS JP KE KG KP KR KZ LC LK LR LS LT LU LV MA MD MG MK MN MW MX MZ NA NI NO NZ OM PG PH PL PT RO RU SC SD SE SG SK SL SY TJ TM TN TR TT TZ UA UG US UZ VC VN YU ZA ZM ZW</span>
</p>
</td>
</tr>
<tr itemprop="legalEvents" itemscope="" repeat="">
<td><time datetime="2005-02-03" itemprop="date">2005-02-03</time></td>
<td itemprop="code">AL</td>
<td itemprop="title">Designated countries for regional patents</td>
<td>
<p itemprop="attributes" itemscope="" repeat="">
<strong itemprop="label">Kind code of ref document</strong>:
              <span itemprop="value">A2</span>
</p>
<p itemprop="attributes" itemscope="" repeat="">
<strong itemprop="label">Designated state(s)</strong>:
              <span itemprop="value">GM KE LS MW MZ NA SD SL SZ TZ UG ZM ZW AM AZ BY KG KZ MD RU TJ TM AT BE BG CH CY CZ DE DK EE ES FI FR GB GR HU IE IT LU MC NL PL PT RO SE SI SK TR BF BJ CF CG CI CM GA GN GQ GW ML MR NE SN TD TG</span>
</p>
</td>
</tr>
<tr itemprop="legalEvents" itemscope="" repeat="">
<td><time datetime="2005-03-30" itemprop="date">2005-03-30</time></td>
<td itemprop="code">121</td>
<td itemprop="title">Ep: the epo has been informed by wipo that ep was designated in this application</td>
<td>
</td>
</tr>
<tr itemprop="legalEvents" itemscope="" repeat="">
<td><time datetime="2006-08-16" itemprop="date">2006-08-16</time></td>
<td itemprop="code">122</td>
<td itemprop="title">Ep: pct application non-entry in european phase</td>
<td>
</td>
</tr>
</tbody>
</table>
</section>
</article>
</search-app>
<script></script>
<script src="//www.gstatic.com/feedback/api.js" type="text/javascript"></script>
<script src="//www.gstatic.com/feedback/js/help/prod/service/lazy.min.js" type="text/javascript"></script>
<script type="text/javascript">
      if (window.help && window.help.service) {
        helpApi = window.help.service.Lazy.create(0, {apiKey: 'AIzaSyDTEI_0tLX4varJ7bwK8aT-eOI5qr3BmyI', locale: 'en-US'});
        window.requestedSurveys = new Set();
        window.requestSurvey = function(triggerId) {
          if (window.requestedSurveys.has(triggerId)) {
            return;
          }
          window.requestedSurveys.add(triggerId);
          helpApi.requestSurvey({
            triggerId: triggerId,
            enableTestingMode: false,
            callback: (requestSurveyCallbackParam) => {
              if (!requestSurveyCallbackParam.surveyData) {
                return;
              }
              helpApi.presentSurvey({
                productData: {
                  productVersion: window.version,
                  customData: {
                    "experiments": "",
                  },
                },
                surveyData: requestSurveyCallbackParam.surveyData,
                colorScheme: 1,
                customZIndex: 10000,
              });
            }
          });
        };

        window.requestSurvey('YXTwAsvoW0kedxbuTdH0RArc9VhT');
      }
    </script>
<script src="/sw/null_loader.js"></script>
</body>
</html>

