https://patents.google.com/patent/MX2022010620A/en?oq=MX2022010620A:
<!DOCTYPE html>
<html lang="en">
<head>
<title>MX2022010620A - Prodrugs of neuroactive steroids. 
        - Google Patents</title>
<meta content="width=device-width, initial-scale=1" name="viewport"/>
<meta charset="utf-8"/>
<meta content="origin-when-crossorigin" name="referrer"/>
<link href="https://patents.google.com/patent/MX2022010620A/en" rel="canonical"/>
<meta content="
     The present application relates to novel compounds that are prodrugs of brexanolone, ganaxolone and zuranolone, pharmaceutical compositions comprising one or more compounds disclosed herein and salts thereof, and a pharmaceutically acceptable excipient, and use of the compounds disclosed herein and salts thereof for treating diseases or conditions related to GABA&lt;sub&gt;A&lt;/sub&gt; receptor function, such as major depression disorder (MDD) and postpartum depression (PPD), in mammals and especially in humans. 
   
   " name="description"/>
<meta content="patent" name="DC.type"/>
<meta content="Prodrugs of neuroactive steroids. 
       " name="DC.title"/>
<meta content="2021-03-01" name="DC.date" scheme="dateSubmitted"/>
<meta content="
     The present application relates to novel compounds that are prodrugs of brexanolone, ganaxolone and zuranolone, pharmaceutical compositions comprising one or more compounds disclosed herein and salts thereof, and a pharmaceutically acceptable excipient, and use of the compounds disclosed herein and salts thereof for treating diseases or conditions related to GABA&lt;sub&gt;A&lt;/sub&gt; receptor function, such as major depression disorder (MDD) and postpartum depression (PPD), in mammals and especially in humans. 
   
   " name="DC.description"/>
<meta content="MX:2022010620A" name="citation_patent_application_number"/>
<meta content="MX:2022010620:A" name="citation_patent_publication_number"/>
<meta content="2022-11-30" name="DC.date"/>
<meta content="Lianhong Xu" name="DC.contributor" scheme="inventor"/>
<meta content="Brii Biosciences Inc" name="DC.contributor" scheme="assignee"/>
<link href="https://fonts.googleapis.com/css?family=Roboto:400,400italic,500,500italic,700" rel="stylesheet"/>
<link href="https://fonts.googleapis.com/css?family=Product+Sans" rel="stylesheet"/>
<link href="https://fonts.googleapis.com/css2?family=Google+Sans:wght@400;500;700" rel="stylesheet"/>
<style>
      
      #gb { top: 15px; left: auto; right: 0; width: auto; min-width: 135px !important; }   
      body { transition: none; }
    </style>
<script></script>
<script>
      window.version = 'patent-search.search_20250707_RC00';

      function sendFeedback() {
        userfeedback.api.startFeedback({
          'productId': '713680',
          'bucket': 'patent-search-web',
          'productVersion': window.version,
        });
      }

      window.experiments = {};
      window.experiments.patentCountries = "ae,ag,al,am,ao,ap,ar,at,au,aw,az,ba,bb,bd,be,bf,bg,bh,bj,bn,bo,br,bw,bx,by,bz,ca,cf,cg,ch,ci,cl,cm,cn,co,cr,cs,cu,cy,cz,dd,de,dj,dk,dm,do,dz,ea,ec,ee,eg,em,ep,es,fi,fr,ga,gb,gc,gd,ge,gh,gm,gn,gq,gr,gt,gw,hk,hn,hr,hu,ib,id,ie,il,in,ir,is,it,jo,jp,ke,kg,kh,km,kn,kp,kr,kw,kz,la,lc,li,lk,lr,ls,lt,lu,lv,ly,ma,mc,md,me,mg,mk,ml,mn,mo,mr,mt,mw,mx,my,mz,na,ne,ng,ni,nl,no,nz,oa,om,pa,pe,pg,ph,pl,pt,py,qa,ro,rs,ru,rw,sa,sc,sd,se,sg,si,sk,sl,sm,sn,st,su,sv,sy,sz,td,tg,th,tj,tm,tn,tr,tt,tw,tz,ua,ug,us,uy,uz,vc,ve,vn,wo,yu,za,zm,zw";
      
      
      window.experiments.keywordWizard = true;
      
      
      
      window.experiments.definitions = true;
      window.experiments.plogs = true;

      window.Polymer = {
        dom: 'shady',
        lazyRegister: true,
      };
    </script>
<script src="//www.gstatic.com/patent-search/frontend/patent-search.search_20250707_RC00/scs/compiled_dir/webcomponentsjs/webcomponents-lite.min.js"></script>
<link href="//www.gstatic.com/patent-search/frontend/patent-search.search_20250707_RC00/scs/compiled_dir/search-app-vulcanized.html" rel="import"/>
</head>
<body unresolved="">
<script></script>
<script src="//www.gstatic.com/patent-search/frontend/patent-search.search_20250707_RC00/scs/compiled_dir/search-app-vulcanized.js"></script>
<search-app>
<article class="result" itemscope="" itemtype="http://schema.org/ScholarlyArticle">
<h1 itemprop="pageTitle">MX2022010620A - Prodrugs of neuroactive steroids. 
        - Google Patents</h1>
<span itemprop="title">Prodrugs of neuroactive steroids. 
       </span>
<meta content="patent" itemprop="type"/>
<h2>Info</h2>
<dl>
<dt>Publication number</dt>
<dd itemprop="publicationNumber">MX2022010620A</dd>
<meta content="2022010620" itemprop="numberWithoutCodes"/>
<meta content="A" itemprop="kindCode"/>
<meta content="Patent application" itemprop="publicationDescription"/>
<span>MX2022010620A</span>
<span>MX2022010620A</span>
<span>MX2022010620A</span>
<span>MX2022010620A</span>
<span>MX 2022010620 A</span>
<span>MX2022010620 A</span>
<span>MX 2022010620A</span>
<span>MX 2022010620 A</span>
<span>MX2022010620 A</span>
<span>MX 2022010620A</span>
<span>MX 2022010620 A</span>
<span>MX2022010620 A</span>
<span>MX 2022010620A</span>
<span>MX 2022010620 A</span>
<span>MX2022010620 A</span>
<span>MX 2022010620A</span>
<dt>Authority</dt>
<dd itemprop="countryCode">MX</dd>
<dd itemprop="countryName">Mexico</dd>
<dt>Prior art keywords</dt>
<dd itemprop="priorArtKeywords" repeat="">prodrugs</dd>
<dd itemprop="priorArtKeywords" repeat="">salts</dd>
<dd itemprop="priorArtKeywords" repeat="">sub</dd>
<dd itemprop="priorArtKeywords" repeat="">compounds disclosed</dd>
<dd itemprop="priorArtKeywords" repeat="">neuroactive steroids</dd>
<dt>Prior art date</dt>
<dd><time datetime="2020-02-27" itemprop="priorArtDate">2020-02-27</time></dd>
</dl>
<dt>Application number</dt>
<dd itemprop="applicationNumber">MX2022010620A</dd>
<dt>Other languages</dt>
<dd itemprop="otherLanguages" itemscope="" repeat="">
<a href="/patent/MX2022010620A/es">
<span itemprop="name">Spanish</span> (<span itemprop="code">es</span>)
    </a>
</dd>
<dt>Inventor</dt>
<dd itemprop="inventor" repeat="">Lianhong Xu</dd>
<dt>Original Assignee</dt>
<dd itemprop="assigneeOriginal" repeat="">Brii Biosciences Inc</dd>
<dt>Priority date (The priority date is an assumption and is not a legal conclusion. Google has not performed a legal analysis and makes no representation as to the accuracy of the date listed.)</dt>
<dd><time datetime="2020-02-27" itemprop="priorityDate">2020-02-27</time></dd>
<dt>Filing date</dt>
<dd><time datetime="2021-03-01" itemprop="filingDate">2021-03-01</time></dd>
<dt>Publication date</dt>
<dd><time datetime="2022-11-30" itemprop="publicationDate">2022-11-30</time></dd>
<dd itemprop="events" itemscope="" repeat="">
<time datetime="2021-03-01" itemprop="date">2021-03-01</time>
<span itemprop="title">Application filed by Brii Biosciences Inc</span>
<span itemprop="type">filed</span>
<span bool="" content="true" itemprop="critical">Critical</span>
<span itemprop="assigneeSearch">Brii Biosciences Inc</span>
</dd>
<dd itemprop="events" itemscope="" repeat="">
<time datetime="2022-11-30" itemprop="date">2022-11-30</time>
<span itemprop="title">Publication of MX2022010620A</span>
<span itemprop="type">publication</span>
<span bool="" content="true" itemprop="critical">Critical</span>
<span itemprop="documentId">patent/MX2022010620A/en</span>
</dd>
<h2>Links</h2>
<ul>
<li itemprop="links" itemscope="" repeat="">
<meta content="espacenetLink" itemprop="id"/>
<a href="https://worldwide.espacenet.com/publicationDetails/biblio?CC=MX&amp;NR=2022010620A&amp;KC=A&amp;FT=D" itemprop="url" target="_blank"><span itemprop="text">Espacenet</span></a>
</li>
<li itemprop="links" itemscope="" repeat="">
<meta content="globalDossierLink" itemprop="id"/>
<a href="https://globaldossier.uspto.gov/result/application/MX/2022010620/1" itemprop="url" target="_blank"><span itemprop="text">Global Dossier</span></a>
</li>
<li itemprop="links" itemscope="" repeat="">
<meta content="stackexchangeLink" itemprop="id"/>
<a href="https://patents.stackexchange.com/questions/tagged/MX2022010620A" itemprop="url"><span itemprop="text">Discuss</span></a>
</li>
</ul>
<section>
<h2>Classifications</h2>
<ul>
<li>
<ul itemprop="classifications" itemscope="" repeat="">
<li itemprop="classifications" itemscope="" repeat="">
<span itemprop="Code">C</span>—<span itemprop="Description">CHEMISTRY; METALLURGY</span>
<meta content="true" itemprop="IsCPC"/>
</li>
<li itemprop="classifications" itemscope="" repeat="">
<span itemprop="Code">C07</span>—<span itemprop="Description">ORGANIC CHEMISTRY</span>
<meta content="true" itemprop="IsCPC"/>
</li>
<li itemprop="classifications" itemscope="" repeat="">
<span itemprop="Code">C07J</span>—<span itemprop="Description">STEROIDS</span>
<meta content="true" itemprop="IsCPC"/>
</li>
<li itemprop="classifications" itemscope="" repeat="">
<span itemprop="Code">C07J7/00</span>—<span itemprop="Description">Normal steroids containing carbon, hydrogen, halogen or oxygen substituted in position 17 beta by a chain of two carbon atoms</span>
<meta content="true" itemprop="IsCPC"/>
</li>
<li itemprop="classifications" itemscope="" repeat="">
<span itemprop="Code">C07J7/008</span>—<span itemprop="Description">Normal steroids containing carbon, hydrogen, halogen or oxygen substituted in position 17 beta by a chain of two carbon atoms substituted in position 21</span>
<meta content="true" itemprop="IsCPC"/>
</li>
<li itemprop="classifications" itemscope="" repeat="">
<span itemprop="Code">C07J7/009</span>—<span itemprop="Description">Normal steroids containing carbon, hydrogen, halogen or oxygen substituted in position 17 beta by a chain of two carbon atoms substituted in position 21 by only one oxygen atom doubly bound</span>
<meta content="true" itemprop="Leaf"/><meta content="true" itemprop="FirstCode"/><meta content="true" itemprop="IsCPC"/>
</li>
</ul>
</li>
<li>
<ul itemprop="classifications" itemscope="" repeat="">
<li itemprop="classifications" itemscope="" repeat="">
<span itemprop="Code">A</span>—<span itemprop="Description">HUMAN NECESSITIES</span>
<meta content="true" itemprop="IsCPC"/>
</li>
<li itemprop="classifications" itemscope="" repeat="">
<span itemprop="Code">A61</span>—<span itemprop="Description">MEDICAL OR VETERINARY SCIENCE; HYGIENE</span>
<meta content="true" itemprop="IsCPC"/>
</li>
<li itemprop="classifications" itemscope="" repeat="">
<span itemprop="Code">A61P</span>—<span itemprop="Description">SPECIFIC THERAPEUTIC ACTIVITY OF CHEMICAL COMPOUNDS OR MEDICINAL PREPARATIONS</span>
<meta content="true" itemprop="IsCPC"/>
</li>
<li itemprop="classifications" itemscope="" repeat="">
<span itemprop="Code">A61P25/00</span>—<span itemprop="Description">Drugs for disorders of the nervous system</span>
<meta content="true" itemprop="IsCPC"/>
</li>
<li itemprop="classifications" itemscope="" repeat="">
<span itemprop="Code">A61P25/08</span>—<span itemprop="Description">Antiepileptics; Anticonvulsants</span>
<meta content="true" itemprop="Leaf"/><meta content="true" itemprop="FirstCode"/><meta content="true" itemprop="IsCPC"/>
</li>
</ul>
</li>
<li>
<ul itemprop="classifications" itemscope="" repeat="">
<li itemprop="classifications" itemscope="" repeat="">
<span itemprop="Code">C</span>—<span itemprop="Description">CHEMISTRY; METALLURGY</span>
<meta content="true" itemprop="IsCPC"/>
</li>
<li itemprop="classifications" itemscope="" repeat="">
<span itemprop="Code">C07</span>—<span itemprop="Description">ORGANIC CHEMISTRY</span>
<meta content="true" itemprop="IsCPC"/>
</li>
<li itemprop="classifications" itemscope="" repeat="">
<span itemprop="Code">C07J</span>—<span itemprop="Description">STEROIDS</span>
<meta content="true" itemprop="IsCPC"/>
</li>
<li itemprop="classifications" itemscope="" repeat="">
<span itemprop="Code">C07J7/00</span>—<span itemprop="Description">Normal steroids containing carbon, hydrogen, halogen or oxygen substituted in position 17 beta by a chain of two carbon atoms</span>
<meta content="true" itemprop="IsCPC"/>
</li>
<li itemprop="classifications" itemscope="" repeat="">
<span itemprop="Code">C07J7/0005</span>—<span itemprop="Description">Normal steroids containing carbon, hydrogen, halogen or oxygen substituted in position 17 beta by a chain of two carbon atoms not substituted in position 21</span>
<meta content="true" itemprop="IsCPC"/>
</li>
<li itemprop="classifications" itemscope="" repeat="">
<span itemprop="Code">C07J7/001</span>—<span itemprop="Description">Normal steroids containing carbon, hydrogen, halogen or oxygen substituted in position 17 beta by a chain of two carbon atoms not substituted in position 21 substituted in position 20 by a keto group</span>
<meta content="true" itemprop="IsCPC"/>
</li>
<li itemprop="classifications" itemscope="" repeat="">
<span itemprop="Code">C07J7/0015</span>—<span itemprop="Description">Normal steroids containing carbon, hydrogen, halogen or oxygen substituted in position 17 beta by a chain of two carbon atoms not substituted in position 21 substituted in position 20 by a keto group not substituted in position 17 alfa</span>
<meta content="true" itemprop="IsCPC"/>
</li>
<li itemprop="classifications" itemscope="" repeat="">
<span itemprop="Code">C07J7/002</span>—<span itemprop="Description">Normal steroids containing carbon, hydrogen, halogen or oxygen substituted in position 17 beta by a chain of two carbon atoms not substituted in position 21 substituted in position 20 by a keto group not substituted in position 17 alfa not substituted in position 16</span>
<meta content="true" itemprop="Leaf"/><meta content="true" itemprop="FirstCode"/><meta content="true" itemprop="IsCPC"/>
</li>
</ul>
</li>
<li>
<ul itemprop="classifications" itemscope="" repeat="">
<li itemprop="classifications" itemscope="" repeat="">
<span itemprop="Code">C</span>—<span itemprop="Description">CHEMISTRY; METALLURGY</span>
<meta content="true" itemprop="IsCPC"/>
</li>
<li itemprop="classifications" itemscope="" repeat="">
<span itemprop="Code">C07</span>—<span itemprop="Description">ORGANIC CHEMISTRY</span>
<meta content="true" itemprop="IsCPC"/>
</li>
<li itemprop="classifications" itemscope="" repeat="">
<span itemprop="Code">C07J</span>—<span itemprop="Description">STEROIDS</span>
<meta content="true" itemprop="IsCPC"/>
</li>
<li itemprop="classifications" itemscope="" repeat="">
<span itemprop="Code">C07J17/00</span>—<span itemprop="Description">Normal steroids containing carbon, hydrogen, halogen or oxygen, having an oxygen-containing hetero ring not condensed with the cyclopenta(a)hydrophenanthrene skeleton</span>
<meta content="true" itemprop="Leaf"/><meta content="true" itemprop="IsCPC"/>
</li>
</ul>
</li>
<li>
<ul itemprop="classifications" itemscope="" repeat="">
<li itemprop="classifications" itemscope="" repeat="">
<span itemprop="Code">C</span>—<span itemprop="Description">CHEMISTRY; METALLURGY</span>
<meta content="true" itemprop="IsCPC"/>
</li>
<li itemprop="classifications" itemscope="" repeat="">
<span itemprop="Code">C07</span>—<span itemprop="Description">ORGANIC CHEMISTRY</span>
<meta content="true" itemprop="IsCPC"/>
</li>
<li itemprop="classifications" itemscope="" repeat="">
<span itemprop="Code">C07J</span>—<span itemprop="Description">STEROIDS</span>
<meta content="true" itemprop="IsCPC"/>
</li>
<li itemprop="classifications" itemscope="" repeat="">
<span itemprop="Code">C07J41/00</span>—<span itemprop="Description">Normal steroids containing one or more nitrogen atoms not belonging to a hetero ring</span>
<meta content="true" itemprop="IsCPC"/>
</li>
<li itemprop="classifications" itemscope="" repeat="">
<span itemprop="Code">C07J41/0033</span>—<span itemprop="Description">Normal steroids containing one or more nitrogen atoms not belonging to a hetero ring not covered by C07J41/0005</span>
<meta content="true" itemprop="IsCPC"/>
</li>
<li itemprop="classifications" itemscope="" repeat="">
<span itemprop="Code">C07J41/005</span>—<span itemprop="Description">Normal steroids containing one or more nitrogen atoms not belonging to a hetero ring not covered by C07J41/0005 the 17-beta position being substituted by an uninterrupted chain of only two carbon atoms, e.g. pregnane derivatives</span>
<meta content="true" itemprop="Leaf"/><meta content="true" itemprop="IsCPC"/>
</li>
</ul>
</li>
<li>
<ul itemprop="classifications" itemscope="" repeat="">
<li itemprop="classifications" itemscope="" repeat="">
<span itemprop="Code">C</span>—<span itemprop="Description">CHEMISTRY; METALLURGY</span>
<meta content="true" itemprop="IsCPC"/>
</li>
<li itemprop="classifications" itemscope="" repeat="">
<span itemprop="Code">C07</span>—<span itemprop="Description">ORGANIC CHEMISTRY</span>
<meta content="true" itemprop="IsCPC"/>
</li>
<li itemprop="classifications" itemscope="" repeat="">
<span itemprop="Code">C07J</span>—<span itemprop="Description">STEROIDS</span>
<meta content="true" itemprop="IsCPC"/>
</li>
<li itemprop="classifications" itemscope="" repeat="">
<span itemprop="Code">C07J43/00</span>—<span itemprop="Description">Normal steroids having a nitrogen-containing hetero ring spiro-condensed or not condensed with the cyclopenta(a)hydrophenanthrene skeleton</span>
<meta content="true" itemprop="IsCPC"/>
</li>
<li itemprop="classifications" itemscope="" repeat="">
<span itemprop="Code">C07J43/003</span>—<span itemprop="Description">Normal steroids having a nitrogen-containing hetero ring spiro-condensed or not condensed with the cyclopenta(a)hydrophenanthrene skeleton not condensed</span>
<meta content="true" itemprop="Leaf"/><meta content="true" itemprop="IsCPC"/>
</li>
</ul>
</li>
</ul>
</section>
<section>
<h2>Landscapes</h2>
<ul>
<li itemprop="landscapes" itemscope="" repeat="">
<span itemprop="name">Chemical &amp; Material Sciences</span>
        (<span itemprop="type">AREA</span>)
      </li>
<li itemprop="landscapes" itemscope="" repeat="">
<span itemprop="name">Organic Chemistry</span>
        (<span itemprop="type">AREA</span>)
      </li>
<li itemprop="landscapes" itemscope="" repeat="">
<span itemprop="name">Health &amp; Medical Sciences</span>
        (<span itemprop="type">AREA</span>)
      </li>
<li itemprop="landscapes" itemscope="" repeat="">
<span itemprop="name">General Health &amp; Medical Sciences</span>
        (<span itemprop="type">AREA</span>)
      </li>
<li itemprop="landscapes" itemscope="" repeat="">
<span itemprop="name">Veterinary Medicine</span>
        (<span itemprop="type">AREA</span>)
      </li>
<li itemprop="landscapes" itemscope="" repeat="">
<span itemprop="name">Life Sciences &amp; Earth Sciences</span>
        (<span itemprop="type">AREA</span>)
      </li>
<li itemprop="landscapes" itemscope="" repeat="">
<span itemprop="name">Public Health</span>
        (<span itemprop="type">AREA</span>)
      </li>
<li itemprop="landscapes" itemscope="" repeat="">
<span itemprop="name">Medicinal Chemistry</span>
        (<span itemprop="type">AREA</span>)
      </li>
<li itemprop="landscapes" itemscope="" repeat="">
<span itemprop="name">Animal Behavior &amp; Ethology</span>
        (<span itemprop="type">AREA</span>)
      </li>
<li itemprop="landscapes" itemscope="" repeat="">
<span itemprop="name">Pharmacology &amp; Pharmacy</span>
        (<span itemprop="type">AREA</span>)
      </li>
<li itemprop="landscapes" itemscope="" repeat="">
<span itemprop="name">Bioinformatics &amp; Cheminformatics</span>
        (<span itemprop="type">AREA</span>)
      </li>
<li itemprop="landscapes" itemscope="" repeat="">
<span itemprop="name">Biomedical Technology</span>
        (<span itemprop="type">AREA</span>)
      </li>
<li itemprop="landscapes" itemscope="" repeat="">
<span itemprop="name">Neurology</span>
        (<span itemprop="type">AREA</span>)
      </li>
<li itemprop="landscapes" itemscope="" repeat="">
<span itemprop="name">Neurosurgery</span>
        (<span itemprop="type">AREA</span>)
      </li>
<li itemprop="landscapes" itemscope="" repeat="">
<span itemprop="name">Engineering &amp; Computer Science</span>
        (<span itemprop="type">AREA</span>)
      </li>
<li itemprop="landscapes" itemscope="" repeat="">
<span itemprop="name">Chemical Kinetics &amp; Catalysis</span>
        (<span itemprop="type">AREA</span>)
      </li>
<li itemprop="landscapes" itemscope="" repeat="">
<span itemprop="name">Nuclear Medicine, Radiotherapy &amp; Molecular Imaging</span>
        (<span itemprop="type">AREA</span>)
      </li>
<li itemprop="landscapes" itemscope="" repeat="">
<span itemprop="name">General Chemical &amp; Material Sciences</span>
        (<span itemprop="type">AREA</span>)
      </li>
<li itemprop="landscapes" itemscope="" repeat="">
<span itemprop="name">Pain &amp; Pain Management</span>
        (<span itemprop="type">AREA</span>)
      </li>
<li itemprop="landscapes" itemscope="" repeat="">
<span itemprop="name">Pharmaceuticals Containing Other Organic And Inorganic Compounds</span>
        (<span itemprop="type">AREA</span>)
      </li>
<li itemprop="landscapes" itemscope="" repeat="">
<span itemprop="name">Steroid Compounds</span>
        (<span itemprop="type">AREA</span>)
      </li>
<li itemprop="landscapes" itemscope="" repeat="">
<span itemprop="name">Epidemiology</span>
        (<span itemprop="type">AREA</span>)
      </li>
<li itemprop="landscapes" itemscope="" repeat="">
<span itemprop="name">Psychiatry</span>
        (<span itemprop="type">AREA</span>)
      </li>
<li itemprop="landscapes" itemscope="" repeat="">
<span itemprop="name">Anesthesiology</span>
        (<span itemprop="type">AREA</span>)
      </li>
<li itemprop="landscapes" itemscope="" repeat="">
<span itemprop="name">Hospice &amp; Palliative Care</span>
        (<span itemprop="type">AREA</span>)
      </li>
</ul>
</section>
<section itemprop="abstract" itemscope="">
<h2>Abstract</h2>
<div html="" itemprop="content"><abstract lang="EN" load-source="docdb" mxw-id="PA646097628" source="national office">
<div class="abstract">The present application relates to novel compounds that are prodrugs of brexanolone, ganaxolone and zuranolone, pharmaceutical compositions comprising one or more compounds disclosed herein and salts thereof, and a pharmaceutically acceptable excipient, and use of the compounds disclosed herein and salts thereof for treating diseases or conditions related to GABA&lt;sub&gt;A&lt;/sub&gt; receptor function, such as major depression disorder (MDD) and postpartum depression (PPD), in mammals and especially in humans.</div>
</abstract>
</div>
</section>
<section itemprop="application" itemscope="">
<section itemprop="metadata" itemscope="">
<span itemprop="applicationNumber">MX2022010620A</span>
<span itemprop="priorityDate">2020-02-27</span>
<span itemprop="filingDate">2021-03-01</span>
<span itemprop="title">Prodrugs of neuroactive steroids. 
       </span>
<a href="/patent/MX2022010620A/en">
<span itemprop="representativePublication">MX2022010620A</span>
        (<span itemprop="primaryLanguage">en</span>)
      </a>
</section>
<h2>Applications Claiming Priority (2)</h2>
<table>
<thead>
<tr>
<th>Application Number</th>
<th>Priority Date</th>
<th>Filing Date</th>
<th>Title</th>
</tr>
</thead>
<tbody>
<tr itemprop="appsClaimingPriority" itemscope="" repeat="">
<td>
<span itemprop="applicationNumber">US202062982717P</span>
</td>
<td itemprop="priorityDate">2020-02-27</td>
<td itemprop="filingDate">2020-02-27</td>
<td itemprop="title"></td>
</tr>
<tr itemprop="appsClaimingPriority" itemscope="" repeat="">
<td>
<span itemprop="applicationNumber">PCT/US2021/020308</span>
<a href="/patent/WO2021174205A1/en">
<span itemprop="representativePublication">WO2021174205A1</span>
                (<span itemprop="primaryLanguage">en</span>)
            </a>
</td>
<td itemprop="priorityDate">2020-02-27</td>
<td itemprop="filingDate">2021-03-01</td>
<td itemprop="title">Prodrugs of neuroactive steroids 
       </td>
</tr>
</tbody>
</table>
<h2>Publications (1)</h2>
<table>
<thead>
<tr>
<th>Publication Number</th>
<th>Publication Date</th>
</tr>
</thead>
<tbody>
<tr itemprop="pubs" itemscope="" repeat="">
<td>
<span itemprop="publicationNumber">MX2022010620A</span>
<span itemprop="thisPatent">true</span>
<a href="/patent/MX2022010620A/en">
              MX2022010620A
              (<span itemprop="primaryLanguage">en</span>)
            </a>
</td>
<td itemprop="publicationDate">2022-11-30</td>
</tr>
</tbody>
</table>
</section>
<section itemprop="family" itemscope="">
<h1>Family</h1>
<h2>ID=77491637</h2>
<h2>Family Applications (1)</h2>
<table>
<thead>
<tr>
<th>Application Number</th>
<th>Title</th>
<th>Priority Date</th>
<th>Filing Date</th>
</tr>
</thead>
<tbody>
<tr itemprop="applications" itemscope="" repeat="">
<td>
<span itemprop="applicationNumber">MX2022010620A</span>
<a href="/patent/MX2022010620A/en">
<span itemprop="representativePublication">MX2022010620A</span>
                (<span itemprop="primaryLanguage">en</span>)
            </a>
</td>
<td itemprop="priorityDate">2020-02-27</td>
<td itemprop="filingDate">2021-03-01</td>
<td itemprop="title">Prodrugs of neuroactive steroids. 
       </td>
</tr>
</tbody>
</table>
<h2>Country Status (12)</h2>
<table>
<thead>
<tr>
<th>Country</th>
<th>Link</th>
</tr>
</thead>
<tbody>
<tr itemprop="countryStatus" itemscope="" repeat="">
<td>
<span itemprop="countryCode">US</span>
            (<span itemprop="num">1</span>)
            
          </td>
<td>
<a href="/patent/US20230416298A1/en">
<span itemprop="representativePublication">US20230416298A1</span>
              (<span itemprop="primaryLanguage">en</span>)
            </a>
</td>
</tr>
<tr itemprop="countryStatus" itemscope="" repeat="">
<td>
<span itemprop="countryCode">EP</span>
            (<span itemprop="num">1</span>)
            
          </td>
<td>
<a href="/patent/EP4110345A4/en">
<span itemprop="representativePublication">EP4110345A4</span>
              (<span itemprop="primaryLanguage">en</span>)
            </a>
</td>
</tr>
<tr itemprop="countryStatus" itemscope="" repeat="">
<td>
<span itemprop="countryCode">JP</span>
            (<span itemprop="num">1</span>)
            
          </td>
<td>
<a href="/patent/JP2023514873A/en">
<span itemprop="representativePublication">JP2023514873A</span>
              (<span itemprop="primaryLanguage">en</span>)
            </a>
</td>
</tr>
<tr itemprop="countryStatus" itemscope="" repeat="">
<td>
<span itemprop="countryCode">KR</span>
            (<span itemprop="num">1</span>)
            
          </td>
<td>
<a href="/patent/KR20230037006A/en">
<span itemprop="representativePublication">KR20230037006A</span>
              (<span itemprop="primaryLanguage">en</span>)
            </a>
</td>
</tr>
<tr itemprop="countryStatus" itemscope="" repeat="">
<td>
<span itemprop="countryCode">CN</span>
            (<span itemprop="num">1</span>)
            
          </td>
<td>
<a href="/patent/CN115461055B/en">
<span itemprop="representativePublication">CN115461055B</span>
              (<span itemprop="primaryLanguage">en</span>)
            </a>
</td>
</tr>
<tr itemprop="countryStatus" itemscope="" repeat="">
<td>
<span itemprop="countryCode">AU</span>
            (<span itemprop="num">1</span>)
            
          </td>
<td>
<a href="/patent/AU2021226902A1/en">
<span itemprop="representativePublication">AU2021226902A1</span>
              (<span itemprop="primaryLanguage">en</span>)
            </a>
</td>
</tr>
<tr itemprop="countryStatus" itemscope="" repeat="">
<td>
<span itemprop="countryCode">BR</span>
            (<span itemprop="num">1</span>)
            
          </td>
<td>
<a href="/patent/BR112022016947A2/en">
<span itemprop="representativePublication">BR112022016947A2</span>
              (<span itemprop="primaryLanguage">en</span>)
            </a>
</td>
</tr>
<tr itemprop="countryStatus" itemscope="" repeat="">
<td>
<span itemprop="countryCode">CA</span>
            (<span itemprop="num">1</span>)
            
          </td>
<td>
<a href="/patent/CA3172901A1/en">
<span itemprop="representativePublication">CA3172901A1</span>
              (<span itemprop="primaryLanguage">en</span>)
            </a>
</td>
</tr>
<tr itemprop="countryStatus" itemscope="" repeat="">
<td>
<span itemprop="countryCode">IL</span>
            (<span itemprop="num">1</span>)
            
          </td>
<td>
<a href="/patent/IL295902A/en">
<span itemprop="representativePublication">IL295902A</span>
              (<span itemprop="primaryLanguage">en</span>)
            </a>
</td>
</tr>
<tr itemprop="countryStatus" itemscope="" repeat="">
<td>
<span itemprop="countryCode">MX</span>
            (<span itemprop="num">1</span>)
            <meta content="true" itemprop="thisCountry"/>
</td>
<td>
<a href="/patent/MX2022010620A/en">
<span itemprop="representativePublication">MX2022010620A</span>
              (<span itemprop="primaryLanguage">en</span>)
            </a>
</td>
</tr>
<tr itemprop="countryStatus" itemscope="" repeat="">
<td>
<span itemprop="countryCode">TW</span>
            (<span itemprop="num">1</span>)
            
          </td>
<td>
<a href="/patent/TW202146027A/en">
<span itemprop="representativePublication">TW202146027A</span>
              (<span itemprop="primaryLanguage">en</span>)
            </a>
</td>
</tr>
<tr itemprop="countryStatus" itemscope="" repeat="">
<td>
<span itemprop="countryCode">WO</span>
            (<span itemprop="num">1</span>)
            
          </td>
<td>
<a href="/patent/WO2021174205A1/en">
<span itemprop="representativePublication">WO2021174205A1</span>
              (<span itemprop="primaryLanguage">en</span>)
            </a>
</td>
</tr>
</tbody>
</table>
<h2>Families Citing this family (4)</h2>
<table>
<caption>* Cited by examiner, † Cited by third party</caption>
<thead>
<tr>
<th>Publication number</th>
<th>Priority date</th>
<th>Publication date</th>
<th>Assignee</th>
<th>Title</th>
</tr>
</thead>
<tbody>
<tr itemprop="forwardReferencesFamily" itemscope="" repeat="">
<td>
<a href="/patent/EP3965772A4/en">
<span itemprop="publicationNumber">EP3965772A4</span>
              (<span itemprop="primaryLanguage">en</span>)
            </a>
</td>
<td itemprop="priorityDate">2019-05-10</td>
<td itemprop="publicationDate">2023-05-10</td>
<td><span itemprop="assigneeOriginal">Brii Biosciences, Inc.</span></td>
<td itemprop="title">
        PHARMACEUTICAL COMPOSITION WITH BREXANOLON, GANAXOLONE OR ZURANOLON AND USE THEREOF
       
       </td>
</tr>
<tr itemprop="forwardReferencesFamily" itemscope="" repeat="">
<td>
<a href="/patent/CN114344309B/en">
<span itemprop="publicationNumber">CN114344309B</span>
              (<span itemprop="primaryLanguage">en</span>)
            </a>
<span itemprop="examinerCited">*</span>
</td>
<td itemprop="priorityDate">2021-12-30</td>
<td itemprop="publicationDate">2024-02-06</td>
<td><span itemprop="assigneeOriginal">南京迈诺威医药科技有限公司</span></td>
<td itemprop="title">Allopregnanolone derivative self-emulsifying preparation and preparation method thereof 
       </td>
</tr>
<tr itemprop="forwardReferencesFamily" itemscope="" repeat="">
<td>
<a href="/patent/JP2025509745A/en">
<span itemprop="publicationNumber">JP2025509745A</span>
              (<span itemprop="primaryLanguage">en</span>)
            </a>
<span itemprop="examinerCited">*</span>
</td>
<td itemprop="priorityDate">2022-03-18</td>
<td itemprop="publicationDate">2025-04-11</td>
<td><span itemprop="assigneeOriginal">マリナス ファーマシューティカルズ， インコーポレイテッド</span></td>
<td itemprop="title">
        Ganaxolone prodrugs
       
     </td>
</tr>
<tr itemprop="forwardReferencesFamily" itemscope="" repeat="">
<td>
<a href="/patent/KR20250061730A/en">
<span itemprop="publicationNumber">KR20250061730A</span>
              (<span itemprop="primaryLanguage">en</span>)
            </a>
<span itemprop="examinerCited">*</span>
</td>
<td itemprop="priorityDate">2022-08-08</td>
<td itemprop="publicationDate">2025-05-08</td>
<td><span itemprop="assigneeOriginal">어드밴스드 알엔에이 백신 (에이알브이) 테크놀로지스, 아이엔씨.</span></td>
<td itemprop="title">
        Sterol-based ionizable lipids and lipid nanoparticles comprising the same
       
     </td>
</tr>
</tbody>
</table>
<h2>Family Cites Families (18)</h2>
<table>
<caption>* Cited by examiner, † Cited by third party</caption>
<thead>
<tr>
<th>Publication number</th>
<th>Priority date</th>
<th>Publication date</th>
<th>Assignee</th>
<th>Title</th>
</tr>
</thead>
<tbody>
<tr itemprop="backwardReferencesFamily" itemscope="" repeat="">
<td>
<a href="/patent/DK24089D0/en">
<span itemprop="publicationNumber">DK24089D0</span>
              (<span itemprop="primaryLanguage">en</span>)
            </a>
<span itemprop="examinerCited">*</span>
</td>
<td itemprop="priorityDate">1989-01-20</td>
<td itemprop="publicationDate">1989-01-20</td>
<td><span itemprop="assigneeOriginal">Hans Bundgaard</span></td>
<td itemprop="title">
        NOVEL PRODRUG DERIVATIVES OF BIOLOGICALLY ACTIVE AGENTS CONTAINING HYDROXYL GROUPS OR NH-ACIDIC GROUPS
       
     </td>
</tr>
<tr itemprop="backwardReferencesFamily" itemscope="" repeat="">
<td>
<a href="/patent/BR9506779A/en">
<span itemprop="publicationNumber">BR9506779A</span>
              (<span itemprop="primaryLanguage">en</span>)
            </a>
<span itemprop="examinerCited">*</span>
</td>
<td itemprop="priorityDate">1994-02-14</td>
<td itemprop="publicationDate">1997-10-14</td>
<td><span itemprop="assigneeOriginal">Cocensys Inc</span></td>
<td itemprop="title">
        Compound pharmaceutical composition method for modulating the gaba-chloride receptor ionophore complex in an animal patient by binding to the neurosteroid site in said complex method to treat or prevent stress or anxiety in an animal patient method to relieve or prevent pms or pnd isonia in an animal patient method for treating or avoiding mood disturbances in an animal patient and method for inducing anesthesia in an animal patient
       
     </td>
</tr>
<tr itemprop="backwardReferencesFamily" itemscope="" repeat="">
<td>
<a href="/patent/BR9509764A/en">
<span itemprop="publicationNumber">BR9509764A</span>
              (<span itemprop="primaryLanguage">en</span>)
            </a>
<span itemprop="examinerCited">*</span>
</td>
<td itemprop="priorityDate">1994-11-23</td>
<td itemprop="publicationDate">1998-07-07</td>
<td><span itemprop="assigneeOriginal">Cocensys Inc</span></td>
<td itemprop="title">
        Androstane and pregnane series for allosteric modulation of gaba receptor
       
     </td>
</tr>
<tr itemprop="backwardReferencesFamily" itemscope="" repeat="">
<td>
<a href="/patent/WO2010088409A2/en">
<span itemprop="publicationNumber">WO2010088409A2</span>
              (<span itemprop="primaryLanguage">en</span>)
            </a>
<span itemprop="examinerCited">*</span>
</td>
<td itemprop="priorityDate">2009-01-30</td>
<td itemprop="publicationDate">2010-08-05</td>
<td><span itemprop="assigneeOriginal">Emory University</span></td>
<td itemprop="title">Methods of neuroprotection using neuroprotective steroids and a vitamin d 
       </td>
</tr>
<tr itemprop="backwardReferencesFamily" itemscope="" repeat="">
<td>
<a href="/patent/US20130245253A1/en">
<span itemprop="publicationNumber">US20130245253A1</span>
              (<span itemprop="primaryLanguage">en</span>)
            </a>
<span itemprop="examinerCited">*</span>
</td>
<td itemprop="priorityDate">2010-03-26</td>
<td itemprop="publicationDate">2013-09-19</td>
<td><span itemprop="assigneeOriginal">Department Of Veterans Affairs</span></td>
<td itemprop="title">Conjugated Neuroactive Steroid Compositions And Methods Of Use 
       </td>
</tr>
<tr itemprop="backwardReferencesFamily" itemscope="" repeat="">
<td>
<a href="/patent/CZ201181A3/en">
<span itemprop="publicationNumber">CZ201181A3</span>
              (<span itemprop="primaryLanguage">en</span>)
            </a>
<span itemprop="examinerCited">*</span>
</td>
<td itemprop="priorityDate">2011-02-15</td>
<td itemprop="publicationDate">2012-09-12</td>
<td><span itemprop="assigneeOriginal">Ústav organické chemie a biochemie Akademie ved CR, v.v.i.</span></td>
<td itemprop="title">Pregnanolone derivatives substituted in position 3alpha with cationic group, process of their preparation, their use and composition containing them 
       </td>
</tr>
<tr itemprop="backwardReferencesFamily" itemscope="" repeat="">
<td>
<a href="/patent/FR2973031B1/en">
<span itemprop="publicationNumber">FR2973031B1</span>
              (<span itemprop="primaryLanguage">en</span>)
            </a>
<span itemprop="examinerCited">*</span>
</td>
<td itemprop="priorityDate">2011-03-23</td>
<td itemprop="publicationDate">2013-11-29</td>
<td><span itemprop="assigneeOriginal">Univ Strasbourg</span></td>
<td itemprop="title">
        DERIVATIVES OF ALLOPREGNANOLONE AND EPIALLOPREGNANOLONE AND USES THEREOF FOR TREATING A NEUROPATHOLOGICAL CONDITION
       
     </td>
</tr>
<tr itemprop="backwardReferencesFamily" itemscope="" repeat="">
<td>
<a href="/patent/CA3152410A1/en">
<span itemprop="publicationNumber">CA3152410A1</span>
              (<span itemprop="primaryLanguage">en</span>)
            </a>
<span itemprop="examinerCited">*</span>
</td>
<td itemprop="priorityDate">2011-10-14</td>
<td itemprop="publicationDate">2013-04-18</td>
<td><span itemprop="assigneeOriginal">Sage Therapeutics, Inc.</span></td>
<td itemprop="title">3,3-disubstituted 19-nor pregnane compounds, compositions, and uses thereof for the treatment of cns related disorders 
     </td>
</tr>
<tr itemprop="backwardReferencesFamily" itemscope="" repeat="">
<td>
<a href="/patent/WO2015081170A2/en">
<span itemprop="publicationNumber">WO2015081170A2</span>
              (<span itemprop="primaryLanguage">en</span>)
            </a>
<span itemprop="examinerCited">*</span>
</td>
<td itemprop="priorityDate">2013-11-26</td>
<td itemprop="publicationDate">2015-06-04</td>
<td><span itemprop="assigneeOriginal">Systamedic Inc.</span></td>
<td itemprop="title">Ganaxolone derivatives for treatment of central nervous systems disorders 
     </td>
</tr>
<tr itemprop="backwardReferencesFamily" itemscope="" repeat="">
<td>
<a href="/patent/WO2015095971A1/en">
<span itemprop="publicationNumber">WO2015095971A1</span>
              (<span itemprop="primaryLanguage">en</span>)
            </a>
<span itemprop="examinerCited">*</span>
</td>
<td itemprop="priorityDate">2013-12-23</td>
<td itemprop="publicationDate">2015-07-02</td>
<td><span itemprop="assigneeOriginal">Socpra Sciences Et Génie S.E.C.</span></td>
<td itemprop="title">Atp synthase inhibitors and steroid alkaloids and uses thereof as antimicrobial agents and as potentiators for aminoglycosides against pathogenic bacteria 
       </td>
</tr>
<tr itemprop="backwardReferencesFamily" itemscope="" repeat="">
<td>
<a href="/patent/CN110520131A/en">
<span itemprop="publicationNumber">CN110520131A</span>
              (<span itemprop="primaryLanguage">en</span>)
            </a>
<span itemprop="examinerCited">*</span>
</td>
<td itemprop="priorityDate">2017-04-18</td>
<td itemprop="publicationDate">2019-11-29</td>
<td><span itemprop="assigneeOriginal">马瑞纳斯制药公司</span></td>
<td itemprop="title">The neurosteroid preparation of sustained release injectable 
       </td>
</tr>
<tr itemprop="backwardReferencesFamily" itemscope="" repeat="">
<td>
<a href="/patent/CA3099089A1/en">
<span itemprop="publicationNumber">CA3099089A1</span>
              (<span itemprop="primaryLanguage">en</span>)
            </a>
<span itemprop="examinerCited">*</span>
</td>
<td itemprop="priorityDate">2018-05-04</td>
<td itemprop="publicationDate">2019-11-07</td>
<td><span itemprop="assigneeOriginal">Acerus Pharmaceuticals Corporation</span></td>
<td itemprop="title">Neurosteroid derivatives and uses thereof 
       </td>
</tr>
<tr itemprop="backwardReferencesFamily" itemscope="" repeat="">
<td>
<a href="/patent/CN108517001A/en">
<span itemprop="publicationNumber">CN108517001A</span>
              (<span itemprop="primaryLanguage">en</span>)
            </a>
<span itemprop="examinerCited">*</span>
</td>
<td itemprop="priorityDate">2018-05-17</td>
<td itemprop="publicationDate">2018-09-11</td>
<td><span itemprop="assigneeOriginal">江苏恩华络康药物研发有限公司</span></td>
<td itemprop="title">Water-soluble allopregnenolone derivative and application thereof 
       </td>
</tr>
<tr itemprop="backwardReferencesFamily" itemscope="" repeat="">
<td>
<a href="/patent/WO2020028787A1/en">
<span itemprop="publicationNumber">WO2020028787A1</span>
              (<span itemprop="primaryLanguage">en</span>)
            </a>
<span itemprop="examinerCited">*</span>
</td>
<td itemprop="priorityDate">2018-08-02</td>
<td itemprop="publicationDate">2020-02-06</td>
<td><span itemprop="assigneeOriginal">PureTech Health LLC</span></td>
<td itemprop="title">Lipid prodrugs of pregnane neurosteroids and uses thereof 
       </td>
</tr>
<tr itemprop="backwardReferencesFamily" itemscope="" repeat="">
<td>
<a href="/patent/EP3965772A4/en">
<span itemprop="publicationNumber">EP3965772A4</span>
              (<span itemprop="primaryLanguage">en</span>)
            </a>
<span itemprop="examinerCited">*</span>
</td>
<td itemprop="priorityDate">2019-05-10</td>
<td itemprop="publicationDate">2023-05-10</td>
<td><span itemprop="assigneeOriginal">Brii Biosciences, Inc.</span></td>
<td itemprop="title">
        PHARMACEUTICAL COMPOSITION WITH BREXANOLON, GANAXOLONE OR ZURANOLON AND USE THEREOF
       
       </td>
</tr>
<tr itemprop="backwardReferencesFamily" itemscope="" repeat="">
<td>
<a href="/patent/AU2020284110A1/en">
<span itemprop="publicationNumber">AU2020284110A1</span>
              (<span itemprop="primaryLanguage">en</span>)
            </a>
<span itemprop="examinerCited">*</span>
</td>
<td itemprop="priorityDate">2019-05-31</td>
<td itemprop="publicationDate">2021-11-25</td>
<td><span itemprop="assigneeOriginal">Sage Therapeutics, Inc.</span></td>
<td itemprop="title">Neuroactive steroids and compositions thereof 
     </td>
</tr>
<tr itemprop="backwardReferencesFamily" itemscope="" repeat="">
<td>
<a href="/patent/AU2021217172A1/en">
<span itemprop="publicationNumber">AU2021217172A1</span>
              (<span itemprop="primaryLanguage">en</span>)
            </a>
<span itemprop="examinerCited">*</span>
</td>
<td itemprop="priorityDate">2020-02-05</td>
<td itemprop="publicationDate">2022-09-22</td>
<td><span itemprop="assigneeOriginal">Monash University</span></td>
<td itemprop="title">Lipid prodrugs of neurosteroids 
     </td>
</tr>
<tr itemprop="backwardReferencesFamily" itemscope="" repeat="">
<td>
<a href="/patent/KR20210126306A/en">
<span itemprop="publicationNumber">KR20210126306A</span>
              (<span itemprop="primaryLanguage">en</span>)
            </a>
<span itemprop="examinerCited">*</span>
</td>
<td itemprop="priorityDate">2020-04-10</td>
<td itemprop="publicationDate">2021-10-20</td>
<td><span itemprop="assigneeOriginal">주식회사 엘지에너지솔루션</span></td>
<td itemprop="title">Battery module and battery pack including the same 
     </td>
</tr>
</tbody>
</table>
<ul>
<li itemprop="applicationsByYear" itemscope="" repeat="">
<span itemprop="year">2021</span>
<ul>
<li itemprop="application" itemscope="" repeat="">
<span itemprop="filingDate">2021-03-01</span>
<span itemprop="countryCode">MX</span>
<span itemprop="applicationNumber">MX2022010620A</span>
<a href="/patent/MX2022010620A/en"><span itemprop="documentId">patent/MX2022010620A/en</span></a>
<span itemprop="legalStatusCat">unknown</span>
<span itemprop="legalStatus"></span>
<span bool="" content="true" itemprop="thisApp"></span>
</li>
<li itemprop="application" itemscope="" repeat="">
<span itemprop="filingDate">2021-03-01</span>
<span itemprop="countryCode">CA</span>
<span itemprop="applicationNumber">CA3172901A</span>
<a href="/patent/CA3172901A1/en"><span itemprop="documentId">patent/CA3172901A1/en</span></a>
<span itemprop="legalStatusCat">active</span>
<span itemprop="legalStatus">Pending</span>
</li>
<li itemprop="application" itemscope="" repeat="">
<span itemprop="filingDate">2021-03-01</span>
<span itemprop="countryCode">EP</span>
<span itemprop="applicationNumber">EP21761246.4A</span>
<a href="/patent/EP4110345A4/en"><span itemprop="documentId">patent/EP4110345A4/en</span></a>
<span itemprop="legalStatusCat">active</span>
<span itemprop="legalStatus">Pending</span>
</li>
<li itemprop="application" itemscope="" repeat="">
<span itemprop="filingDate">2021-03-01</span>
<span itemprop="countryCode">US</span>
<span itemprop="applicationNumber">US17/801,894</span>
<a href="/patent/US20230416298A1/en"><span itemprop="documentId">patent/US20230416298A1/en</span></a>
<span itemprop="legalStatusCat">active</span>
<span itemprop="legalStatus">Pending</span>
</li>
<li itemprop="application" itemscope="" repeat="">
<span itemprop="filingDate">2021-03-01</span>
<span itemprop="countryCode">KR</span>
<span itemprop="applicationNumber">KR1020227033404A</span>
<a href="/patent/KR20230037006A/en"><span itemprop="documentId">patent/KR20230037006A/en</span></a>
<span itemprop="legalStatusCat">not_active</span>
<span itemprop="legalStatus">Withdrawn</span>
</li>
<li itemprop="application" itemscope="" repeat="">
<span itemprop="filingDate">2021-03-01</span>
<span itemprop="countryCode">IL</span>
<span itemprop="applicationNumber">IL295902A</span>
<a href="/patent/IL295902A/en"><span itemprop="documentId">patent/IL295902A/en</span></a>
<span itemprop="legalStatusCat">unknown</span>
<span itemprop="legalStatus"></span>
</li>
<li itemprop="application" itemscope="" repeat="">
<span itemprop="filingDate">2021-03-01</span>
<span itemprop="countryCode">CN</span>
<span itemprop="applicationNumber">CN202180031289.1A</span>
<a href="/patent/CN115461055B/en"><span itemprop="documentId">patent/CN115461055B/en</span></a>
<span itemprop="legalStatusCat">active</span>
<span itemprop="legalStatus">Active</span>
</li>
<li itemprop="application" itemscope="" repeat="">
<span itemprop="filingDate">2021-03-01</span>
<span itemprop="countryCode">BR</span>
<span itemprop="applicationNumber">BR112022016947A</span>
<a href="/patent/BR112022016947A2/en"><span itemprop="documentId">patent/BR112022016947A2/en</span></a>
<span itemprop="legalStatusCat">unknown</span>
<span itemprop="legalStatus"></span>
</li>
<li itemprop="application" itemscope="" repeat="">
<span itemprop="filingDate">2021-03-01</span>
<span itemprop="countryCode">WO</span>
<span itemprop="applicationNumber">PCT/US2021/020308</span>
<a href="/patent/WO2021174205A1/en"><span itemprop="documentId">patent/WO2021174205A1/en</span></a>
<span itemprop="legalStatusCat">not_active</span>
<span itemprop="legalStatus">Application Discontinuation</span>
</li>
<li itemprop="application" itemscope="" repeat="">
<span itemprop="filingDate">2021-03-01</span>
<span itemprop="countryCode">JP</span>
<span itemprop="applicationNumber">JP2022551639A</span>
<a href="/patent/JP2023514873A/en"><span itemprop="documentId">patent/JP2023514873A/en</span></a>
<span itemprop="legalStatusCat">active</span>
<span itemprop="legalStatus">Pending</span>
</li>
<li itemprop="application" itemscope="" repeat="">
<span itemprop="filingDate">2021-03-01</span>
<span itemprop="countryCode">AU</span>
<span itemprop="applicationNumber">AU2021226902A</span>
<a href="/patent/AU2021226902A1/en"><span itemprop="documentId">patent/AU2021226902A1/en</span></a>
<span itemprop="legalStatusCat">active</span>
<span itemprop="legalStatus">Pending</span>
</li>
<li itemprop="application" itemscope="" repeat="">
<span itemprop="filingDate">2021-03-02</span>
<span itemprop="countryCode">TW</span>
<span itemprop="applicationNumber">TW110107352A</span>
<a href="/patent/TW202146027A/en"><span itemprop="documentId">patent/TW202146027A/en</span></a>
<span itemprop="legalStatusCat">unknown</span>
<span itemprop="legalStatus"></span>
</li>
</ul>
</li>
</ul>
</section>
<section>
<h2>Also Published As</h2>
<table>
<thead>
<tr>
<th>Publication number</th>
<th>Publication date</th>
</tr>
</thead>
<tbody>
<tr itemprop="docdbFamily" itemscope="" repeat="">
<td>
<a href="/patent/EP4110345A1/en">
<span itemprop="publicationNumber">EP4110345A1</span>
              (<span itemprop="primaryLanguage">en</span>)
            </a>
</td>
<td itemprop="publicationDate">2023-01-04</td>
</tr>
<tr itemprop="docdbFamily" itemscope="" repeat="">
<td>
<a href="/patent/KR20230037006A/en">
<span itemprop="publicationNumber">KR20230037006A</span>
              (<span itemprop="primaryLanguage">en</span>)
            </a>
</td>
<td itemprop="publicationDate">2023-03-15</td>
</tr>
<tr itemprop="docdbFamily" itemscope="" repeat="">
<td>
<a href="/patent/CN115461055A/en">
<span itemprop="publicationNumber">CN115461055A</span>
              (<span itemprop="primaryLanguage">en</span>)
            </a>
</td>
<td itemprop="publicationDate">2022-12-09</td>
</tr>
<tr itemprop="docdbFamily" itemscope="" repeat="">
<td>
<a href="/patent/US20230416298A1/en">
<span itemprop="publicationNumber">US20230416298A1</span>
              (<span itemprop="primaryLanguage">en</span>)
            </a>
</td>
<td itemprop="publicationDate">2023-12-28</td>
</tr>
<tr itemprop="docdbFamily" itemscope="" repeat="">
<td>
<a href="/patent/CA3172901A1/en">
<span itemprop="publicationNumber">CA3172901A1</span>
              (<span itemprop="primaryLanguage">en</span>)
            </a>
</td>
<td itemprop="publicationDate">2021-09-02</td>
</tr>
<tr itemprop="docdbFamily" itemscope="" repeat="">
<td>
<a href="/patent/TW202146027A/en">
<span itemprop="publicationNumber">TW202146027A</span>
              (<span itemprop="primaryLanguage">en</span>)
            </a>
</td>
<td itemprop="publicationDate">2021-12-16</td>
</tr>
<tr itemprop="docdbFamily" itemscope="" repeat="">
<td>
<a href="/patent/CN115461055B/en">
<span itemprop="publicationNumber">CN115461055B</span>
              (<span itemprop="primaryLanguage">en</span>)
            </a>
</td>
<td itemprop="publicationDate">2025-01-28</td>
</tr>
<tr itemprop="docdbFamily" itemscope="" repeat="">
<td>
<a href="/patent/BR112022016947A2/en">
<span itemprop="publicationNumber">BR112022016947A2</span>
              (<span itemprop="primaryLanguage">en</span>)
            </a>
</td>
<td itemprop="publicationDate">2022-10-25</td>
</tr>
<tr itemprop="docdbFamily" itemscope="" repeat="">
<td>
<a href="/patent/AU2021226902A1/en">
<span itemprop="publicationNumber">AU2021226902A1</span>
              (<span itemprop="primaryLanguage">en</span>)
            </a>
</td>
<td itemprop="publicationDate">2022-09-22</td>
</tr>
<tr itemprop="docdbFamily" itemscope="" repeat="">
<td>
<a href="/patent/JP2023514873A/en">
<span itemprop="publicationNumber">JP2023514873A</span>
              (<span itemprop="primaryLanguage">en</span>)
            </a>
</td>
<td itemprop="publicationDate">2023-04-11</td>
</tr>
<tr itemprop="docdbFamily" itemscope="" repeat="">
<td>
<a href="/patent/IL295902A/en">
<span itemprop="publicationNumber">IL295902A</span>
              (<span itemprop="primaryLanguage">en</span>)
            </a>
</td>
<td itemprop="publicationDate">2022-10-01</td>
</tr>
<tr itemprop="docdbFamily" itemscope="" repeat="">
<td>
<a href="/patent/EP4110345A4/en">
<span itemprop="publicationNumber">EP4110345A4</span>
              (<span itemprop="primaryLanguage">en</span>)
            </a>
</td>
<td itemprop="publicationDate">2024-05-15</td>
</tr>
<tr itemprop="docdbFamily" itemscope="" repeat="">
<td>
<a href="/patent/WO2021174205A1/en">
<span itemprop="publicationNumber">WO2021174205A1</span>
              (<span itemprop="primaryLanguage">en</span>)
            </a>
</td>
<td itemprop="publicationDate">2021-09-02</td>
</tr>
</tbody>
</table>
</section>
<section>
<h2>Similar Documents</h2>
<table>
<thead>
<tr>
<th>Publication</th>
<th>Publication Date</th>
<th>Title</th>
</tr>
</thead>
<tbody>
<tr itemprop="similarDocuments" itemscope="" repeat="">
<td>
<meta content="true" itemprop="isPatent"/>
<a href="/patent/MX2022010620A/en">
<span itemprop="publicationNumber">MX2022010620A</span>
                (<span itemprop="primaryLanguage">en</span>)
              </a>
</td>
<td>
<time datetime="2022-11-30" itemprop="publicationDate">2022-11-30</time>
</td>
<td itemprop="title">Prodrugs of neuroactive steroids. 
       </td>
</tr>
<tr itemprop="similarDocuments" itemscope="" repeat="">
<td>
<meta content="true" itemprop="isPatent"/>
<a href="/patent/NZ786022A/en">
<span itemprop="publicationNumber">NZ786022A</span>
                (<span itemprop="primaryLanguage">en</span>)
              </a>
</td>
<td>
<time datetime="2025-05-30" itemprop="publicationDate">2025-05-30</time>
</td>
<td itemprop="title">Antiviral prodrugs and formulations thereof 
     </td>
</tr>
<tr itemprop="similarDocuments" itemscope="" repeat="">
<td>
<meta content="true" itemprop="isPatent"/>
<a href="/patent/ZA202307575B/en">
<span itemprop="publicationNumber">ZA202307575B</span>
                (<span itemprop="primaryLanguage">en</span>)
              </a>
</td>
<td>
<time datetime="2024-02-28" itemprop="publicationDate">2024-02-28</time>
</td>
<td itemprop="title">Methods and modified nucleosides for treating coronavirus infections 
     </td>
</tr>
<tr itemprop="similarDocuments" itemscope="" repeat="">
<td>
<meta content="true" itemprop="isPatent"/>
<a href="/patent/MX2020002652A/en">
<span itemprop="publicationNumber">MX2020002652A</span>
                (<span itemprop="primaryLanguage">en</span>)
              </a>
</td>
<td>
<time datetime="2020-09-25" itemprop="publicationDate">2020-09-25</time>
</td>
<td itemprop="title">Neuroactive steroids and their methods of use. 
       </td>
</tr>
<tr itemprop="similarDocuments" itemscope="" repeat="">
<td>
<meta content="true" itemprop="isPatent"/>
<a href="/patent/MX2012012026A/en">
<span itemprop="publicationNumber">MX2012012026A</span>
                (<span itemprop="primaryLanguage">en</span>)
              </a>
</td>
<td>
<time datetime="2013-01-22" itemprop="publicationDate">2013-01-22</time>
</td>
<td itemprop="title">Very low-dosed solid oral dosage forms for hrt. 
       </td>
</tr>
<tr itemprop="similarDocuments" itemscope="" repeat="">
<td>
<meta content="true" itemprop="isPatent"/>
<a href="/patent/MX2012012225A/en">
<span itemprop="publicationNumber">MX2012012225A</span>
                (<span itemprop="primaryLanguage">en</span>)
              </a>
</td>
<td>
<time datetime="2013-08-27" itemprop="publicationDate">2013-08-27</time>
</td>
<td itemprop="title">Nitric oxide releasing prodrugs of therapeutic agents. 
       </td>
</tr>
<tr itemprop="similarDocuments" itemscope="" repeat="">
<td>
<meta content="true" itemprop="isPatent"/>
<a href="/patent/MX2022015419A/en">
<span itemprop="publicationNumber">MX2022015419A</span>
                (<span itemprop="primaryLanguage">en</span>)
              </a>
</td>
<td>
<time datetime="2023-03-17" itemprop="publicationDate">2023-03-17</time>
</td>
<td itemprop="title">Treatment of diseases characterized by overexpression of erythropoietin-producing hepatocellular receptor a2 (epha2). 
       </td>
</tr>
<tr itemprop="similarDocuments" itemscope="" repeat="">
<td>
<meta content="true" itemprop="isPatent"/>
<a href="/patent/MD20140059A2/en">
<span itemprop="publicationNumber">MD20140059A2</span>
                (<span itemprop="primaryLanguage">en</span>)
              </a>
</td>
<td>
<time datetime="2014-11-30" itemprop="publicationDate">2014-11-30</time>
</td>
<td itemprop="title">Substituted 4-phenyl-pyridines for the treatment of NK-1 receptor related diseases 
       </td>
</tr>
<tr itemprop="similarDocuments" itemscope="" repeat="">
<td>
<meta content="true" itemprop="isPatent"/>
<a href="/patent/IL188172A0/en">
<span itemprop="publicationNumber">IL188172A0</span>
                (<span itemprop="primaryLanguage">en</span>)
              </a>
</td>
<td>
<time datetime="2008-03-20" itemprop="publicationDate">2008-03-20</time>
</td>
<td itemprop="title">Acyloxyalkyl carbamate prodrugs of tranexamic acid, methods of synthesis and use 
     </td>
</tr>
<tr itemprop="similarDocuments" itemscope="" repeat="">
<td>
<meta content="true" itemprop="isPatent"/>
<a href="/patent/BRPI1015539A2/en">
<span itemprop="publicationNumber">BRPI1015539A2</span>
                (<span itemprop="primaryLanguage">en</span>)
              </a>
</td>
<td>
<time datetime="2019-07-09" itemprop="publicationDate">2019-07-09</time>
</td>
<td itemprop="title">
  burn treatment compositions and methods
 
     </td>
</tr>
<tr itemprop="similarDocuments" itemscope="" repeat="">
<td>
<meta content="true" itemprop="isPatent"/>
<a href="/patent/PH12022551523A1/en">
<span itemprop="publicationNumber">PH12022551523A1</span>
                (<span itemprop="primaryLanguage">en</span>)
              </a>
</td>
<td>
<time datetime="2024-01-29" itemprop="publicationDate">2024-01-29</time>
</td>
<td itemprop="title">Cyclic compounds and methods of using same 
     </td>
</tr>
<tr itemprop="similarDocuments" itemscope="" repeat="">
<td>
<meta content="true" itemprop="isPatent"/>
<a href="/patent/BR112021018335A2/en">
<span itemprop="publicationNumber">BR112021018335A2</span>
                (<span itemprop="primaryLanguage">en</span>)
              </a>
</td>
<td>
<time datetime="2021-11-23" itemprop="publicationDate">2021-11-23</time>
</td>
<td itemprop="title">
        Benzodiazepine derivatives as RSV inhibitors
       
     </td>
</tr>
<tr itemprop="similarDocuments" itemscope="" repeat="">
<td>
<meta content="true" itemprop="isPatent"/>
<a href="/patent/BR112013021566A2/en">
<span itemprop="publicationNumber">BR112013021566A2</span>
                (<span itemprop="primaryLanguage">en</span>)
              </a>
</td>
<td>
<time datetime="2016-11-08" itemprop="publicationDate">2016-11-08</time>
</td>
<td itemprop="title">
        compound of formula, or a pharmaceutically acceptable salt or adduct thereof and method of preventing and / or treating an individual comprising administering to said individual a therapeutically effective amount of a compound of formula
       
     </td>
</tr>
<tr itemprop="similarDocuments" itemscope="" repeat="">
<td>
<meta content="true" itemprop="isPatent"/>
<a href="/patent/MY203159A/en">
<span itemprop="publicationNumber">MY203159A</span>
                (<span itemprop="primaryLanguage">en</span>)
              </a>
</td>
<td>
<time datetime="2024-06-12" itemprop="publicationDate">2024-06-12</time>
</td>
<td itemprop="title">Substituted imidazolidin-2-one derivatives as prmt5 inhibitors 
     </td>
</tr>
<tr itemprop="similarDocuments" itemscope="" repeat="">
<td>
<meta content="true" itemprop="isPatent"/>
<a href="/patent/IL315023A/en">
<span itemprop="publicationNumber">IL315023A</span>
                (<span itemprop="primaryLanguage">en</span>)
              </a>
</td>
<td>
<time datetime="2024-10-01" itemprop="publicationDate">2024-10-01</time>
</td>
<td itemprop="title">
        Neuroactive steroids for the treatment of disorders related to the central nervous system
       
       </td>
</tr>
<tr itemprop="similarDocuments" itemscope="" repeat="">
<td>
<meta content="true" itemprop="isPatent"/>
<a href="/patent/EP4464378A3/en">
<span itemprop="publicationNumber">EP4464378A3</span>
                (<span itemprop="primaryLanguage">en</span>)
              </a>
</td>
<td>
<time datetime="2025-04-09" itemprop="publicationDate">2025-04-09</time>
</td>
<td itemprop="title">Leucine, acetyl leucine, and related analogs for treating disease 
       </td>
</tr>
<tr itemprop="similarDocuments" itemscope="" repeat="">
<td>
<meta content="true" itemprop="isPatent"/>
<a href="/patent/MX2023006578A/en">
<span itemprop="publicationNumber">MX2023006578A</span>
                (<span itemprop="primaryLanguage">en</span>)
              </a>
</td>
<td>
<time datetime="2023-07-31" itemprop="publicationDate">2023-07-31</time>
</td>
<td itemprop="title">Heteroaryl-acetylenes, pharmaceutical compositions thereof, and their therapeutic applications. 
       </td>
</tr>
<tr itemprop="similarDocuments" itemscope="" repeat="">
<td>
<meta content="true" itemprop="isPatent"/>
<a href="/patent/MX2023013683A/en">
<span itemprop="publicationNumber">MX2023013683A</span>
                (<span itemprop="primaryLanguage">en</span>)
              </a>
</td>
<td>
<time datetime="2024-02-23" itemprop="publicationDate">2024-02-23</time>
</td>
<td itemprop="title">
        FUSED ISOXAZOLIL COMPOUNDS AS LYSINE ACETYLTRANSFERASE 6A (KAT6A) INHIBITORS.
       
       </td>
</tr>
<tr itemprop="similarDocuments" itemscope="" repeat="">
<td>
<meta content="true" itemprop="isPatent"/>
<a href="/patent/MX2025000635A/en">
<span itemprop="publicationNumber">MX2025000635A</span>
                (<span itemprop="primaryLanguage">en</span>)
              </a>
</td>
<td>
<time datetime="2025-04-02" itemprop="publicationDate">2025-04-02</time>
</td>
<td itemprop="title">Cyclic compounds and methods of using same 
       </td>
</tr>
<tr itemprop="similarDocuments" itemscope="" repeat="">
<td>
<meta content="true" itemprop="isPatent"/>
<a href="/patent/BR112022007489A2/en">
<span itemprop="publicationNumber">BR112022007489A2</span>
                (<span itemprop="primaryLanguage">en</span>)
              </a>
</td>
<td>
<time datetime="2022-07-12" itemprop="publicationDate">2022-07-12</time>
</td>
<td itemprop="title">
  AMORPHOUS FORM OF A COMPLEMENT COMPONENT C5A RECEPTOR
 
     </td>
</tr>
<tr itemprop="similarDocuments" itemscope="" repeat="">
<td>
<meta content="true" itemprop="isPatent"/>
<a href="/patent/MX2024014628A/en">
<span itemprop="publicationNumber">MX2024014628A</span>
                (<span itemprop="primaryLanguage">en</span>)
              </a>
</td>
<td>
<time datetime="2025-01-09" itemprop="publicationDate">2025-01-09</time>
</td>
<td itemprop="title">Compound for inhibiting or degrading bcl6 and use thereof in pharmaceutics 
       </td>
</tr>
<tr itemprop="similarDocuments" itemscope="" repeat="">
<td>
<meta content="true" itemprop="isPatent"/>
<a href="/patent/MX2023010450A/en">
<span itemprop="publicationNumber">MX2023010450A</span>
                (<span itemprop="primaryLanguage">en</span>)
              </a>
</td>
<td>
<time datetime="2023-09-14" itemprop="publicationDate">2023-09-14</time>
</td>
<td itemprop="title">Stabilized liquid compositions comprising a levodopa-tyrosine conjugate and uses thereof. 
       </td>
</tr>
<tr itemprop="similarDocuments" itemscope="" repeat="">
<td>
<meta content="true" itemprop="isPatent"/>
<a href="/patent/MX384760B/en">
<span itemprop="publicationNumber">MX384760B</span>
                (<span itemprop="primaryLanguage">en</span>)
              </a>
</td>
<td>
<time datetime="2025-03-14" itemprop="publicationDate">2025-03-14</time>
</td>
<td itemprop="title">A synergic pharmaceutical combination of the active etianomer s-ketorolaco and gabapentin for the treatment of neuropathic pain 
       </td>
</tr>
<tr itemprop="similarDocuments" itemscope="" repeat="">
<td>
<meta content="true" itemprop="isPatent"/>
<a href="/patent/MX2022011242A/en">
<span itemprop="publicationNumber">MX2022011242A</span>
                (<span itemprop="primaryLanguage">en</span>)
              </a>
</td>
<td>
<time datetime="2022-12-15" itemprop="publicationDate">2022-12-15</time>
</td>
<td itemprop="title">Immunomodulating o-het-aryl azalides. 
       </td>
</tr>
<tr itemprop="similarDocuments" itemscope="" repeat="">
<td>
<meta content="true" itemprop="isPatent"/>
<a href="/patent/WO2021092225A3/en">
<span itemprop="publicationNumber">WO2021092225A3</span>
                (<span itemprop="primaryLanguage">en</span>)
              </a>
</td>
<td>
<time datetime="2021-07-08" itemprop="publicationDate">2021-07-08</time>
</td>
<td itemprop="title">Nanoparticles comprising prodrugs stabilized by albumin for treatment of cancer and other diseases 
       </td>
</tr>
</tbody>
</table>
</section>
</article>
</search-app>
<script></script>
<script src="//www.gstatic.com/feedback/api.js" type="text/javascript"></script>
<script src="//www.gstatic.com/feedback/js/help/prod/service/lazy.min.js" type="text/javascript"></script>
<script type="text/javascript">
      if (window.help && window.help.service) {
        helpApi = window.help.service.Lazy.create(0, {apiKey: 'AIzaSyDTEI_0tLX4varJ7bwK8aT-eOI5qr3BmyI', locale: 'en-US'});
        window.requestedSurveys = new Set();
        window.requestSurvey = function(triggerId) {
          if (window.requestedSurveys.has(triggerId)) {
            return;
          }
          window.requestedSurveys.add(triggerId);
          helpApi.requestSurvey({
            triggerId: triggerId,
            enableTestingMode: false,
            callback: (requestSurveyCallbackParam) => {
              if (!requestSurveyCallbackParam.surveyData) {
                return;
              }
              helpApi.presentSurvey({
                productData: {
                  productVersion: window.version,
                  customData: {
                    "experiments": "",
                  },
                },
                surveyData: requestSurveyCallbackParam.surveyData,
                colorScheme: 1,
                customZIndex: 10000,
              });
            }
          });
        };

        window.requestSurvey('YXTwAsvoW0kedxbuTdH0RArc9VhT');
      }
    </script>
<script src="/sw/null_loader.js"></script>
</body>
</html>

