https://patents.google.com/patent/EP3965772A4/en?oq=EP3965772A4:
<!DOCTYPE html>
<html lang="en">
<head>
<title>EP3965772A4 - 
        PHARMACEUTICAL COMPOSITION WITH BREXANOLON, GANAXOLONE OR ZURANOLON AND USE THEREOF
       
        - Google Patents</title>
<meta content="width=device-width, initial-scale=1" name="viewport"/>
<meta charset="utf-8"/>
<meta content="origin-when-crossorigin" name="referrer"/>
<link href="https://patents.google.com/patent/EP3965772A4/en" rel="canonical"/>
<meta content="patent" name="DC.type"/>
<meta content="
        PHARMACEUTICAL COMPOSITION WITH BREXANOLON, GANAXOLONE OR ZURANOLON AND USE THEREOF
       
       " name="DC.title"/>
<meta content="2020-05-08" name="DC.date" scheme="dateSubmitted"/>
<meta content="" name="DC.description"/>
<meta content="EP:20805552.5A" name="citation_patent_application_number"/>
<meta content="https://patentimages.storage.googleapis.com/5c/91/66/35b08fbfec3659/EP3965772A4.pdf" name="citation_pdf_url"/>
<meta content="EP:3965772:A4" name="citation_patent_publication_number"/>
<meta content="2023-05-10" name="DC.date"/>
<meta content="Robert G. Strickley" name="DC.contributor" scheme="inventor"/>
<meta content="Lianhong Xu" name="DC.contributor" scheme="inventor"/>
<meta content="Zhi Hong" name="DC.contributor" scheme="inventor"/>
<meta content="Brii Biosciences Inc" name="DC.contributor" scheme="assignee"/>
<meta content="WO:2017066626:A1" name="DC.relation" scheme="references"/>
<meta content="WO:2018195186:A1" name="DC.relation" scheme="references"/>
<meta content="See also references of WO 2020231837A1" name="citation_reference" scheme="references"/>
<link href="https://fonts.googleapis.com/css?family=Roboto:400,400italic,500,500italic,700" rel="stylesheet"/>
<link href="https://fonts.googleapis.com/css?family=Product+Sans" rel="stylesheet"/>
<link href="https://fonts.googleapis.com/css2?family=Google+Sans:wght@400;500;700" rel="stylesheet"/>
<style>
      
      #gb { top: 15px; left: auto; right: 0; width: auto; min-width: 135px !important; }   
      body { transition: none; }
    </style>
<script></script>
<script>
      window.version = 'patent-search.search_20250707_RC00';

      function sendFeedback() {
        userfeedback.api.startFeedback({
          'productId': '713680',
          'bucket': 'patent-search-web',
          'productVersion': window.version,
        });
      }

      window.experiments = {};
      window.experiments.patentCountries = "ae,ag,al,am,ao,ap,ar,at,au,aw,az,ba,bb,bd,be,bf,bg,bh,bj,bn,bo,br,bw,bx,by,bz,ca,cf,cg,ch,ci,cl,cm,cn,co,cr,cs,cu,cy,cz,dd,de,dj,dk,dm,do,dz,ea,ec,ee,eg,em,ep,es,fi,fr,ga,gb,gc,gd,ge,gh,gm,gn,gq,gr,gt,gw,hk,hn,hr,hu,ib,id,ie,il,in,ir,is,it,jo,jp,ke,kg,kh,km,kn,kp,kr,kw,kz,la,lc,li,lk,lr,ls,lt,lu,lv,ly,ma,mc,md,me,mg,mk,ml,mn,mo,mr,mt,mw,mx,my,mz,na,ne,ng,ni,nl,no,nz,oa,om,pa,pe,pg,ph,pl,pt,py,qa,ro,rs,ru,rw,sa,sc,sd,se,sg,si,sk,sl,sm,sn,st,su,sv,sy,sz,td,tg,th,tj,tm,tn,tr,tt,tw,tz,ua,ug,us,uy,uz,vc,ve,vn,wo,yu,za,zm,zw";
      
      
      window.experiments.keywordWizard = true;
      
      
      
      window.experiments.definitions = true;
      window.experiments.plogs = true;

      window.Polymer = {
        dom: 'shady',
        lazyRegister: true,
      };
    </script>
<script src="//www.gstatic.com/patent-search/frontend/patent-search.search_20250707_RC00/scs/compiled_dir/webcomponentsjs/webcomponents-lite.min.js"></script>
<link href="//www.gstatic.com/patent-search/frontend/patent-search.search_20250707_RC00/scs/compiled_dir/search-app-vulcanized.html" rel="import"/>
</head>
<body unresolved="">
<script></script>
<script src="//www.gstatic.com/patent-search/frontend/patent-search.search_20250707_RC00/scs/compiled_dir/search-app-vulcanized.js"></script>
<search-app>
<article class="result" itemscope="" itemtype="http://schema.org/ScholarlyArticle">
<h1 itemprop="pageTitle">EP3965772A4 - 
        PHARMACEUTICAL COMPOSITION WITH BREXANOLON, GANAXOLONE OR ZURANOLON AND USE THEREOF
       
        - Google Patents</h1>
<span itemprop="title">
        PHARMACEUTICAL COMPOSITION WITH BREXANOLON, GANAXOLONE OR ZURANOLON AND USE THEREOF
       
       </span>
<meta content="patent" itemprop="type"/>
<a href="https://patentimages.storage.googleapis.com/5c/91/66/35b08fbfec3659/EP3965772A4.pdf" itemprop="pdfLink">Download PDF</a>
<h2>Info</h2>
<dl>
<dt>Publication number</dt>
<dd itemprop="publicationNumber">EP3965772A4</dd>
<meta content="3965772" itemprop="numberWithoutCodes"/>
<meta content="A4" itemprop="kindCode"/>
<meta content="Separately published supplemental search report" itemprop="publicationDescription"/>
<span>EP3965772A4</span>
<span>EP20805552.5A</span>
<span>EP20805552A</span>
<span>EP3965772A4</span>
<span>EP 3965772 A4</span>
<span>EP3965772 A4</span>
<span>EP 3965772A4</span>
<span> </span>
<span> </span>
<span> </span>
<span>EP 20805552 A</span>
<span>EP20805552 A</span>
<span>EP 20805552A</span>
<span>EP 3965772 A4</span>
<span>EP3965772 A4</span>
<span>EP 3965772A4</span>
<dt>Authority</dt>
<dd itemprop="countryCode">EP</dd>
<dd itemprop="countryName">European Patent Office</dd>
<dt>Prior art keywords</dt>
<dd itemprop="priorArtKeywords" repeat="">zuranolon</dd>
<dd itemprop="priorArtKeywords" repeat="">brexanolon</dd>
<dd itemprop="priorArtKeywords" repeat="">ganaxolone</dd>
<dd itemprop="priorArtKeywords" repeat="">pharmaceutical composition</dd>
<dd itemprop="priorArtKeywords" repeat="">pharmaceutical</dd>
<dt>Prior art date</dt>
<dd><time datetime="2019-05-10" itemprop="priorArtDate">2019-05-10</time></dd>
<dt>Legal status (The legal status is an assumption and is not a legal conclusion. Google has not performed a legal analysis and makes no representation as to the accuracy of the status listed.)</dt>
<dd itemprop="legalStatusIfi" itemscope="">
<span itemprop="status">Pending</span>
</dd>
</dl>
<dt>Application number</dt>
<dd itemprop="applicationNumber">EP20805552.5A</dd>
<dt>Other languages</dt>
<dd itemprop="otherLanguages" itemscope="" repeat="">
<a href="/patent/EP3965772A4/de">
<span itemprop="name">German</span> (<span itemprop="code">de</span>)
    </a>
</dd>
<dd itemprop="otherLanguages" itemscope="" repeat="">
<a href="/patent/EP3965772A4/fr">
<span itemprop="name">French</span> (<span itemprop="code">fr</span>)
    </a>
</dd>
<dt>Other versions</dt>
<dd itemprop="directAssociations" itemscope="" repeat="">
<a href="/patent/EP3965772A1/en">
<span itemprop="publicationNumber">EP3965772A1</span>
      (<span itemprop="primaryLanguage">en</span>
</a>
</dd>
<dt>Inventor</dt>
<dd itemprop="inventor" repeat="">Robert G. Strickley</dd>
<dd itemprop="inventor" repeat="">Lianhong Xu</dd>
<dd itemprop="inventor" repeat="">Zhi Hong</dd>
<dt>Current Assignee (The listed assignees may be inaccurate. Google has not performed a legal analysis and makes no representation or warranty as to the accuracy of the list.)</dt>
<dd itemprop="assigneeCurrent" repeat="">
    Brii Biosciences Inc
  </dd>
<dt>Original Assignee</dt>
<dd itemprop="assigneeOriginal" repeat="">Brii Biosciences Inc</dd>
<dt>Priority date (The priority date is an assumption and is not a legal conclusion. Google has not performed a legal analysis and makes no representation as to the accuracy of the date listed.)</dt>
<dd><time datetime="2019-05-10" itemprop="priorityDate">2019-05-10</time></dd>
<dt>Filing date</dt>
<dd><time datetime="2020-05-08" itemprop="filingDate">2020-05-08</time></dd>
<dt>Publication date</dt>
<dd><time datetime="2023-05-10" itemprop="publicationDate">2023-05-10</time></dd>
<dd itemprop="events" itemscope="" repeat="">
<time datetime="2020-05-08" itemprop="date">2020-05-08</time>
<span itemprop="title">Application filed by Brii Biosciences Inc</span>
<span itemprop="type">filed</span>
<span bool="" content="true" itemprop="critical">Critical</span>
<span itemprop="assigneeSearch">Brii Biosciences Inc</span>
</dd>
<dd itemprop="events" itemscope="" repeat="">
<time datetime="2022-03-16" itemprop="date">2022-03-16</time>
<span itemprop="title">Publication of EP3965772A1</span>
<span itemprop="type">publication</span>
<span bool="" content="true" itemprop="critical">Critical</span>
<span itemprop="documentId">patent/EP3965772A1/en</span>
</dd>
<dd itemprop="events" itemscope="" repeat="">
<time datetime="2023-05-10" itemprop="date">2023-05-10</time>
<span itemprop="title">Publication of EP3965772A4</span>
<span itemprop="type">publication</span>
<span bool="" content="true" itemprop="critical">Critical</span>
<span itemprop="documentId">patent/EP3965772A4/en</span>
</dd>
<dd itemprop="events" itemscope="" repeat="">
<time itemprop="date">Status</time>
<span itemprop="title">Pending</span>
<span itemprop="type">legal-status</span>
<span bool="" content="true" itemprop="critical">Critical</span>
<span bool="" content="true" itemprop="current">Current</span>
</dd>
<h2>Links</h2>
<ul>
<li itemprop="links" itemscope="" repeat="">
<meta content="espacenetLink" itemprop="id"/>
<a href="https://worldwide.espacenet.com/publicationDetails/biblio?CC=EP&amp;NR=3965772A4&amp;KC=A4&amp;FT=D" itemprop="url" target="_blank"><span itemprop="text">Espacenet</span></a>
</li>
<li itemprop="links" itemscope="" repeat="">
<meta content="gpiLink" itemprop="id"/>
<a href="https://data.epo.org/gpi/EP3965772A4" itemprop="url" target="_blank"><span itemprop="text">EPO GPI</span></a>
</li>
<li itemprop="links" itemscope="" repeat="">
<meta content="epRegisterLink" itemprop="id"/>
<a href="https://register.epo.org/espacenet/application?number=EP20805552" itemprop="url" target="_blank"><span itemprop="text">EP Register</span></a>
</li>
<li itemprop="links" itemscope="" repeat="">
<meta content="globalDossierLink" itemprop="id"/>
<a href="https://globaldossier.uspto.gov/result/application/EP/20805552/1" itemprop="url" target="_blank"><span itemprop="text">Global Dossier</span></a>
</li>
<li itemprop="links" itemscope="" repeat="">
<meta content="stackexchangeLink" itemprop="id"/>
<a href="https://patents.stackexchange.com/questions/tagged/EP3965772A4" itemprop="url"><span itemprop="text">Discuss</span></a>
</li>
</ul>
<section>
<h2>Classifications</h2>
<ul>
<li>
<ul itemprop="classifications" itemscope="" repeat="">
<li itemprop="classifications" itemscope="" repeat="">
<span itemprop="Code">A</span>—<span itemprop="Description">HUMAN NECESSITIES</span>
<meta content="true" itemprop="IsCPC"/>
</li>
<li itemprop="classifications" itemscope="" repeat="">
<span itemprop="Code">A61</span>—<span itemprop="Description">MEDICAL OR VETERINARY SCIENCE; HYGIENE</span>
<meta content="true" itemprop="IsCPC"/>
</li>
<li itemprop="classifications" itemscope="" repeat="">
<span itemprop="Code">A61K</span>—<span itemprop="Description">PREPARATIONS FOR MEDICAL, DENTAL OR TOILETRY PURPOSES</span>
<meta content="true" itemprop="IsCPC"/>
</li>
<li itemprop="classifications" itemscope="" repeat="">
<span itemprop="Code">A61K31/00</span>—<span itemprop="Description">Medicinal preparations containing organic active ingredients</span>
<meta content="true" itemprop="IsCPC"/>
</li>
<li itemprop="classifications" itemscope="" repeat="">
<span itemprop="Code">A61K31/56</span>—<span itemprop="Description">Compounds containing cyclopenta[a]hydrophenanthrene ring systems; Derivatives thereof, e.g. steroids</span>
<meta content="true" itemprop="IsCPC"/>
</li>
<li itemprop="classifications" itemscope="" repeat="">
<span itemprop="Code">A61K31/565</span>—<span itemprop="Description">Compounds containing cyclopenta[a]hydrophenanthrene ring systems; Derivatives thereof, e.g. steroids not substituted in position 17 beta by a carbon atom, e.g. estrane, estradiol</span>
<meta content="true" itemprop="IsCPC"/>
</li>
<li itemprop="classifications" itemscope="" repeat="">
<span itemprop="Code">A61K31/568</span>—<span itemprop="Description">Compounds containing cyclopenta[a]hydrophenanthrene ring systems; Derivatives thereof, e.g. steroids not substituted in position 17 beta by a carbon atom, e.g. estrane, estradiol substituted in positions 10 and 13 by a chain having at least one carbon atom, e.g. androstanes, e.g. testosterone</span>
<meta content="true" itemprop="Leaf"/><meta content="true" itemprop="IsCPC"/>
</li>
</ul>
</li>
<li>
<ul itemprop="classifications" itemscope="" repeat="">
<li itemprop="classifications" itemscope="" repeat="">
<span itemprop="Code">A</span>—<span itemprop="Description">HUMAN NECESSITIES</span>
<meta content="true" itemprop="IsCPC"/>
</li>
<li itemprop="classifications" itemscope="" repeat="">
<span itemprop="Code">A61</span>—<span itemprop="Description">MEDICAL OR VETERINARY SCIENCE; HYGIENE</span>
<meta content="true" itemprop="IsCPC"/>
</li>
<li itemprop="classifications" itemscope="" repeat="">
<span itemprop="Code">A61K</span>—<span itemprop="Description">PREPARATIONS FOR MEDICAL, DENTAL OR TOILETRY PURPOSES</span>
<meta content="true" itemprop="IsCPC"/>
</li>
<li itemprop="classifications" itemscope="" repeat="">
<span itemprop="Code">A61K31/00</span>—<span itemprop="Description">Medicinal preparations containing organic active ingredients</span>
<meta content="true" itemprop="IsCPC"/>
</li>
<li itemprop="classifications" itemscope="" repeat="">
<span itemprop="Code">A61K31/56</span>—<span itemprop="Description">Compounds containing cyclopenta[a]hydrophenanthrene ring systems; Derivatives thereof, e.g. steroids</span>
<meta content="true" itemprop="IsCPC"/>
</li>
<li itemprop="classifications" itemscope="" repeat="">
<span itemprop="Code">A61K31/57</span>—<span itemprop="Description">Compounds containing cyclopenta[a]hydrophenanthrene ring systems; Derivatives thereof, e.g. steroids substituted in position 17 beta by a chain of two carbon atoms, e.g. pregnane or progesterone</span>
<meta content="true" itemprop="Leaf"/><meta content="true" itemprop="IsCPC"/>
</li>
</ul>
</li>
<li>
<ul itemprop="classifications" itemscope="" repeat="">
<li itemprop="classifications" itemscope="" repeat="">
<span itemprop="Code">A</span>—<span itemprop="Description">HUMAN NECESSITIES</span>
<meta content="true" itemprop="IsCPC"/>
</li>
<li itemprop="classifications" itemscope="" repeat="">
<span itemprop="Code">A61</span>—<span itemprop="Description">MEDICAL OR VETERINARY SCIENCE; HYGIENE</span>
<meta content="true" itemprop="IsCPC"/>
</li>
<li itemprop="classifications" itemscope="" repeat="">
<span itemprop="Code">A61K</span>—<span itemprop="Description">PREPARATIONS FOR MEDICAL, DENTAL OR TOILETRY PURPOSES</span>
<meta content="true" itemprop="IsCPC"/>
</li>
<li itemprop="classifications" itemscope="" repeat="">
<span itemprop="Code">A61K31/00</span>—<span itemprop="Description">Medicinal preparations containing organic active ingredients</span>
<meta content="true" itemprop="IsCPC"/>
</li>
<li itemprop="classifications" itemscope="" repeat="">
<span itemprop="Code">A61K31/56</span>—<span itemprop="Description">Compounds containing cyclopenta[a]hydrophenanthrene ring systems; Derivatives thereof, e.g. steroids</span>
<meta content="true" itemprop="IsCPC"/>
</li>
<li itemprop="classifications" itemscope="" repeat="">
<span itemprop="Code">A61K31/57</span>—<span itemprop="Description">Compounds containing cyclopenta[a]hydrophenanthrene ring systems; Derivatives thereof, e.g. steroids substituted in position 17 beta by a chain of two carbon atoms, e.g. pregnane or progesterone</span>
<meta content="true" itemprop="IsCPC"/>
</li>
<li itemprop="classifications" itemscope="" repeat="">
<span itemprop="Code">A61K31/573</span>—<span itemprop="Description">Compounds containing cyclopenta[a]hydrophenanthrene ring systems; Derivatives thereof, e.g. steroids substituted in position 17 beta by a chain of two carbon atoms, e.g. pregnane or progesterone substituted in position 21, e.g. cortisone, dexamethasone, prednisone or aldosterone</span>
<meta content="true" itemprop="Leaf"/><meta content="true" itemprop="IsCPC"/>
</li>
</ul>
</li>
<li>
<ul itemprop="classifications" itemscope="" repeat="">
<li itemprop="classifications" itemscope="" repeat="">
<span itemprop="Code">A</span>—<span itemprop="Description">HUMAN NECESSITIES</span>
<meta content="true" itemprop="IsCPC"/>
</li>
<li itemprop="classifications" itemscope="" repeat="">
<span itemprop="Code">A61</span>—<span itemprop="Description">MEDICAL OR VETERINARY SCIENCE; HYGIENE</span>
<meta content="true" itemprop="IsCPC"/>
</li>
<li itemprop="classifications" itemscope="" repeat="">
<span itemprop="Code">A61K</span>—<span itemprop="Description">PREPARATIONS FOR MEDICAL, DENTAL OR TOILETRY PURPOSES</span>
<meta content="true" itemprop="IsCPC"/>
</li>
<li itemprop="classifications" itemscope="" repeat="">
<span itemprop="Code">A61K31/00</span>—<span itemprop="Description">Medicinal preparations containing organic active ingredients</span>
<meta content="true" itemprop="IsCPC"/>
</li>
<li itemprop="classifications" itemscope="" repeat="">
<span itemprop="Code">A61K31/56</span>—<span itemprop="Description">Compounds containing cyclopenta[a]hydrophenanthrene ring systems; Derivatives thereof, e.g. steroids</span>
<meta content="true" itemprop="IsCPC"/>
</li>
<li itemprop="classifications" itemscope="" repeat="">
<span itemprop="Code">A61K31/575</span>—<span itemprop="Description">Compounds containing cyclopenta[a]hydrophenanthrene ring systems; Derivatives thereof, e.g. steroids substituted in position 17 beta by a chain of three or more carbon atoms, e.g. cholane, cholestane, ergosterol, sitosterol</span>
<meta content="true" itemprop="Leaf"/><meta content="true" itemprop="IsCPC"/>
</li>
</ul>
</li>
<li>
<ul itemprop="classifications" itemscope="" repeat="">
<li itemprop="classifications" itemscope="" repeat="">
<span itemprop="Code">A</span>—<span itemprop="Description">HUMAN NECESSITIES</span>
<meta content="true" itemprop="IsCPC"/>
</li>
<li itemprop="classifications" itemscope="" repeat="">
<span itemprop="Code">A61</span>—<span itemprop="Description">MEDICAL OR VETERINARY SCIENCE; HYGIENE</span>
<meta content="true" itemprop="IsCPC"/>
</li>
<li itemprop="classifications" itemscope="" repeat="">
<span itemprop="Code">A61K</span>—<span itemprop="Description">PREPARATIONS FOR MEDICAL, DENTAL OR TOILETRY PURPOSES</span>
<meta content="true" itemprop="IsCPC"/>
</li>
<li itemprop="classifications" itemscope="" repeat="">
<span itemprop="Code">A61K31/00</span>—<span itemprop="Description">Medicinal preparations containing organic active ingredients</span>
<meta content="true" itemprop="IsCPC"/>
</li>
<li itemprop="classifications" itemscope="" repeat="">
<span itemprop="Code">A61K31/56</span>—<span itemprop="Description">Compounds containing cyclopenta[a]hydrophenanthrene ring systems; Derivatives thereof, e.g. steroids</span>
<meta content="true" itemprop="IsCPC"/>
</li>
<li itemprop="classifications" itemscope="" repeat="">
<span itemprop="Code">A61K31/58</span>—<span itemprop="Description">Compounds containing cyclopenta[a]hydrophenanthrene ring systems; Derivatives thereof, e.g. steroids containing heterocyclic rings, e.g. danazol, stanozolol, pancuronium or digitogenin</span>
<meta content="true" itemprop="Leaf"/><meta content="true" itemprop="IsCPC"/>
</li>
</ul>
</li>
<li>
<ul itemprop="classifications" itemscope="" repeat="">
<li itemprop="classifications" itemscope="" repeat="">
<span itemprop="Code">A</span>—<span itemprop="Description">HUMAN NECESSITIES</span>
<meta content="true" itemprop="IsCPC"/>
</li>
<li itemprop="classifications" itemscope="" repeat="">
<span itemprop="Code">A61</span>—<span itemprop="Description">MEDICAL OR VETERINARY SCIENCE; HYGIENE</span>
<meta content="true" itemprop="IsCPC"/>
</li>
<li itemprop="classifications" itemscope="" repeat="">
<span itemprop="Code">A61K</span>—<span itemprop="Description">PREPARATIONS FOR MEDICAL, DENTAL OR TOILETRY PURPOSES</span>
<meta content="true" itemprop="IsCPC"/>
</li>
<li itemprop="classifications" itemscope="" repeat="">
<span itemprop="Code">A61K9/00</span>—<span itemprop="Description">Medicinal preparations characterised by special physical form</span>
<meta content="true" itemprop="IsCPC"/>
</li>
<li itemprop="classifications" itemscope="" repeat="">
<span itemprop="Code">A61K9/0012</span>—<span itemprop="Description">Galenical forms characterised by the site of application</span>
<meta content="true" itemprop="IsCPC"/>
</li>
<li itemprop="classifications" itemscope="" repeat="">
<span itemprop="Code">A61K9/0019</span>—<span itemprop="Description">Injectable compositions; Intramuscular, intravenous, arterial, subcutaneous administration; Compositions to be administered through the skin in an invasive manner</span>
<meta content="true" itemprop="Leaf"/><meta content="true" itemprop="IsCPC"/>
</li>
</ul>
</li>
<li>
<ul itemprop="classifications" itemscope="" repeat="">
<li itemprop="classifications" itemscope="" repeat="">
<span itemprop="Code">A</span>—<span itemprop="Description">HUMAN NECESSITIES</span>
<meta content="true" itemprop="IsCPC"/>
</li>
<li itemprop="classifications" itemscope="" repeat="">
<span itemprop="Code">A61</span>—<span itemprop="Description">MEDICAL OR VETERINARY SCIENCE; HYGIENE</span>
<meta content="true" itemprop="IsCPC"/>
</li>
<li itemprop="classifications" itemscope="" repeat="">
<span itemprop="Code">A61K</span>—<span itemprop="Description">PREPARATIONS FOR MEDICAL, DENTAL OR TOILETRY PURPOSES</span>
<meta content="true" itemprop="IsCPC"/>
</li>
<li itemprop="classifications" itemscope="" repeat="">
<span itemprop="Code">A61K9/00</span>—<span itemprop="Description">Medicinal preparations characterised by special physical form</span>
<meta content="true" itemprop="IsCPC"/>
</li>
<li itemprop="classifications" itemscope="" repeat="">
<span itemprop="Code">A61K9/10</span>—<span itemprop="Description">Dispersions; Emulsions</span>
<meta content="true" itemprop="Leaf"/><meta content="true" itemprop="IsCPC"/>
</li>
</ul>
</li>
<li>
<ul itemprop="classifications" itemscope="" repeat="">
<li itemprop="classifications" itemscope="" repeat="">
<span itemprop="Code">A</span>—<span itemprop="Description">HUMAN NECESSITIES</span>
<meta content="true" itemprop="IsCPC"/>
</li>
<li itemprop="classifications" itemscope="" repeat="">
<span itemprop="Code">A61</span>—<span itemprop="Description">MEDICAL OR VETERINARY SCIENCE; HYGIENE</span>
<meta content="true" itemprop="IsCPC"/>
</li>
<li itemprop="classifications" itemscope="" repeat="">
<span itemprop="Code">A61K</span>—<span itemprop="Description">PREPARATIONS FOR MEDICAL, DENTAL OR TOILETRY PURPOSES</span>
<meta content="true" itemprop="IsCPC"/>
</li>
<li itemprop="classifications" itemscope="" repeat="">
<span itemprop="Code">A61K9/00</span>—<span itemprop="Description">Medicinal preparations characterised by special physical form</span>
<meta content="true" itemprop="IsCPC"/>
</li>
<li itemprop="classifications" itemscope="" repeat="">
<span itemprop="Code">A61K9/14</span>—<span itemprop="Description">Particulate form, e.g. powders, Processes for size reducing of pure drugs or the resulting products, Pure drug nanoparticles</span>
<meta content="true" itemprop="IsCPC"/>
</li>
<li itemprop="classifications" itemscope="" repeat="">
<span itemprop="Code">A61K9/141</span>—<span itemprop="Description">Intimate drug-carrier mixtures characterised by the carrier, e.g. ordered mixtures, adsorbates, solid solutions, eutectica, co-dried, co-solubilised, co-kneaded, co-milled, co-ground products, co-precipitates, co-evaporates, co-extrudates, co-melts; Drug nanoparticles with adsorbed surface modifiers</span>
<meta content="true" itemprop="IsCPC"/>
</li>
<li itemprop="classifications" itemscope="" repeat="">
<span itemprop="Code">A61K9/145</span>—<span itemprop="Description">Intimate drug-carrier mixtures characterised by the carrier, e.g. ordered mixtures, adsorbates, solid solutions, eutectica, co-dried, co-solubilised, co-kneaded, co-milled, co-ground products, co-precipitates, co-evaporates, co-extrudates, co-melts; Drug nanoparticles with adsorbed surface modifiers with organic compounds</span>
<meta content="true" itemprop="Leaf"/><meta content="true" itemprop="IsCPC"/>
</li>
</ul>
</li>
<li>
<ul itemprop="classifications" itemscope="" repeat="">
<li itemprop="classifications" itemscope="" repeat="">
<span itemprop="Code">A</span>—<span itemprop="Description">HUMAN NECESSITIES</span>
<meta content="true" itemprop="IsCPC"/>
</li>
<li itemprop="classifications" itemscope="" repeat="">
<span itemprop="Code">A61</span>—<span itemprop="Description">MEDICAL OR VETERINARY SCIENCE; HYGIENE</span>
<meta content="true" itemprop="IsCPC"/>
</li>
<li itemprop="classifications" itemscope="" repeat="">
<span itemprop="Code">A61K</span>—<span itemprop="Description">PREPARATIONS FOR MEDICAL, DENTAL OR TOILETRY PURPOSES</span>
<meta content="true" itemprop="IsCPC"/>
</li>
<li itemprop="classifications" itemscope="" repeat="">
<span itemprop="Code">A61K9/00</span>—<span itemprop="Description">Medicinal preparations characterised by special physical form</span>
<meta content="true" itemprop="IsCPC"/>
</li>
<li itemprop="classifications" itemscope="" repeat="">
<span itemprop="Code">A61K9/14</span>—<span itemprop="Description">Particulate form, e.g. powders, Processes for size reducing of pure drugs or the resulting products, Pure drug nanoparticles</span>
<meta content="true" itemprop="IsCPC"/>
</li>
<li itemprop="classifications" itemscope="" repeat="">
<span itemprop="Code">A61K9/141</span>—<span itemprop="Description">Intimate drug-carrier mixtures characterised by the carrier, e.g. ordered mixtures, adsorbates, solid solutions, eutectica, co-dried, co-solubilised, co-kneaded, co-milled, co-ground products, co-precipitates, co-evaporates, co-extrudates, co-melts; Drug nanoparticles with adsorbed surface modifiers</span>
<meta content="true" itemprop="IsCPC"/>
</li>
<li itemprop="classifications" itemscope="" repeat="">
<span itemprop="Code">A61K9/146</span>—<span itemprop="Description">Intimate drug-carrier mixtures characterised by the carrier, e.g. ordered mixtures, adsorbates, solid solutions, eutectica, co-dried, co-solubilised, co-kneaded, co-milled, co-ground products, co-precipitates, co-evaporates, co-extrudates, co-melts; Drug nanoparticles with adsorbed surface modifiers with organic macromolecular compounds</span>
<meta content="true" itemprop="Leaf"/><meta content="true" itemprop="IsCPC"/>
</li>
</ul>
</li>
<li>
<ul itemprop="classifications" itemscope="" repeat="">
<li itemprop="classifications" itemscope="" repeat="">
<span itemprop="Code">A</span>—<span itemprop="Description">HUMAN NECESSITIES</span>
<meta content="true" itemprop="IsCPC"/>
</li>
<li itemprop="classifications" itemscope="" repeat="">
<span itemprop="Code">A61</span>—<span itemprop="Description">MEDICAL OR VETERINARY SCIENCE; HYGIENE</span>
<meta content="true" itemprop="IsCPC"/>
</li>
<li itemprop="classifications" itemscope="" repeat="">
<span itemprop="Code">A61P</span>—<span itemprop="Description">SPECIFIC THERAPEUTIC ACTIVITY OF CHEMICAL COMPOUNDS OR MEDICINAL PREPARATIONS</span>
<meta content="true" itemprop="IsCPC"/>
</li>
<li itemprop="classifications" itemscope="" repeat="">
<span itemprop="Code">A61P25/00</span>—<span itemprop="Description">Drugs for disorders of the nervous system</span>
<meta content="true" itemprop="IsCPC"/>
</li>
<li itemprop="classifications" itemscope="" repeat="">
<span itemprop="Code">A61P25/08</span>—<span itemprop="Description">Antiepileptics; Anticonvulsants</span>
<meta content="true" itemprop="Leaf"/><meta content="true" itemprop="IsCPC"/>
</li>
</ul>
</li>
<li>
<ul itemprop="classifications" itemscope="" repeat="">
<li itemprop="classifications" itemscope="" repeat="">
<span itemprop="Code">A</span>—<span itemprop="Description">HUMAN NECESSITIES</span>
<meta content="true" itemprop="IsCPC"/>
</li>
<li itemprop="classifications" itemscope="" repeat="">
<span itemprop="Code">A61</span>—<span itemprop="Description">MEDICAL OR VETERINARY SCIENCE; HYGIENE</span>
<meta content="true" itemprop="IsCPC"/>
</li>
<li itemprop="classifications" itemscope="" repeat="">
<span itemprop="Code">A61P</span>—<span itemprop="Description">SPECIFIC THERAPEUTIC ACTIVITY OF CHEMICAL COMPOUNDS OR MEDICINAL PREPARATIONS</span>
<meta content="true" itemprop="IsCPC"/>
</li>
<li itemprop="classifications" itemscope="" repeat="">
<span itemprop="Code">A61P25/00</span>—<span itemprop="Description">Drugs for disorders of the nervous system</span>
<meta content="true" itemprop="IsCPC"/>
</li>
<li itemprop="classifications" itemscope="" repeat="">
<span itemprop="Code">A61P25/24</span>—<span itemprop="Description">Antidepressants</span>
<meta content="true" itemprop="Leaf"/><meta content="true" itemprop="IsCPC"/>
</li>
</ul>
</li>
</ul>
</section>
<section>
<h2>Landscapes</h2>
<ul>
<li itemprop="landscapes" itemscope="" repeat="">
<span itemprop="name">Health &amp; Medical Sciences</span>
        (<span itemprop="type">AREA</span>)
      </li>
<li itemprop="landscapes" itemscope="" repeat="">
<span itemprop="name">Chemical &amp; Material Sciences</span>
        (<span itemprop="type">AREA</span>)
      </li>
<li itemprop="landscapes" itemscope="" repeat="">
<span itemprop="name">Medicinal Chemistry</span>
        (<span itemprop="type">AREA</span>)
      </li>
<li itemprop="landscapes" itemscope="" repeat="">
<span itemprop="name">Pharmacology &amp; Pharmacy</span>
        (<span itemprop="type">AREA</span>)
      </li>
<li itemprop="landscapes" itemscope="" repeat="">
<span itemprop="name">Life Sciences &amp; Earth Sciences</span>
        (<span itemprop="type">AREA</span>)
      </li>
<li itemprop="landscapes" itemscope="" repeat="">
<span itemprop="name">Animal Behavior &amp; Ethology</span>
        (<span itemprop="type">AREA</span>)
      </li>
<li itemprop="landscapes" itemscope="" repeat="">
<span itemprop="name">General Health &amp; Medical Sciences</span>
        (<span itemprop="type">AREA</span>)
      </li>
<li itemprop="landscapes" itemscope="" repeat="">
<span itemprop="name">Public Health</span>
        (<span itemprop="type">AREA</span>)
      </li>
<li itemprop="landscapes" itemscope="" repeat="">
<span itemprop="name">Veterinary Medicine</span>
        (<span itemprop="type">AREA</span>)
      </li>
<li itemprop="landscapes" itemscope="" repeat="">
<span itemprop="name">Epidemiology</span>
        (<span itemprop="type">AREA</span>)
      </li>
<li itemprop="landscapes" itemscope="" repeat="">
<span itemprop="name">Bioinformatics &amp; Cheminformatics</span>
        (<span itemprop="type">AREA</span>)
      </li>
<li itemprop="landscapes" itemscope="" repeat="">
<span itemprop="name">Engineering &amp; Computer Science</span>
        (<span itemprop="type">AREA</span>)
      </li>
<li itemprop="landscapes" itemscope="" repeat="">
<span itemprop="name">Organic Chemistry</span>
        (<span itemprop="type">AREA</span>)
      </li>
<li itemprop="landscapes" itemscope="" repeat="">
<span itemprop="name">Pain &amp; Pain Management</span>
        (<span itemprop="type">AREA</span>)
      </li>
<li itemprop="landscapes" itemscope="" repeat="">
<span itemprop="name">Neurology</span>
        (<span itemprop="type">AREA</span>)
      </li>
<li itemprop="landscapes" itemscope="" repeat="">
<span itemprop="name">Neurosurgery</span>
        (<span itemprop="type">AREA</span>)
      </li>
<li itemprop="landscapes" itemscope="" repeat="">
<span itemprop="name">Chemical Kinetics &amp; Catalysis</span>
        (<span itemprop="type">AREA</span>)
      </li>
<li itemprop="landscapes" itemscope="" repeat="">
<span itemprop="name">General Chemical &amp; Material Sciences</span>
        (<span itemprop="type">AREA</span>)
      </li>
<li itemprop="landscapes" itemscope="" repeat="">
<span itemprop="name">Biomedical Technology</span>
        (<span itemprop="type">AREA</span>)
      </li>
<li itemprop="landscapes" itemscope="" repeat="">
<span itemprop="name">Nuclear Medicine, Radiotherapy &amp; Molecular Imaging</span>
        (<span itemprop="type">AREA</span>)
      </li>
<li itemprop="landscapes" itemscope="" repeat="">
<span itemprop="name">Psychiatry</span>
        (<span itemprop="type">AREA</span>)
      </li>
<li itemprop="landscapes" itemscope="" repeat="">
<span itemprop="name">Dermatology</span>
        (<span itemprop="type">AREA</span>)
      </li>
<li itemprop="landscapes" itemscope="" repeat="">
<span itemprop="name">Dispersion Chemistry</span>
        (<span itemprop="type">AREA</span>)
      </li>
<li itemprop="landscapes" itemscope="" repeat="">
<span itemprop="name">Pharmaceuticals Containing Other Organic And Inorganic Compounds</span>
        (<span itemprop="type">AREA</span>)
      </li>
<li itemprop="landscapes" itemscope="" repeat="">
<span itemprop="name">Medicinal Preparation</span>
        (<span itemprop="type">AREA</span>)
      </li>
<li itemprop="landscapes" itemscope="" repeat="">
<span itemprop="name">Acyclic And Carbocyclic Compounds In Medicinal Compositions</span>
        (<span itemprop="type">AREA</span>)
      </li>
<li itemprop="landscapes" itemscope="" repeat="">
<span itemprop="name">Steroid Compounds</span>
        (<span itemprop="type">AREA</span>)
      </li>
</ul>
</section>
<section itemprop="application" itemscope="">
<section itemprop="metadata" itemscope="">
<span itemprop="applicationNumber">EP20805552.5A</span>
<span itemprop="priorityDate">2019-05-10</span>
<span itemprop="filingDate">2020-05-08</span>
<span itemprop="title">
        PHARMACEUTICAL COMPOSITION WITH BREXANOLON, GANAXOLONE OR ZURANOLON AND USE THEREOF
       
       </span>
<span itemprop="ifiStatus">Pending</span>
<a href="/patent/EP3965772A4/en">
<span itemprop="representativePublication">EP3965772A4</span>
        (<span itemprop="primaryLanguage">en</span>)
      </a>
</section>
<h2>Applications Claiming Priority (3)</h2>
<table>
<thead>
<tr>
<th>Application Number</th>
<th>Priority Date</th>
<th>Filing Date</th>
<th>Title</th>
</tr>
</thead>
<tbody>
<tr itemprop="appsClaimingPriority" itemscope="" repeat="">
<td>
<span itemprop="applicationNumber">US201962846576P</span>
</td>
<td itemprop="priorityDate">2019-05-10</td>
<td itemprop="filingDate">2019-05-10</td>
<td itemprop="title"></td>
</tr>
<tr itemprop="appsClaimingPriority" itemscope="" repeat="">
<td>
<span itemprop="applicationNumber">US202063018815P</span>
</td>
<td itemprop="priorityDate">2020-05-01</td>
<td itemprop="filingDate">2020-05-01</td>
<td itemprop="title"></td>
</tr>
<tr itemprop="appsClaimingPriority" itemscope="" repeat="">
<td>
<span itemprop="applicationNumber">PCT/US2020/032172</span>
<a href="/patent/WO2020231837A1/en">
<span itemprop="representativePublication">WO2020231837A1</span>
                (<span itemprop="primaryLanguage">en</span>)
            </a>
</td>
<td itemprop="priorityDate">2019-05-10</td>
<td itemprop="filingDate">2020-05-08</td>
<td itemprop="title">Pharmaceutical composition containing brexanolone, ganaxolone, or zuranolone, and use thereof 
       </td>
</tr>
</tbody>
</table>
<h2>Publications (2)</h2>
<table>
<thead>
<tr>
<th>Publication Number</th>
<th>Publication Date</th>
</tr>
</thead>
<tbody>
<tr itemprop="pubs" itemscope="" repeat="">
<td>
<span itemprop="publicationNumber">EP3965772A1</span>
<a href="/patent/EP3965772A1/en">
              EP3965772A1
              (<span itemprop="primaryLanguage">en</span>)
            </a>
</td>
<td itemprop="publicationDate">2022-03-16</td>
</tr>
<tr itemprop="pubs" itemscope="" repeat="">
<td>
<span itemprop="publicationNumber">EP3965772A4</span>
<span itemprop="thisPatent">true</span>
<a href="/patent/EP3965772A4/en">
              EP3965772A4
              (<span itemprop="primaryLanguage">en</span>)
            </a>
</td>
<td itemprop="publicationDate">2023-05-10</td>
</tr>
</tbody>
</table>
</section>
<section itemprop="family" itemscope="">
<h1>Family</h1>
<h2>ID=73288816</h2>
<h2>Family Applications (1)</h2>
<table>
<thead>
<tr>
<th>Application Number</th>
<th>Title</th>
<th>Priority Date</th>
<th>Filing Date</th>
</tr>
</thead>
<tbody>
<tr itemprop="applications" itemscope="" repeat="">
<td>
<span itemprop="applicationNumber">EP20805552.5A</span>
<span itemprop="ifiStatus">Pending</span>
<a href="/patent/EP3965772A4/en">
<span itemprop="representativePublication">EP3965772A4</span>
                (<span itemprop="primaryLanguage">en</span>)
            </a>
</td>
<td itemprop="priorityDate">2019-05-10</td>
<td itemprop="filingDate">2020-05-08</td>
<td itemprop="title">
        PHARMACEUTICAL COMPOSITION WITH BREXANOLON, GANAXOLONE OR ZURANOLON AND USE THEREOF
       
       </td>
</tr>
</tbody>
</table>
<h2>Country Status (13)</h2>
<table>
<thead>
<tr>
<th>Country</th>
<th>Link</th>
</tr>
</thead>
<tbody>
<tr itemprop="countryStatus" itemscope="" repeat="">
<td>
<span itemprop="countryCode">US</span>
            (<span itemprop="num">1</span>)
            
          </td>
<td>
<a href="/patent/US12370200B2/en">
<span itemprop="representativePublication">US12370200B2</span>
              (<span itemprop="primaryLanguage">en</span>)
            </a>
</td>
</tr>
<tr itemprop="countryStatus" itemscope="" repeat="">
<td>
<span itemprop="countryCode">EP</span>
            (<span itemprop="num">1</span>)
            <meta content="true" itemprop="thisCountry"/>
</td>
<td>
<a href="/patent/EP3965772A4/en">
<span itemprop="representativePublication">EP3965772A4</span>
              (<span itemprop="primaryLanguage">en</span>)
            </a>
</td>
</tr>
<tr itemprop="countryStatus" itemscope="" repeat="">
<td>
<span itemprop="countryCode">JP</span>
            (<span itemprop="num">1</span>)
            
          </td>
<td>
<a href="/patent/JP2022532710A/en">
<span itemprop="representativePublication">JP2022532710A</span>
              (<span itemprop="primaryLanguage">en</span>)
            </a>
</td>
</tr>
<tr itemprop="countryStatus" itemscope="" repeat="">
<td>
<span itemprop="countryCode">KR</span>
            (<span itemprop="num">1</span>)
            
          </td>
<td>
<a href="/patent/KR20220006565A/en">
<span itemprop="representativePublication">KR20220006565A</span>
              (<span itemprop="primaryLanguage">en</span>)
            </a>
</td>
</tr>
<tr itemprop="countryStatus" itemscope="" repeat="">
<td>
<span itemprop="countryCode">CN</span>
            (<span itemprop="num">1</span>)
            
          </td>
<td>
<a href="/patent/CN113939299B/en">
<span itemprop="representativePublication">CN113939299B</span>
              (<span itemprop="primaryLanguage">en</span>)
            </a>
</td>
</tr>
<tr itemprop="countryStatus" itemscope="" repeat="">
<td>
<span itemprop="countryCode">AU</span>
            (<span itemprop="num">1</span>)
            
          </td>
<td>
<a href="/patent/AU2020275291A1/en">
<span itemprop="representativePublication">AU2020275291A1</span>
              (<span itemprop="primaryLanguage">en</span>)
            </a>
</td>
</tr>
<tr itemprop="countryStatus" itemscope="" repeat="">
<td>
<span itemprop="countryCode">BR</span>
            (<span itemprop="num">1</span>)
            
          </td>
<td>
<a href="/patent/BR112021022527A2/en">
<span itemprop="representativePublication">BR112021022527A2</span>
              (<span itemprop="primaryLanguage">en</span>)
            </a>
</td>
</tr>
<tr itemprop="countryStatus" itemscope="" repeat="">
<td>
<span itemprop="countryCode">CA</span>
            (<span itemprop="num">1</span>)
            
          </td>
<td>
<a href="/patent/CA3138901A1/en">
<span itemprop="representativePublication">CA3138901A1</span>
              (<span itemprop="primaryLanguage">en</span>)
            </a>
</td>
</tr>
<tr itemprop="countryStatus" itemscope="" repeat="">
<td>
<span itemprop="countryCode">IL</span>
            (<span itemprop="num">1</span>)
            
          </td>
<td>
<a href="/patent/IL287905A/en">
<span itemprop="representativePublication">IL287905A</span>
              (<span itemprop="primaryLanguage">en</span>)
            </a>
</td>
</tr>
<tr itemprop="countryStatus" itemscope="" repeat="">
<td>
<span itemprop="countryCode">MX</span>
            (<span itemprop="num">1</span>)
            
          </td>
<td>
<a href="/patent/MX2021013695A/en">
<span itemprop="representativePublication">MX2021013695A</span>
              (<span itemprop="primaryLanguage">en</span>)
            </a>
</td>
</tr>
<tr itemprop="countryStatus" itemscope="" repeat="">
<td>
<span itemprop="countryCode">SG</span>
            (<span itemprop="num">1</span>)
            
          </td>
<td>
<a href="/patent/SG11202112111WA/en">
<span itemprop="representativePublication">SG11202112111WA</span>
              (<span itemprop="primaryLanguage">en</span>)
            </a>
</td>
</tr>
<tr itemprop="countryStatus" itemscope="" repeat="">
<td>
<span itemprop="countryCode">TW</span>
            (<span itemprop="num">2</span>)
            
          </td>
<td>
<a href="/patent/TW202344255A/en">
<span itemprop="representativePublication">TW202344255A</span>
              (<span itemprop="primaryLanguage">en</span>)
            </a>
</td>
</tr>
<tr itemprop="countryStatus" itemscope="" repeat="">
<td>
<span itemprop="countryCode">WO</span>
            (<span itemprop="num">1</span>)
            
          </td>
<td>
<a href="/patent/WO2020231837A1/en">
<span itemprop="representativePublication">WO2020231837A1</span>
              (<span itemprop="primaryLanguage">en</span>)
            </a>
</td>
</tr>
</tbody>
</table>
<h2>Families Citing this family (10)</h2>
<table>
<caption>* Cited by examiner, † Cited by third party</caption>
<thead>
<tr>
<th>Publication number</th>
<th>Priority date</th>
<th>Publication date</th>
<th>Assignee</th>
<th>Title</th>
</tr>
</thead>
<tbody>
<tr itemprop="forwardReferencesFamily" itemscope="" repeat="">
<td>
<a href="/patent/EP3965772A4/en">
<span itemprop="publicationNumber">EP3965772A4</span>
              (<span itemprop="primaryLanguage">en</span>)
            </a>
</td>
<td itemprop="priorityDate">2019-05-10</td>
<td itemprop="publicationDate">2023-05-10</td>
<td><span itemprop="assigneeOriginal">Brii Biosciences, Inc.</span></td>
<td itemprop="title">
        PHARMACEUTICAL COMPOSITION WITH BREXANOLON, GANAXOLONE OR ZURANOLON AND USE THEREOF
       
       </td>
</tr>
<tr itemprop="forwardReferencesFamily" itemscope="" repeat="">
<td>
<a href="/patent/MX2022010620A/en">
<span itemprop="publicationNumber">MX2022010620A</span>
              (<span itemprop="primaryLanguage">en</span>)
            </a>
<span itemprop="examinerCited">*</span>
</td>
<td itemprop="priorityDate">2020-02-27</td>
<td itemprop="publicationDate">2022-11-30</td>
<td><span itemprop="assigneeOriginal">Brii Biosciences Inc</span></td>
<td itemprop="title">Prodrugs of neuroactive steroids. 
       </td>
</tr>
<tr itemprop="forwardReferencesFamily" itemscope="" repeat="">
<td>
<a href="/patent/JP2023539567A/en">
<span itemprop="publicationNumber">JP2023539567A</span>
              (<span itemprop="primaryLanguage">en</span>)
            </a>
<span itemprop="examinerCited">*</span>
</td>
<td itemprop="priorityDate">2020-08-17</td>
<td itemprop="publicationDate">2023-09-15</td>
<td><span itemprop="assigneeOriginal">ブリー バイオサイエンシーズ， インコーポレイテッド</span></td>
<td itemprop="title">
        Pharmaceutical compositions containing neuroactive steroids and uses thereof
       
     </td>
</tr>
<tr itemprop="forwardReferencesFamily" itemscope="" repeat="">
<td>
<a href="/patent/CN112516086B/en">
<span itemprop="publicationNumber">CN112516086B</span>
              (<span itemprop="primaryLanguage">en</span>)
            </a>
<span itemprop="examinerCited">*</span>
</td>
<td itemprop="priorityDate">2020-12-08</td>
<td itemprop="publicationDate">2022-05-20</td>
<td><span itemprop="assigneeOriginal">武汉久安药物研究院有限公司</span></td>
<td itemprop="title">Breynolone fat emulsion for injection and preparation method thereof 
       </td>
</tr>
<tr itemprop="forwardReferencesFamily" itemscope="" repeat="">
<td>
<a href="/patent/WO2022155507A1/en">
<span itemprop="publicationNumber">WO2022155507A1</span>
              (<span itemprop="primaryLanguage">en</span>)
            </a>
<span itemprop="examinerCited">*</span>
</td>
<td itemprop="priorityDate">2021-01-15</td>
<td itemprop="publicationDate">2022-07-21</td>
<td><span itemprop="assigneeOriginal">Jubilant Pharma Holdings Inc.</span></td>
<td itemprop="title">Transmucosal dosage forms of brexanolone 
       </td>
</tr>
<tr itemprop="forwardReferencesFamily" itemscope="" repeat="">
<td>
<a href="/patent/US11969434B1/en">
<span itemprop="publicationNumber">US11969434B1</span>
              (<span itemprop="primaryLanguage">en</span>)
            </a>
</td>
<td itemprop="priorityDate">2022-08-29</td>
<td itemprop="publicationDate">2024-04-30</td>
<td><span itemprop="assigneeOriginal">Lipocine Inc.</span></td>
<td itemprop="title">Oral allopregnanolone compositions and methods of use 
       </td>
</tr>
<tr itemprop="forwardReferencesFamily" itemscope="" repeat="">
<td>
<a href="/patent/TW202333740A/en">
<span itemprop="publicationNumber">TW202333740A</span>
              (<span itemprop="primaryLanguage">en</span>)
            </a>
<span itemprop="examinerCited">*</span>
</td>
<td itemprop="priorityDate">2021-11-18</td>
<td itemprop="publicationDate">2023-09-01</td>
<td><span itemprop="assigneeOriginal">美商布里生物科學股份有限公司</span></td>
<td itemprop="title">Process and therapeutic composition for treating and preventing severe injection site reactions 
     </td>
</tr>
<tr itemprop="forwardReferencesFamily" itemscope="" repeat="">
<td>
<a href="/patent/US12186327B2/en">
<span itemprop="publicationNumber">US12186327B2</span>
              (<span itemprop="primaryLanguage">en</span>)
            </a>
</td>
<td itemprop="priorityDate">2022-08-29</td>
<td itemprop="publicationDate">2025-01-07</td>
<td><span itemprop="assigneeOriginal">Lipocine Inc.</span></td>
<td itemprop="title">Oral allopregnanolone compositions and methods of use 
       </td>
</tr>
<tr itemprop="forwardReferencesFamily" itemscope="" repeat="">
<td>
<a href="/patent/JPWO2024085245A1/en">
<span itemprop="publicationNumber">JPWO2024085245A1</span>
              (<span itemprop="primaryLanguage">en</span>)
            </a>
<span itemprop="examinerCited">*</span>
</td>
<td itemprop="priorityDate">2022-10-21</td>
<td itemprop="publicationDate">2024-04-25</td>
<td></td>
<td itemprop="title"></td>
</tr>
<tr itemprop="forwardReferencesFamily" itemscope="" repeat="">
<td>
<a href="/patent/CN115957332B/en">
<span itemprop="publicationNumber">CN115957332B</span>
              (<span itemprop="primaryLanguage">en</span>)
            </a>
<span itemprop="examinerCited">*</span>
</td>
<td itemprop="priorityDate">2022-11-01</td>
<td itemprop="publicationDate">2023-10-10</td>
<td><span itemprop="assigneeOriginal">北京华睿鼎信科技有限公司</span></td>
<td itemprop="title">Hyaluronidase-stable breinox Long Nami crystal and preparation method and application thereof 
       </td>
</tr>
</tbody>
</table>
<h2>Citations (2)</h2>
<table>
<caption>* Cited by examiner, † Cited by third party</caption>
<thead>
<tr>
<th>Publication number</th>
<th>Priority date</th>
<th>Publication date</th>
<th>Assignee</th>
<th>Title</th>
</tr>
</thead>
<tbody>
<tr itemprop="backwardReferencesOrig" itemscope="" repeat="">
<td>
<a href="/patent/WO2017066626A1/en">
<span itemprop="publicationNumber">WO2017066626A1</span>
              (<span itemprop="primaryLanguage">en</span>)
            </a>
<span itemprop="examinerCited">*</span>
</td>
<td itemprop="priorityDate">2015-10-16</td>
<td itemprop="publicationDate">2017-04-20</td>
<td>
<span itemprop="assigneeOriginal">Marinus Pharmaceuticals, Inc.</span>
</td>
<td itemprop="title">Injectable neurosteroid formulations containing nanoparticles 
       </td>
</tr>
<tr itemprop="backwardReferencesOrig" itemscope="" repeat="">
<td>
<a href="/patent/WO2018195186A1/en">
<span itemprop="publicationNumber">WO2018195186A1</span>
              (<span itemprop="primaryLanguage">en</span>)
            </a>
<span itemprop="examinerCited">*</span>
</td>
<td itemprop="priorityDate">2017-04-18</td>
<td itemprop="publicationDate">2018-10-25</td>
<td>
<span itemprop="assigneeOriginal">Marinus Pharmaceuticals, Inc</span>
</td>
<td itemprop="title">Sustained release injectable neurosteroid formulations 
       </td>
</tr>
</tbody>
</table>
<h2>Family Cites Families (25)</h2>
<table>
<caption>* Cited by examiner, † Cited by third party</caption>
<thead>
<tr>
<th>Publication number</th>
<th>Priority date</th>
<th>Publication date</th>
<th>Assignee</th>
<th>Title</th>
</tr>
</thead>
<tbody>
<tr itemprop="backwardReferencesFamily" itemscope="" repeat="">
<td>
<a href="/patent/FR1359646A/en">
<span itemprop="publicationNumber">FR1359646A</span>
              (<span itemprop="primaryLanguage">en</span>)
            </a>
</td>
<td itemprop="priorityDate">1962-11-22</td>
<td itemprop="publicationDate">1964-04-30</td>
<td><span itemprop="assigneeOriginal">Roussel Uclaf</span></td>
<td itemprop="title">
  Process for the preparation of steroid derivatives and products obtained by this process
 
     </td>
</tr>
<tr itemprop="backwardReferencesFamily" itemscope="" repeat="">
<td>
<a href="/patent/NL6808141A/en">
<span itemprop="publicationNumber">NL6808141A</span>
              (<span itemprop="primaryLanguage">en</span>)
            </a>
</td>
<td itemprop="priorityDate">1967-06-16</td>
<td itemprop="publicationDate">1968-12-17</td>
<td></td>
<td itemprop="title"></td>
</tr>
<tr itemprop="backwardReferencesFamily" itemscope="" repeat="">
<td>
<a href="/patent/GB1409239A/en">
<span itemprop="publicationNumber">GB1409239A</span>
              (<span itemprop="primaryLanguage">en</span>)
            </a>
</td>
<td itemprop="priorityDate">1971-11-11</td>
<td itemprop="publicationDate">1975-10-08</td>
<td><span itemprop="assigneeOriginal">Glaxo Lab Ltd</span></td>
<td itemprop="title">Process for the preparation of 3alpha-hydroxy-5alpha-steroids 
     </td>
</tr>
<tr itemprop="backwardReferencesFamily" itemscope="" repeat="">
<td>
<a href="/patent/US8022054B2/en">
<span itemprop="publicationNumber">US8022054B2</span>
              (<span itemprop="primaryLanguage">en</span>)
            </a>
<span itemprop="examinerCited">*</span>
</td>
<td itemprop="priorityDate">2005-11-28</td>
<td itemprop="publicationDate">2011-09-20</td>
<td><span itemprop="assigneeOriginal">Marinus Pharmaceuticals</span></td>
<td itemprop="title">Liquid ganaxolone formulations and methods for the making and use thereof 
       </td>
</tr>
<tr itemprop="backwardReferencesFamily" itemscope="" repeat="">
<td>
<a href="/patent/GB0711948D0/en">
<span itemprop="publicationNumber">GB0711948D0</span>
              (<span itemprop="primaryLanguage">en</span>)
            </a>
</td>
<td itemprop="priorityDate">2007-06-20</td>
<td itemprop="publicationDate">2007-08-01</td>
<td><span itemprop="assigneeOriginal">Bionature E A Ltd</span></td>
<td itemprop="title">Neurosteriod compounds 
     </td>
</tr>
<tr itemprop="backwardReferencesFamily" itemscope="" repeat="">
<td>
<a href="/patent/US20130245253A1/en">
<span itemprop="publicationNumber">US20130245253A1</span>
              (<span itemprop="primaryLanguage">en</span>)
            </a>
</td>
<td itemprop="priorityDate">2010-03-26</td>
<td itemprop="publicationDate">2013-09-19</td>
<td><span itemprop="assigneeOriginal">Department Of Veterans Affairs</span></td>
<td itemprop="title">Conjugated Neuroactive Steroid Compositions And Methods Of Use 
       </td>
</tr>
<tr itemprop="backwardReferencesFamily" itemscope="" repeat="">
<td>
<a href="/patent/WO2013112605A2/en">
<span itemprop="publicationNumber">WO2013112605A2</span>
              (<span itemprop="primaryLanguage">en</span>)
            </a>
</td>
<td itemprop="priorityDate">2012-01-23</td>
<td itemprop="publicationDate">2013-08-01</td>
<td><span itemprop="assigneeOriginal">Sage Therapeutics, Inc.</span></td>
<td itemprop="title">Neuroactive steroid formulations and methods of treating cns disorders 
       </td>
</tr>
<tr itemprop="backwardReferencesFamily" itemscope="" repeat="">
<td>
<a href="/patent/EP2925327B1/en">
<span itemprop="publicationNumber">EP2925327B1</span>
              (<span itemprop="primaryLanguage">en</span>)
            </a>
</td>
<td itemprop="priorityDate">2012-11-30</td>
<td itemprop="publicationDate">2024-01-10</td>
<td><span itemprop="assigneeOriginal">The Regents of The University of California</span></td>
<td itemprop="title">Allopregnanolone for treating, reducing or mitigating symptoms of post-partum depression 
       </td>
</tr>
<tr itemprop="backwardReferencesFamily" itemscope="" repeat="">
<td>
<a href="/patent/IL310348A/en">
<span itemprop="publicationNumber">IL310348A</span>
              (<span itemprop="primaryLanguage">en</span>)
            </a>
</td>
<td itemprop="priorityDate">2013-04-17</td>
<td itemprop="publicationDate">2024-03-01</td>
<td><span itemprop="assigneeOriginal">Sage Therapeutics Inc</span></td>
<td itemprop="title">19-nor c3,3-disubstituted c21-n-pyrazolyl steroids and methods of use thereof 
       </td>
</tr>
<tr itemprop="backwardReferencesFamily" itemscope="" repeat="">
<td>
<a href="/patent/EP3188734A4/en">
<span itemprop="publicationNumber">EP3188734A4</span>
              (<span itemprop="primaryLanguage">en</span>)
            </a>
</td>
<td itemprop="priorityDate">2014-09-02</td>
<td itemprop="publicationDate">2018-01-10</td>
<td><span itemprop="assigneeOriginal">The Texas A&amp;M University System</span></td>
<td itemprop="title">Method of treating organophosphate intoxication 
       </td>
</tr>
<tr itemprop="backwardReferencesFamily" itemscope="" repeat="">
<td>
<a href="/patent/JOP20200195A1/en">
<span itemprop="publicationNumber">JOP20200195A1</span>
              (<span itemprop="primaryLanguage">en</span>)
            </a>
</td>
<td itemprop="priorityDate">2014-09-08</td>
<td itemprop="publicationDate">2017-06-16</td>
<td><span itemprop="assigneeOriginal">Sage Therapeutics Inc</span></td>
<td itemprop="title">
        Neuroactive steroids and formulations, and their uses
       
       </td>
</tr>
<tr itemprop="backwardReferencesFamily" itemscope="" repeat="">
<td>
<a href="/patent/CN107427458A/en">
<span itemprop="publicationNumber">CN107427458A</span>
              (<span itemprop="primaryLanguage">en</span>)
            </a>
</td>
<td itemprop="priorityDate">2015-02-06</td>
<td itemprop="publicationDate">2017-12-01</td>
<td><span itemprop="assigneeOriginal">马瑞纳斯制药公司</span></td>
<td itemprop="title">
        Intravenous ganaxolone formulations and their use in the treatment of status epilepticus and other seizure disorders
       
       </td>
</tr>
<tr itemprop="backwardReferencesFamily" itemscope="" repeat="">
<td>
<a href="/patent/CA3017172C/en">
<span itemprop="publicationNumber">CA3017172C</span>
              (<span itemprop="primaryLanguage">en</span>)
            </a>
</td>
<td itemprop="priorityDate">2016-03-08</td>
<td itemprop="publicationDate">2023-03-14</td>
<td><span itemprop="assigneeOriginal">Sage Therapeutics, Inc.</span></td>
<td itemprop="title">Neuroactive steroids, compositions, and uses thereof 
       </td>
</tr>
<tr itemprop="backwardReferencesFamily" itemscope="" repeat="">
<td>
<a href="/patent/US11396525B2/en">
<span itemprop="publicationNumber">US11396525B2</span>
              (<span itemprop="primaryLanguage">en</span>)
            </a>
</td>
<td itemprop="priorityDate">2016-07-11</td>
<td itemprop="publicationDate">2022-07-26</td>
<td><span itemprop="assigneeOriginal">Sage Therapeutics, Inc.</span></td>
<td itemprop="title">C17, C20, and C21 substituted neuroactive steroids and their methods of use 
       </td>
</tr>
<tr itemprop="backwardReferencesFamily" itemscope="" repeat="">
<td>
<a href="/patent/US10391105B2/en">
<span itemprop="publicationNumber">US10391105B2</span>
              (<span itemprop="primaryLanguage">en</span>)
            </a>
</td>
<td itemprop="priorityDate">2016-09-09</td>
<td itemprop="publicationDate">2019-08-27</td>
<td><span itemprop="assigneeOriginal">Marinus Pharmaceuticals Inc.</span></td>
<td itemprop="title">Methods of treating certain depressive disorders and delirium tremens 
       </td>
</tr>
<tr itemprop="backwardReferencesFamily" itemscope="" repeat="">
<td>
<a href="/patent/CN108148106A/en">
<span itemprop="publicationNumber">CN108148106A</span>
              (<span itemprop="primaryLanguage">en</span>)
            </a>
</td>
<td itemprop="priorityDate">2016-12-05</td>
<td itemprop="publicationDate">2018-06-12</td>
<td><span itemprop="assigneeOriginal">江苏恩华络康药物研发有限公司</span></td>
<td itemprop="title">A kind of water solubility allopregnenolone derivative and application thereof 
       </td>
</tr>
<tr itemprop="backwardReferencesFamily" itemscope="" repeat="">
<td>
<a href="/patent/EP3641779B1/en">
<span itemprop="publicationNumber">EP3641779B1</span>
              (<span itemprop="primaryLanguage">en</span>)
            </a>
</td>
<td itemprop="priorityDate">2017-06-23</td>
<td itemprop="publicationDate">2024-02-28</td>
<td><span itemprop="assigneeOriginal">The Board of Trustees of the University of Illinois</span></td>
<td itemprop="title">Treatment of neuropsychiatric disorders with neurosteroids and analogues thereof 
       </td>
</tr>
<tr itemprop="backwardReferencesFamily" itemscope="" repeat="">
<td>
<a href="/patent/US10711030B2/en">
<span itemprop="publicationNumber">US10711030B2</span>
              (<span itemprop="primaryLanguage">en</span>)
            </a>
</td>
<td itemprop="priorityDate">2018-09-18</td>
<td itemprop="publicationDate">2020-07-14</td>
<td><span itemprop="assigneeOriginal">Farmabios S.P.S.</span></td>
<td itemprop="title">Process for the preparation of allopregnanolone 
       </td>
</tr>
<tr itemprop="backwardReferencesFamily" itemscope="" repeat="">
<td>
<a href="/patent/WO2020118142A1/en">
<span itemprop="publicationNumber">WO2020118142A1</span>
              (<span itemprop="primaryLanguage">en</span>)
            </a>
</td>
<td itemprop="priorityDate">2018-12-07</td>
<td itemprop="publicationDate">2020-06-11</td>
<td><span itemprop="assigneeOriginal">Marinus Pharmaceuticals, Inc.</span></td>
<td itemprop="title">Ganaxolone for use in prophylaxis and treatment of pospartum depression 
       </td>
</tr>
<tr itemprop="backwardReferencesFamily" itemscope="" repeat="">
<td>
<a href="/patent/CA3136389A1/en">
<span itemprop="publicationNumber">CA3136389A1</span>
              (<span itemprop="primaryLanguage">en</span>)
            </a>
</td>
<td itemprop="priorityDate">2019-04-05</td>
<td itemprop="publicationDate">2020-10-08</td>
<td><span itemprop="assigneeOriginal">The Regents Of The University Of California</span></td>
<td itemprop="title">Allopregnanolone compositions and uses thereof 
       </td>
</tr>
<tr itemprop="backwardReferencesFamily" itemscope="" repeat="">
<td>
<a href="/patent/EP3965772A4/en">
<span itemprop="publicationNumber">EP3965772A4</span>
              (<span itemprop="primaryLanguage">en</span>)
            </a>
</td>
<td itemprop="priorityDate">2019-05-10</td>
<td itemprop="publicationDate">2023-05-10</td>
<td><span itemprop="assigneeOriginal">Brii Biosciences, Inc.</span></td>
<td itemprop="title">
        PHARMACEUTICAL COMPOSITION WITH BREXANOLON, GANAXOLONE OR ZURANOLON AND USE THEREOF
       
       </td>
</tr>
<tr itemprop="backwardReferencesFamily" itemscope="" repeat="">
<td>
<a href="/patent/AU2020284110A1/en">
<span itemprop="publicationNumber">AU2020284110A1</span>
              (<span itemprop="primaryLanguage">en</span>)
            </a>
</td>
<td itemprop="priorityDate">2019-05-31</td>
<td itemprop="publicationDate">2021-11-25</td>
<td><span itemprop="assigneeOriginal">Sage Therapeutics, Inc.</span></td>
<td itemprop="title">Neuroactive steroids and compositions thereof 
     </td>
</tr>
<tr itemprop="backwardReferencesFamily" itemscope="" repeat="">
<td>
<a href="/patent/BR112022013585A2/en">
<span itemprop="publicationNumber">BR112022013585A2</span>
              (<span itemprop="primaryLanguage">en</span>)
            </a>
</td>
<td itemprop="priorityDate">2020-01-12</td>
<td itemprop="publicationDate">2022-09-13</td>
<td><span itemprop="assigneeOriginal">Brii Biosciences Inc</span></td>
<td itemprop="title">
  NEUROACTIVE STEROIDS AND PHARMACEUTICAL COMPOSITION CONTAINING THE SAME
 
     </td>
</tr>
<tr itemprop="backwardReferencesFamily" itemscope="" repeat="">
<td>
<a href="/patent/MX2022010620A/en">
<span itemprop="publicationNumber">MX2022010620A</span>
              (<span itemprop="primaryLanguage">en</span>)
            </a>
</td>
<td itemprop="priorityDate">2020-02-27</td>
<td itemprop="publicationDate">2022-11-30</td>
<td><span itemprop="assigneeOriginal">Brii Biosciences Inc</span></td>
<td itemprop="title">Prodrugs of neuroactive steroids. 
       </td>
</tr>
<tr itemprop="backwardReferencesFamily" itemscope="" repeat="">
<td>
<a href="/patent/JP2023539567A/en">
<span itemprop="publicationNumber">JP2023539567A</span>
              (<span itemprop="primaryLanguage">en</span>)
            </a>
</td>
<td itemprop="priorityDate">2020-08-17</td>
<td itemprop="publicationDate">2023-09-15</td>
<td><span itemprop="assigneeOriginal">ブリー バイオサイエンシーズ， インコーポレイテッド</span></td>
<td itemprop="title">
        Pharmaceutical compositions containing neuroactive steroids and uses thereof
       
     </td>
</tr>
</tbody>
</table>
<ul>
<li itemprop="applicationsByYear" itemscope="" repeat="">
<span itemprop="year">2020</span>
<ul>
<li itemprop="application" itemscope="" repeat="">
<span itemprop="filingDate">2020-05-08</span>
<span itemprop="countryCode">EP</span>
<span itemprop="applicationNumber">EP20805552.5A</span>
<a href="/patent/EP3965772A4/en"><span itemprop="documentId">patent/EP3965772A4/en</span></a>
<span itemprop="legalStatusCat">active</span>
<span itemprop="legalStatus">Pending</span>
<span bool="" content="true" itemprop="thisApp"></span>
</li>
<li itemprop="application" itemscope="" repeat="">
<span itemprop="filingDate">2020-05-08</span>
<span itemprop="countryCode">KR</span>
<span itemprop="applicationNumber">KR1020217039658A</span>
<a href="/patent/KR20220006565A/en"><span itemprop="documentId">patent/KR20220006565A/en</span></a>
<span itemprop="legalStatusCat">not_active</span>
<span itemprop="legalStatus">Withdrawn</span>
</li>
<li itemprop="application" itemscope="" repeat="">
<span itemprop="filingDate">2020-05-08</span>
<span itemprop="countryCode">CA</span>
<span itemprop="applicationNumber">CA3138901A</span>
<a href="/patent/CA3138901A1/en"><span itemprop="documentId">patent/CA3138901A1/en</span></a>
<span itemprop="legalStatusCat">active</span>
<span itemprop="legalStatus">Pending</span>
</li>
<li itemprop="application" itemscope="" repeat="">
<span itemprop="filingDate">2020-05-08</span>
<span itemprop="countryCode">US</span>
<span itemprop="applicationNumber">US17/610,236</span>
<a href="/patent/US12370200B2/en"><span itemprop="documentId">patent/US12370200B2/en</span></a>
<span itemprop="legalStatusCat">active</span>
<span itemprop="legalStatus">Active</span>
</li>
<li itemprop="application" itemscope="" repeat="">
<span itemprop="filingDate">2020-05-08</span>
<span itemprop="countryCode">SG</span>
<span itemprop="applicationNumber">SG11202112111WA</span>
<a href="/patent/SG11202112111WA/en"><span itemprop="documentId">patent/SG11202112111WA/en</span></a>
<span itemprop="legalStatusCat">unknown</span>
<span itemprop="legalStatus"></span>
</li>
<li itemprop="application" itemscope="" repeat="">
<span itemprop="filingDate">2020-05-08</span>
<span itemprop="countryCode">JP</span>
<span itemprop="applicationNumber">JP2021566976A</span>
<a href="/patent/JP2022532710A/en"><span itemprop="documentId">patent/JP2022532710A/en</span></a>
<span itemprop="legalStatusCat">active</span>
<span itemprop="legalStatus">Pending</span>
</li>
<li itemprop="application" itemscope="" repeat="">
<span itemprop="filingDate">2020-05-08</span>
<span itemprop="countryCode">BR</span>
<span itemprop="applicationNumber">BR112021022527A</span>
<a href="/patent/BR112021022527A2/en"><span itemprop="documentId">patent/BR112021022527A2/en</span></a>
<span itemprop="legalStatusCat">unknown</span>
<span itemprop="legalStatus"></span>
</li>
<li itemprop="application" itemscope="" repeat="">
<span itemprop="filingDate">2020-05-08</span>
<span itemprop="countryCode">MX</span>
<span itemprop="applicationNumber">MX2021013695A</span>
<a href="/patent/MX2021013695A/en"><span itemprop="documentId">patent/MX2021013695A/en</span></a>
<span itemprop="legalStatusCat">unknown</span>
<span itemprop="legalStatus"></span>
</li>
<li itemprop="application" itemscope="" repeat="">
<span itemprop="filingDate">2020-05-08</span>
<span itemprop="countryCode">CN</span>
<span itemprop="applicationNumber">CN202080042380.9A</span>
<a href="/patent/CN113939299B/en"><span itemprop="documentId">patent/CN113939299B/en</span></a>
<span itemprop="legalStatusCat">active</span>
<span itemprop="legalStatus">Active</span>
</li>
<li itemprop="application" itemscope="" repeat="">
<span itemprop="filingDate">2020-05-08</span>
<span itemprop="countryCode">WO</span>
<span itemprop="applicationNumber">PCT/US2020/032172</span>
<a href="/patent/WO2020231837A1/en"><span itemprop="documentId">patent/WO2020231837A1/en</span></a>
<span itemprop="legalStatusCat">active</span>
<span itemprop="legalStatus">IP Right Grant</span>
</li>
<li itemprop="application" itemscope="" repeat="">
<span itemprop="filingDate">2020-05-08</span>
<span itemprop="countryCode">AU</span>
<span itemprop="applicationNumber">AU2020275291A</span>
<a href="/patent/AU2020275291A1/en"><span itemprop="documentId">patent/AU2020275291A1/en</span></a>
<span itemprop="legalStatusCat">active</span>
<span itemprop="legalStatus">Pending</span>
</li>
<li itemprop="application" itemscope="" repeat="">
<span itemprop="filingDate">2020-05-11</span>
<span itemprop="countryCode">TW</span>
<span itemprop="applicationNumber">TW112103512A</span>
<a href="/patent/TW202344255A/en"><span itemprop="documentId">patent/TW202344255A/en</span></a>
<span itemprop="legalStatusCat">unknown</span>
<span itemprop="legalStatus"></span>
</li>
<li itemprop="application" itemscope="" repeat="">
<span itemprop="filingDate">2020-05-11</span>
<span itemprop="countryCode">TW</span>
<span itemprop="applicationNumber">TW109115629A</span>
<a href="/patent/TWI793419B/en"><span itemprop="documentId">patent/TWI793419B/en</span></a>
<span itemprop="legalStatusCat">active</span>
<span itemprop="legalStatus"></span>
</li>
</ul>
</li>
<li itemprop="applicationsByYear" itemscope="" repeat="">
<span itemprop="year">2021</span>
<ul>
<li itemprop="application" itemscope="" repeat="">
<span itemprop="filingDate">2021-11-08</span>
<span itemprop="countryCode">IL</span>
<span itemprop="applicationNumber">IL287905A</span>
<a href="/patent/IL287905A/en"><span itemprop="documentId">patent/IL287905A/en</span></a>
<span itemprop="legalStatusCat">unknown</span>
<span itemprop="legalStatus"></span>
</li>
</ul>
</li>
</ul>
</section>
<section>
<h2>Patent Citations (2)</h2>
<table>
<caption>* Cited by examiner, † Cited by third party</caption>
<thead>
<tr>
<th>Publication number</th>
<th>Priority date</th>
<th>Publication date</th>
<th>Assignee</th>
<th>Title</th>
</tr>
</thead>
<tbody>
<tr itemprop="backwardReferences" itemscope="" repeat="">
<td>
<a href="/patent/WO2017066626A1/en">
<span itemprop="publicationNumber">WO2017066626A1</span>
              (<span itemprop="primaryLanguage">en</span>)
            </a>
<span itemprop="examinerCited">*</span>
</td>
<td itemprop="priorityDate">2015-10-16</td>
<td itemprop="publicationDate">2017-04-20</td>
<td><span itemprop="assigneeOriginal">Marinus Pharmaceuticals, Inc.</span></td>
<td itemprop="title">Injectable neurosteroid formulations containing nanoparticles 
       </td>
</tr>
<tr itemprop="backwardReferences" itemscope="" repeat="">
<td>
<a href="/patent/WO2018195186A1/en">
<span itemprop="publicationNumber">WO2018195186A1</span>
              (<span itemprop="primaryLanguage">en</span>)
            </a>
<span itemprop="examinerCited">*</span>
</td>
<td itemprop="priorityDate">2017-04-18</td>
<td itemprop="publicationDate">2018-10-25</td>
<td><span itemprop="assigneeOriginal">Marinus Pharmaceuticals, Inc</span></td>
<td itemprop="title">Sustained release injectable neurosteroid formulations 
       </td>
</tr>
</tbody>
</table>
</section>
<section>
<h2>Non-Patent Citations (1)</h2>
<table>
<caption>* Cited by examiner, † Cited by third party</caption>
<thead>
<tr>
<th>Title</th>
</tr>
</thead>
<tbody>
<tr itemprop="detailedNonPatentLiterature" itemscope="" repeat="">
<td>
<span itemprop="title">See also references of <a href="/patent/WO2020231837A1#nplCitations">WO2020231837A1</a></span>
<span itemprop="examinerCited">*</span>
</td>
</tr>
</tbody>
</table>
</section>
<section>
<h2>Also Published As</h2>
<table>
<thead>
<tr>
<th>Publication number</th>
<th>Publication date</th>
</tr>
</thead>
<tbody>
<tr itemprop="docdbFamily" itemscope="" repeat="">
<td>
<a href="/patent/TW202108146A/en">
<span itemprop="publicationNumber">TW202108146A</span>
              (<span itemprop="primaryLanguage">en</span>)
            </a>
</td>
<td itemprop="publicationDate">2021-03-01</td>
</tr>
<tr itemprop="docdbFamily" itemscope="" repeat="">
<td>
<a href="/patent/US20220241295A1/en">
<span itemprop="publicationNumber">US20220241295A1</span>
              (<span itemprop="primaryLanguage">en</span>)
            </a>
</td>
<td itemprop="publicationDate">2022-08-04</td>
</tr>
<tr itemprop="docdbFamily" itemscope="" repeat="">
<td>
<a href="/patent/SG11202112111WA/en">
<span itemprop="publicationNumber">SG11202112111WA</span>
              (<span itemprop="primaryLanguage">en</span>)
            </a>
</td>
<td itemprop="publicationDate">2021-11-29</td>
</tr>
<tr itemprop="docdbFamily" itemscope="" repeat="">
<td>
<a href="/patent/IL287905A/en">
<span itemprop="publicationNumber">IL287905A</span>
              (<span itemprop="primaryLanguage">en</span>)
            </a>
</td>
<td itemprop="publicationDate">2022-01-01</td>
</tr>
<tr itemprop="docdbFamily" itemscope="" repeat="">
<td>
<a href="/patent/AU2020275291A1/en">
<span itemprop="publicationNumber">AU2020275291A1</span>
              (<span itemprop="primaryLanguage">en</span>)
            </a>
</td>
<td itemprop="publicationDate">2021-11-25</td>
</tr>
<tr itemprop="docdbFamily" itemscope="" repeat="">
<td>
<a href="/patent/BR112021022527A2/en">
<span itemprop="publicationNumber">BR112021022527A2</span>
              (<span itemprop="primaryLanguage">en</span>)
            </a>
</td>
<td itemprop="publicationDate">2021-12-28</td>
</tr>
<tr itemprop="docdbFamily" itemscope="" repeat="">
<td>
<a href="/patent/JP2022532710A/en">
<span itemprop="publicationNumber">JP2022532710A</span>
              (<span itemprop="primaryLanguage">en</span>)
            </a>
</td>
<td itemprop="publicationDate">2022-07-19</td>
</tr>
<tr itemprop="docdbFamily" itemscope="" repeat="">
<td>
<a href="/patent/TW202344255A/en">
<span itemprop="publicationNumber">TW202344255A</span>
              (<span itemprop="primaryLanguage">en</span>)
            </a>
</td>
<td itemprop="publicationDate">2023-11-16</td>
</tr>
<tr itemprop="docdbFamily" itemscope="" repeat="">
<td>
<a href="/patent/CA3138901A1/en">
<span itemprop="publicationNumber">CA3138901A1</span>
              (<span itemprop="primaryLanguage">en</span>)
            </a>
</td>
<td itemprop="publicationDate">2020-11-19</td>
</tr>
<tr itemprop="docdbFamily" itemscope="" repeat="">
<td>
<a href="/patent/MX2021013695A/en">
<span itemprop="publicationNumber">MX2021013695A</span>
              (<span itemprop="primaryLanguage">en</span>)
            </a>
</td>
<td itemprop="publicationDate">2022-01-26</td>
</tr>
<tr itemprop="docdbFamily" itemscope="" repeat="">
<td>
<a href="/patent/US12370200B2/en">
<span itemprop="publicationNumber">US12370200B2</span>
              (<span itemprop="primaryLanguage">en</span>)
            </a>
</td>
<td itemprop="publicationDate">2025-07-29</td>
</tr>
<tr itemprop="docdbFamily" itemscope="" repeat="">
<td>
<a href="/patent/WO2020231837A1/en">
<span itemprop="publicationNumber">WO2020231837A1</span>
              (<span itemprop="primaryLanguage">en</span>)
            </a>
</td>
<td itemprop="publicationDate">2020-11-19</td>
</tr>
<tr itemprop="docdbFamily" itemscope="" repeat="">
<td>
<a href="/patent/CN113939299B/en">
<span itemprop="publicationNumber">CN113939299B</span>
              (<span itemprop="primaryLanguage">en</span>)
            </a>
</td>
<td itemprop="publicationDate">2024-12-06</td>
</tr>
<tr itemprop="docdbFamily" itemscope="" repeat="">
<td>
<a href="/patent/EP3965772A1/en">
<span itemprop="publicationNumber">EP3965772A1</span>
              (<span itemprop="primaryLanguage">en</span>)
            </a>
</td>
<td itemprop="publicationDate">2022-03-16</td>
</tr>
<tr itemprop="docdbFamily" itemscope="" repeat="">
<td>
<a href="/patent/CN113939299A/en">
<span itemprop="publicationNumber">CN113939299A</span>
              (<span itemprop="primaryLanguage">en</span>)
            </a>
</td>
<td itemprop="publicationDate">2022-01-14</td>
</tr>
<tr itemprop="docdbFamily" itemscope="" repeat="">
<td>
<a href="/patent/TWI793419B/en">
<span itemprop="publicationNumber">TWI793419B</span>
              (<span itemprop="primaryLanguage">en</span>)
            </a>
</td>
<td itemprop="publicationDate">2023-02-21</td>
</tr>
<tr itemprop="docdbFamily" itemscope="" repeat="">
<td>
<a href="/patent/KR20220006565A/en">
<span itemprop="publicationNumber">KR20220006565A</span>
              (<span itemprop="primaryLanguage">en</span>)
            </a>
</td>
<td itemprop="publicationDate">2022-01-17</td>
</tr>
</tbody>
</table>
</section>
<section>
<h2>Similar Documents</h2>
<table>
<thead>
<tr>
<th>Publication</th>
<th>Publication Date</th>
<th>Title</th>
</tr>
</thead>
<tbody>
<tr itemprop="similarDocuments" itemscope="" repeat="">
<td>
<meta content="true" itemprop="isPatent"/>
<a href="/patent/EP3965772A4/en">
<span itemprop="publicationNumber">EP3965772A4</span>
                (<span itemprop="primaryLanguage">en</span>)
              </a>
</td>
<td>
<time datetime="2023-05-10" itemprop="publicationDate">2023-05-10</time>
</td>
<td itemprop="title">
        PHARMACEUTICAL COMPOSITION WITH BREXANOLON, GANAXOLONE OR ZURANOLON AND USE THEREOF
       
       </td>
</tr>
<tr itemprop="similarDocuments" itemscope="" repeat="">
<td>
<meta content="true" itemprop="isPatent"/>
<a href="/patent/PL3629995T3/en">
<span itemprop="publicationNumber">PL3629995T3</span>
                (<span itemprop="primaryLanguage">en</span>)
              </a>
</td>
<td>
<time datetime="2023-06-12" itemprop="publicationDate">2023-06-12</time>
</td>
<td itemprop="title">
        DENTAL BRACES WITH DOUBLE GUARDS AND MATERIAL CONSTRUCTIONS
       
       </td>
</tr>
<tr itemprop="similarDocuments" itemscope="" repeat="">
<td>
<meta content="true" itemprop="isPatent"/>
<a href="/patent/EP3882275A4/en">
<span itemprop="publicationNumber">EP3882275A4</span>
                (<span itemprop="primaryLanguage">en</span>)
              </a>
</td>
<td>
<time datetime="2022-08-10" itemprop="publicationDate">2022-08-10</time>
</td>
<td itemprop="title">
        ANTI-PD-1 AND ANTI-VEGFA BIFUNCTIONAL ANTIBODY, PHARMACEUTICAL COMPOSITION THEREOF AND USE THEREOF
       
       </td>
</tr>
<tr itemprop="similarDocuments" itemscope="" repeat="">
<td>
<meta content="true" itemprop="isPatent"/>
<a href="/patent/EP4074334A4/en">
<span itemprop="publicationNumber">EP4074334A4</span>
                (<span itemprop="primaryLanguage">en</span>)
              </a>
</td>
<td>
<time datetime="2024-09-04" itemprop="publicationDate">2024-09-04</time>
</td>
<td itemprop="title">
        PHARMACEUTICAL COMPOSITION AND USE THEREOF
       
       </td>
</tr>
<tr itemprop="similarDocuments" itemscope="" repeat="">
<td>
<meta content="true" itemprop="isPatent"/>
<a href="/patent/EP3894398A4/en">
<span itemprop="publicationNumber">EP3894398A4</span>
                (<span itemprop="primaryLanguage">en</span>)
              </a>
</td>
<td>
<time datetime="2022-09-14" itemprop="publicationDate">2022-09-14</time>
</td>
<td itemprop="title">
        3,3-DIFLUORALLYLAMINES OR SALTS THEREOF AND PHARMACEUTICAL COMPOSITIONS THEREOF
       
       </td>
</tr>
<tr itemprop="similarDocuments" itemscope="" repeat="">
<td>
<meta content="true" itemprop="isPatent"/>
<a href="/patent/EP3842534A4/en">
<span itemprop="publicationNumber">EP3842534A4</span>
                (<span itemprop="primaryLanguage">en</span>)
              </a>
</td>
<td>
<time datetime="2022-07-06" itemprop="publicationDate">2022-07-06</time>
</td>
<td itemprop="title">
        NUCLEIC ACID, PHARMACEUTICAL COMPOSITION AND CONJUGATE WITH NUCLEIC ACID AND THEIR USE
       
       </td>
</tr>
<tr itemprop="similarDocuments" itemscope="" repeat="">
<td>
<meta content="true" itemprop="isPatent"/>
<a href="/patent/EP3762392A4/en">
<span itemprop="publicationNumber">EP3762392A4</span>
                (<span itemprop="primaryLanguage">en</span>)
              </a>
</td>
<td>
<time datetime="2021-09-15" itemprop="publicationDate">2021-09-15</time>
</td>
<td itemprop="title">
        THIENOPYRIDINE DERIVATIVES AND PHARMACEUTICAL COMPOSITION THEREOF
       
       </td>
</tr>
<tr itemprop="similarDocuments" itemscope="" repeat="">
<td>
<meta content="true" itemprop="isPatent"/>
<a href="/patent/EP3868408A4/en">
<span itemprop="publicationNumber">EP3868408A4</span>
                (<span itemprop="primaryLanguage">en</span>)
              </a>
</td>
<td>
<time datetime="2022-07-06" itemprop="publicationDate">2022-07-06</time>
</td>
<td itemprop="title">
        ANTISYCHOTIC AND ITS USE
       
       </td>
</tr>
<tr itemprop="similarDocuments" itemscope="" repeat="">
<td>
<meta content="true" itemprop="isPatent"/>
<a href="/patent/EP3770148C0/en">
<span itemprop="publicationNumber">EP3770148C0</span>
                (<span itemprop="primaryLanguage">en</span>)
              </a>
</td>
<td>
<time datetime="2024-10-02" itemprop="publicationDate">2024-10-02</time>
</td>
<td itemprop="title">
        RECEPTOR INHIBITOR, PHARMACEUTICAL COMPOSITION THEREOF AND USE THEREOF
       
       </td>
</tr>
<tr itemprop="similarDocuments" itemscope="" repeat="">
<td>
<meta content="true" itemprop="isPatent"/>
<a href="/patent/EP3607957A4/en">
<span itemprop="publicationNumber">EP3607957A4</span>
                (<span itemprop="primaryLanguage">en</span>)
              </a>
</td>
<td>
<time datetime="2020-12-16" itemprop="publicationDate">2020-12-16</time>
</td>
<td itemprop="title">
        PHARMACEUTICAL COMPOSITION AND COSMETIC COMPOSITION
       
       </td>
</tr>
<tr itemprop="similarDocuments" itemscope="" repeat="">
<td>
<meta content="true" itemprop="isPatent"/>
<a href="/patent/EP3768675A4/en">
<span itemprop="publicationNumber">EP3768675A4</span>
                (<span itemprop="primaryLanguage">en</span>)
              </a>
</td>
<td>
<time datetime="2021-12-22" itemprop="publicationDate">2021-12-22</time>
</td>
<td itemprop="title">
        NOVEL TRIAZOLONE DERIVATIVES OR SALTS THEREOF AND PHARMACEUTICAL COMPOSITIONS THEREOF
       
       </td>
</tr>
<tr itemprop="similarDocuments" itemscope="" repeat="">
<td>
<meta content="true" itemprop="isPatent"/>
<a href="/patent/EP4005591A4/en">
<span itemprop="publicationNumber">EP4005591A4</span>
                (<span itemprop="primaryLanguage">en</span>)
              </a>
</td>
<td>
<time datetime="2023-08-16" itemprop="publicationDate">2023-08-16</time>
</td>
<td itemprop="title">
        ANTINEOPLASTIC COMBINED PHARMACEUTICAL COMPOSITION AND ITS USE
       
       </td>
</tr>
<tr itemprop="similarDocuments" itemscope="" repeat="">
<td>
<meta content="true" itemprop="isPatent"/>
<a href="/patent/EP4036107A4/en">
<span itemprop="publicationNumber">EP4036107A4</span>
                (<span itemprop="primaryLanguage">en</span>)
              </a>
</td>
<td>
<time datetime="2024-01-17" itemprop="publicationDate">2024-01-17</time>
</td>
<td itemprop="title">
        MMUP MONOMER VARIANT AND THEIR USE
       
       </td>
</tr>
<tr itemprop="similarDocuments" itemscope="" repeat="">
<td>
<meta content="true" itemprop="isPatent"/>
<a href="/patent/EP3712144A4/en">
<span itemprop="publicationNumber">EP3712144A4</span>
                (<span itemprop="primaryLanguage">en</span>)
              </a>
</td>
<td>
<time datetime="2021-04-14" itemprop="publicationDate">2021-04-14</time>
</td>
<td itemprop="title">
        P2X3 AND / OR P2X2 / 3 RECEPTOR ANTAGONIST, PHARMACEUTICAL COMPOSITION THEREOF, AND USE THEREOF
       
       </td>
</tr>
<tr itemprop="similarDocuments" itemscope="" repeat="">
<td>
<meta content="true" itemprop="isPatent"/>
<a href="/patent/EP3591038A4/en">
<span itemprop="publicationNumber">EP3591038A4</span>
                (<span itemprop="primaryLanguage">en</span>)
              </a>
</td>
<td>
<time datetime="2020-11-25" itemprop="publicationDate">2020-11-25</time>
</td>
<td itemprop="title">
        MESENCHYMAL STEM CELLS AND PHARMACEUTICAL COMPOSITION
       
       </td>
</tr>
<tr itemprop="similarDocuments" itemscope="" repeat="">
<td>
<meta content="true" itemprop="isPatent"/>
<a href="/patent/EP3586872A4/en">
<span itemprop="publicationNumber">EP3586872A4</span>
                (<span itemprop="primaryLanguage">en</span>)
              </a>
</td>
<td>
<time datetime="2020-12-30" itemprop="publicationDate">2020-12-30</time>
</td>
<td itemprop="title">
        PHARMACEUTICAL COMPOSITION, ANTIG-BINDING MOLECULES, TREATMENT METHODS AND SCREENING METHODS
       
       </td>
</tr>
<tr itemprop="similarDocuments" itemscope="" repeat="">
<td>
<meta content="true" itemprop="isPatent"/>
<a href="/patent/EP3689857A4/en">
<span itemprop="publicationNumber">EP3689857A4</span>
                (<span itemprop="primaryLanguage">en</span>)
              </a>
</td>
<td>
<time datetime="2021-06-09" itemprop="publicationDate">2021-06-09</time>
</td>
<td itemprop="title">
        GRISEOFULVINE COMPOUND AND PHARMACEUTICAL USE THEREOF
       
       </td>
</tr>
<tr itemprop="similarDocuments" itemscope="" repeat="">
<td>
<meta content="true" itemprop="isPatent"/>
<a href="/patent/EP3643784A4/en">
<span itemprop="publicationNumber">EP3643784A4</span>
                (<span itemprop="primaryLanguage">en</span>)
              </a>
</td>
<td>
<time datetime="2021-05-05" itemprop="publicationDate">2021-05-05</time>
</td>
<td itemprop="title">
        RECOMBINANT HUMAN BASIC FIBROBLAST GROWTH FACTOR (RH-BFGF) AND PHARMACEUTICAL COMPOSITION WITH RH-BFGF
       
       </td>
</tr>
<tr itemprop="similarDocuments" itemscope="" repeat="">
<td>
<meta content="true" itemprop="isPatent"/>
<a href="/patent/EP3894408A4/en">
<span itemprop="publicationNumber">EP3894408A4</span>
                (<span itemprop="primaryLanguage">en</span>)
              </a>
</td>
<td>
<time datetime="2022-08-17" itemprop="publicationDate">2022-08-17</time>
</td>
<td itemprop="title">
        TRIAZOLOPYRIDIN-3-ONE OR THEIR SALTS AND PHARMACEUTICAL COMPOSITIONS CONTAINING THEM
       
       </td>
</tr>
<tr itemprop="similarDocuments" itemscope="" repeat="">
<td>
<meta content="true" itemprop="isPatent"/>
<a href="/patent/EP3659586A4/en">
<span itemprop="publicationNumber">EP3659586A4</span>
                (<span itemprop="primaryLanguage">en</span>)
              </a>
</td>
<td>
<time datetime="2020-08-12" itemprop="publicationDate">2020-08-12</time>
</td>
<td itemprop="title">
        SOST ANTIBODY PHARMACEUTICAL COMPOSITION AND USES THEREOF
       
       </td>
</tr>
<tr itemprop="similarDocuments" itemscope="" repeat="">
<td>
<meta content="true" itemprop="isPatent"/>
<a href="/patent/SI3947375T1/en">
<span itemprop="publicationNumber">SI3947375T1</span>
                (<span itemprop="primaryLanguage">en</span>)
              </a>
</td>
<td>
<time datetime="2024-08-30" itemprop="publicationDate">2024-08-30</time>
</td>
<td itemprop="title">
        IMIDAZOLONYLQUINOLINE COMPOUNDS AND THERAPEUTIC USES THEREOF
       
       </td>
</tr>
<tr itemprop="similarDocuments" itemscope="" repeat="">
<td>
<meta content="true" itemprop="isPatent"/>
<a href="/patent/EP4375300A4/en">
<span itemprop="publicationNumber">EP4375300A4</span>
                (<span itemprop="primaryLanguage">en</span>)
              </a>
</td>
<td>
<time datetime="2025-08-27" itemprop="publicationDate">2025-08-27</time>
</td>
<td itemprop="title">
        PHARMACEUTICAL COMPOSITION AND USE
       
       </td>
</tr>
<tr itemprop="similarDocuments" itemscope="" repeat="">
<td>
<meta content="true" itemprop="isPatent"/>
<a href="/patent/EP3777866A4/en">
<span itemprop="publicationNumber">EP3777866A4</span>
                (<span itemprop="primaryLanguage">en</span>)
              </a>
</td>
<td>
<time datetime="2022-01-05" itemprop="publicationDate">2022-01-05</time>
</td>
<td itemprop="title">
        PHARMACEUTICAL COMPOSITION AND ADMINISTRATION THEREOF
       
       </td>
</tr>
<tr itemprop="similarDocuments" itemscope="" repeat="">
<td>
<meta content="true" itemprop="isPatent"/>
<a href="/patent/EP4051246A4/en">
<span itemprop="publicationNumber">EP4051246A4</span>
                (<span itemprop="primaryLanguage">en</span>)
              </a>
</td>
<td>
<time datetime="2023-11-15" itemprop="publicationDate">2023-11-15</time>
</td>
<td itemprop="title">
        DUAL-LAYER EFFORTABLE TABLET FORMULATIONS WITH DAPAGLIFLOZIN AND METFORMIN
       
       </td>
</tr>
<tr itemprop="similarDocuments" itemscope="" repeat="">
<td>
<meta content="true" itemprop="isPatent"/>
<a href="/patent/EP3858383A4/en">
<span itemprop="publicationNumber">EP3858383A4</span>
                (<span itemprop="primaryLanguage">en</span>)
              </a>
</td>
<td>
<time datetime="2022-09-21" itemprop="publicationDate">2022-09-21</time>
</td>
<td itemprop="title">
        ANTIGEN-PEPTIDE ADJUVANS-NUCLEOTIDE CONJUGATE IMMUNE-INDUCER AND PHARMACEUTICAL COMPOSITION THEREOF
       
       </td>
</tr>
</tbody>
</table>
</section>
<section>
<h2>Legal Events</h2>
<table>
<thead>
<tr>
<th>Date</th>
<th>Code</th>
<th>Title</th>
<th>Description</th>
</tr>
</thead>
<tbody>
<tr itemprop="legalEvents" itemscope="" repeat="">
<td><time datetime="2020-11-20" itemprop="date">2020-11-20</time></td>
<td itemprop="code">STAA</td>
<td itemprop="title">Information on the status of an ep patent application or granted ep patent</td>
<td>
<p itemprop="attributes" itemscope="" repeat="">
<strong itemprop="label">Free format text</strong>:
              <span itemprop="value">STATUS: THE INTERNATIONAL PUBLICATION HAS BEEN MADE</span>
</p>
</td>
</tr>
<tr itemprop="legalEvents" itemscope="" repeat="">
<td><time datetime="2022-02-11" itemprop="date">2022-02-11</time></td>
<td itemprop="code">PUAI</td>
<td itemprop="title">Public reference made under article 153(3) epc to a published international application that has entered the european phase</td>
<td>
<p itemprop="attributes" itemscope="" repeat="">
<strong itemprop="label">Free format text</strong>:
              <span itemprop="value">ORIGINAL CODE: 0009012</span>
</p>
</td>
</tr>
<tr itemprop="legalEvents" itemscope="" repeat="">
<td><time datetime="2022-02-11" itemprop="date">2022-02-11</time></td>
<td itemprop="code">STAA</td>
<td itemprop="title">Information on the status of an ep patent application or granted ep patent</td>
<td>
<p itemprop="attributes" itemscope="" repeat="">
<strong itemprop="label">Free format text</strong>:
              <span itemprop="value">STATUS: REQUEST FOR EXAMINATION WAS MADE</span>
</p>
</td>
</tr>
<tr itemprop="legalEvents" itemscope="" repeat="">
<td><time datetime="2022-03-16" itemprop="date">2022-03-16</time></td>
<td itemprop="code">17P</td>
<td itemprop="title">Request for examination filed</td>
<td>
<p itemprop="attributes" itemscope="" repeat="">
<strong itemprop="label">Effective date</strong>:
              <span itemprop="value">20211201</span>
</p>
</td>
</tr>
<tr itemprop="legalEvents" itemscope="" repeat="">
<td><time datetime="2022-03-16" itemprop="date">2022-03-16</time></td>
<td itemprop="code">AK</td>
<td itemprop="title">Designated contracting states</td>
<td>
<p itemprop="attributes" itemscope="" repeat="">
<strong itemprop="label">Kind code of ref document</strong>:
              <span itemprop="value">A1</span>
</p>
<p itemprop="attributes" itemscope="" repeat="">
<strong itemprop="label">Designated state(s)</strong>:
              <span itemprop="value">AL AT BE BG CH CY CZ DE DK EE ES FI FR GB GR HR HU IE IS IT LI LT LU LV MC MK MT NL NO PL PT RO RS SE SI SK SM TR</span>
</p>
</td>
</tr>
<tr itemprop="legalEvents" itemscope="" repeat="">
<td><time datetime="2022-08-17" itemprop="date">2022-08-17</time></td>
<td itemprop="code">DAV</td>
<td itemprop="title">Request for validation of the european patent (deleted)</td>
<td>
</td>
</tr>
<tr itemprop="legalEvents" itemscope="" repeat="">
<td><time datetime="2022-08-17" itemprop="date">2022-08-17</time></td>
<td itemprop="code">DAX</td>
<td itemprop="title">Request for extension of the european patent (deleted)</td>
<td>
</td>
</tr>
<tr itemprop="legalEvents" itemscope="" repeat="">
<td><time datetime="2023-05-10" itemprop="date">2023-05-10</time></td>
<td itemprop="code">A4</td>
<td itemprop="title">Supplementary search report drawn up and despatched</td>
<td>
<p itemprop="attributes" itemscope="" repeat="">
<strong itemprop="label">Effective date</strong>:
              <span itemprop="value">20230411</span>
</p>
</td>
</tr>
<tr itemprop="legalEvents" itemscope="" repeat="">
<td><time datetime="2023-05-10" itemprop="date">2023-05-10</time></td>
<td itemprop="code">RIC1</td>
<td itemprop="title">Information provided on ipc code assigned before grant</td>
<td>
<p itemprop="attributes" itemscope="" repeat="">
<strong itemprop="label">Ipc</strong>:
              <span itemprop="value">A61K   9/14        20060101ALI20230403BHEP</span>
</p>
<p itemprop="attributes" itemscope="" repeat="">
<strong itemprop="label">Ipc</strong>:
              <span itemprop="value">A61K   9/10        20060101ALI20230403BHEP</span>
</p>
<p itemprop="attributes" itemscope="" repeat="">
<strong itemprop="label">Ipc</strong>:
              <span itemprop="value">A61K  31/58        20060101ALI20230403BHEP</span>
</p>
<p itemprop="attributes" itemscope="" repeat="">
<strong itemprop="label">Ipc</strong>:
              <span itemprop="value">A61K  31/575       20060101ALI20230403BHEP</span>
</p>
<p itemprop="attributes" itemscope="" repeat="">
<strong itemprop="label">Ipc</strong>:
              <span itemprop="value">A61K  31/573       20060101ALI20230403BHEP</span>
</p>
<p itemprop="attributes" itemscope="" repeat="">
<strong itemprop="label">Ipc</strong>:
              <span itemprop="value">A61K  31/57        20060101ALI20230403BHEP</span>
</p>
<p itemprop="attributes" itemscope="" repeat="">
<strong itemprop="label">Ipc</strong>:
              <span itemprop="value">A61P  25/24        20060101ALI20230403BHEP</span>
</p>
<p itemprop="attributes" itemscope="" repeat="">
<strong itemprop="label">Ipc</strong>:
              <span itemprop="value">A61P  25/08        20060101ALI20230403BHEP</span>
</p>
<p itemprop="attributes" itemscope="" repeat="">
<strong itemprop="label">Ipc</strong>:
              <span itemprop="value">A61K  31/568       20060101ALI20230403BHEP</span>
</p>
<p itemprop="attributes" itemscope="" repeat="">
<strong itemprop="label">Ipc</strong>:
              <span itemprop="value">A61K  31/56        20060101AFI20230403BHEP</span>
</p>
</td>
</tr>
<tr itemprop="legalEvents" itemscope="" repeat="">
<td><time datetime="2025-02-20" itemprop="date">2025-02-20</time></td>
<td itemprop="code">STAA</td>
<td itemprop="title">Information on the status of an ep patent application or granted ep patent</td>
<td>
<p itemprop="attributes" itemscope="" repeat="">
<strong itemprop="label">Free format text</strong>:
              <span itemprop="value">STATUS: EXAMINATION IS IN PROGRESS</span>
</p>
</td>
</tr>
<tr itemprop="legalEvents" itemscope="" repeat="">
<td><time datetime="2025-03-26" itemprop="date">2025-03-26</time></td>
<td itemprop="code">17Q</td>
<td itemprop="title">First examination report despatched</td>
<td>
<p itemprop="attributes" itemscope="" repeat="">
<strong itemprop="label">Effective date</strong>:
              <span itemprop="value">20250219</span>
</p>
</td>
</tr>
</tbody>
</table>
</section>
</article>
</search-app>
<script></script>
<script src="//www.gstatic.com/feedback/api.js" type="text/javascript"></script>
<script src="//www.gstatic.com/feedback/js/help/prod/service/lazy.min.js" type="text/javascript"></script>
<script type="text/javascript">
      if (window.help && window.help.service) {
        helpApi = window.help.service.Lazy.create(0, {apiKey: 'AIzaSyDTEI_0tLX4varJ7bwK8aT-eOI5qr3BmyI', locale: 'en-US'});
        window.requestedSurveys = new Set();
        window.requestSurvey = function(triggerId) {
          if (window.requestedSurveys.has(triggerId)) {
            return;
          }
          window.requestedSurveys.add(triggerId);
          helpApi.requestSurvey({
            triggerId: triggerId,
            enableTestingMode: false,
            callback: (requestSurveyCallbackParam) => {
              if (!requestSurveyCallbackParam.surveyData) {
                return;
              }
              helpApi.presentSurvey({
                productData: {
                  productVersion: window.version,
                  customData: {
                    "experiments": "",
                  },
                },
                surveyData: requestSurveyCallbackParam.surveyData,
                colorScheme: 1,
                customZIndex: 10000,
              });
            }
          });
        };

        window.requestSurvey('YXTwAsvoW0kedxbuTdH0RArc9VhT');
      }
    </script>
<script src="/sw/null_loader.js"></script>
</body>
</html>

