https://patents.google.com/patent/EP0845990A4/en?oq=EP0845990A4:
<!DOCTYPE html>
<html lang="en">
<head>
<title>EP0845990A4 - New use of pregnane-diones as analgesic agents 
        - Google Patents</title>
<meta content="width=device-width, initial-scale=1" name="viewport"/>
<meta charset="utf-8"/>
<meta content="origin-when-crossorigin" name="referrer"/>
<link href="https://patents.google.com/patent/EP0845990A4/en" rel="canonical"/>
<meta content="patent" name="DC.type"/>
<meta content="New use of pregnane-diones as analgesic agents 
       " name="DC.title"/>
<meta content="1996-08-23" name="DC.date" scheme="dateSubmitted"/>
<meta content="" name="DC.description"/>
<meta content="EP:96927448A" name="citation_patent_application_number"/>
<meta content="EP:0845990:A4" name="citation_patent_publication_number"/>
<meta content="2001-02-14" name="DC.date"/>
<meta content="Colin Stanley Goodchild" name="DC.contributor" scheme="inventor"/>
<meta content="Individual" name="DC.contributor" scheme="assignee"/>
<meta content="US:5439900" name="DC.relation" scheme="references"/>
<meta content='CARL...: "pharmacokinetics and pharmacodynamics of...", ACTA ANESTHESIOLOGY SCAND., vol. 38, no. 7, 1994, pages 734 - 741, XP000965594' name="citation_reference" scheme="references"/>
<meta content='ERIKSSON H ET AL: "Comparison of eltanolone and thiopental in anaesthesia for termination of pregnancy.", ACTA ANAESTHESIOLOGICA SCANDINAVICA, vol. 39, no. 4, 1995, pages 479 - 484, XP000965595, ISSN: 0001-5172' name="citation_reference" scheme="references"/>
<meta content="See also references of WO 9707807A1" name="citation_reference" scheme="references"/>
<meta content='SELYE: "correlations between...", ENDOCRINOLOGY, vol. 30, 1942, pages 437 - 453, XP000974346' name="citation_reference" scheme="references"/>
<link href="https://fonts.googleapis.com/css?family=Roboto:400,400italic,500,500italic,700" rel="stylesheet"/>
<link href="https://fonts.googleapis.com/css?family=Product+Sans" rel="stylesheet"/>
<link href="https://fonts.googleapis.com/css2?family=Google+Sans:wght@400;500;700" rel="stylesheet"/>
<style>
      
      #gb { top: 15px; left: auto; right: 0; width: auto; min-width: 135px !important; }   
      body { transition: none; }
    </style>
<script></script>
<script>
      window.version = 'patent-search.search_20250707_RC00';

      function sendFeedback() {
        userfeedback.api.startFeedback({
          'productId': '713680',
          'bucket': 'patent-search-web',
          'productVersion': window.version,
        });
      }

      window.experiments = {};
      window.experiments.patentCountries = "ae,ag,al,am,ao,ap,ar,at,au,aw,az,ba,bb,bd,be,bf,bg,bh,bj,bn,bo,br,bw,bx,by,bz,ca,cf,cg,ch,ci,cl,cm,cn,co,cr,cs,cu,cy,cz,dd,de,dj,dk,dm,do,dz,ea,ec,ee,eg,em,ep,es,fi,fr,ga,gb,gc,gd,ge,gh,gm,gn,gq,gr,gt,gw,hk,hn,hr,hu,ib,id,ie,il,in,ir,is,it,jo,jp,ke,kg,kh,km,kn,kp,kr,kw,kz,la,lc,li,lk,lr,ls,lt,lu,lv,ly,ma,mc,md,me,mg,mk,ml,mn,mo,mr,mt,mw,mx,my,mz,na,ne,ng,ni,nl,no,nz,oa,om,pa,pe,pg,ph,pl,pt,py,qa,ro,rs,ru,rw,sa,sc,sd,se,sg,si,sk,sl,sm,sn,st,su,sv,sy,sz,td,tg,th,tj,tm,tn,tr,tt,tw,tz,ua,ug,us,uy,uz,vc,ve,vn,wo,yu,za,zm,zw";
      
      
      window.experiments.keywordWizard = true;
      
      
      
      window.experiments.definitions = true;
      window.experiments.plogs = true;

      window.Polymer = {
        dom: 'shady',
        lazyRegister: true,
      };
    </script>
<script src="//www.gstatic.com/patent-search/frontend/patent-search.search_20250707_RC00/scs/compiled_dir/webcomponentsjs/webcomponents-lite.min.js"></script>
<link href="//www.gstatic.com/patent-search/frontend/patent-search.search_20250707_RC00/scs/compiled_dir/search-app-vulcanized.html" rel="import"/>
</head>
<body unresolved="">
<script></script>
<script src="//www.gstatic.com/patent-search/frontend/patent-search.search_20250707_RC00/scs/compiled_dir/search-app-vulcanized.js"></script>
<search-app>
<article class="result" itemscope="" itemtype="http://schema.org/ScholarlyArticle">
<h1 itemprop="pageTitle">EP0845990A4 - New use of pregnane-diones as analgesic agents 
        - Google Patents</h1>
<span itemprop="title">New use of pregnane-diones as analgesic agents 
       </span>
<meta content="patent" itemprop="type"/>
<h2>Info</h2>
<dl>
<dt>Publication number</dt>
<dd itemprop="publicationNumber">EP0845990A4</dd>
<meta content="0845990" itemprop="numberWithoutCodes"/>
<meta content="A4" itemprop="kindCode"/>
<meta content="Separately published supplemental search report" itemprop="publicationDescription"/>
<span>EP0845990A4</span>
<span>EP96927448A</span>
<span>EP96927448A</span>
<span>EP0845990A4</span>
<span>EP 0845990 A4</span>
<span>EP0845990 A4</span>
<span>EP 0845990A4</span>
<span>EP 96927448 A</span>
<span>EP96927448 A</span>
<span>EP 96927448A</span>
<span>EP 96927448 A</span>
<span>EP96927448 A</span>
<span>EP 96927448A</span>
<span>EP 0845990 A4</span>
<span>EP0845990 A4</span>
<span>EP 0845990A4</span>
<dt>Authority</dt>
<dd itemprop="countryCode">EP</dd>
<dd itemprop="countryName">European Patent Office</dd>
<dt>Prior art keywords</dt>
<dd itemprop="priorArtKeywords" repeat="">pregnane</dd>
<dd itemprop="priorArtKeywords" repeat="">diones</dd>
<dd itemprop="priorArtKeywords" repeat="">new use</dd>
<dd itemprop="priorArtKeywords" repeat="">analgesic agents</dd>
<dd itemprop="priorArtKeywords" repeat="">analgesic</dd>
<dt>Prior art date</dt>
<dd><time datetime="1995-08-23" itemprop="priorArtDate">1995-08-23</time></dd>
<dt>Legal status (The legal status is an assumption and is not a legal conclusion. Google has not performed a legal analysis and makes no representation as to the accuracy of the status listed.)</dt>
<dd itemprop="legalStatusIfi" itemscope="">
<span itemprop="status">Withdrawn</span>
</dd>
</dl>
<dt>Application number</dt>
<dd itemprop="applicationNumber">EP96927448A</dd>
<dt>Other languages</dt>
<dd itemprop="otherLanguages" itemscope="" repeat="">
<a href="/patent/EP0845990A4/de">
<span itemprop="name">German</span> (<span itemprop="code">de</span>)
    </a>
</dd>
<dd itemprop="otherLanguages" itemscope="" repeat="">
<a href="/patent/EP0845990A4/fr">
<span itemprop="name">French</span> (<span itemprop="code">fr</span>)
    </a>
</dd>
<dt>Other versions</dt>
<dd itemprop="directAssociations" itemscope="" repeat="">
<a href="/patent/EP0845990A1/en">
<span itemprop="publicationNumber">EP0845990A1</span>
      (<span itemprop="primaryLanguage">en</span>
</a>
</dd>
<dt>Inventor</dt>
<dd itemprop="inventor" repeat="">Colin Stanley Goodchild</dd>
<dt>Current Assignee (The listed assignees may be inaccurate. Google has not performed a legal analysis and makes no representation or warranty as to the accuracy of the list.)</dt>
<dd itemprop="assigneeCurrent" repeat="">
    GOODCHILD, COLIN, STANLEY
  </dd>
<dd itemprop="assigneeCurrent" repeat="">
    NADESON, RAYMOND
  </dd>
<dt>Original Assignee</dt>
<dd itemprop="assigneeOriginal" repeat="">Individual</dd>
<dt>Priority date (The priority date is an assumption and is not a legal conclusion. Google has not performed a legal analysis and makes no representation as to the accuracy of the date listed.)</dt>
<dd><time datetime="1995-08-23" itemprop="priorityDate">1995-08-23</time></dd>
<dt>Filing date</dt>
<dd><time datetime="1996-08-23" itemprop="filingDate">1996-08-23</time></dd>
<dt>Publication date</dt>
<dd><time datetime="2001-02-14" itemprop="publicationDate">2001-02-14</time></dd>
<dd itemprop="events" itemscope="" repeat="">
<time datetime="1996-08-23" itemprop="date">1996-08-23</time>
<span itemprop="title">Application filed by Individual</span>
<span itemprop="type">filed</span>
<span bool="" content="true" itemprop="critical">Critical</span>
<span itemprop="assigneeSearch">Individual</span>
</dd>
<dd itemprop="events" itemscope="" repeat="">
<time datetime="1998-06-10" itemprop="date">1998-06-10</time>
<span itemprop="title">Publication of EP0845990A1</span>
<span itemprop="type">publication</span>
<span bool="" content="true" itemprop="critical">Critical</span>
<span itemprop="documentId">patent/EP0845990A1/en</span>
</dd>
<dd itemprop="events" itemscope="" repeat="">
<time datetime="2001-02-14" itemprop="date">2001-02-14</time>
<span itemprop="title">Publication of EP0845990A4</span>
<span itemprop="type">publication</span>
<span bool="" content="true" itemprop="critical">Critical</span>
<span itemprop="documentId">patent/EP0845990A4/en</span>
</dd>
<dd itemprop="events" itemscope="" repeat="">
<time itemprop="date">Status</time>
<span itemprop="title">Withdrawn</span>
<span itemprop="type">legal-status</span>
<span bool="" content="true" itemprop="critical">Critical</span>
<span bool="" content="true" itemprop="current">Current</span>
</dd>
<h2>Links</h2>
<ul>
<li itemprop="links" itemscope="" repeat="">
<meta content="espacenetLink" itemprop="id"/>
<a href="https://worldwide.espacenet.com/publicationDetails/biblio?CC=EP&amp;NR=0845990A4&amp;KC=A4&amp;FT=D" itemprop="url" target="_blank"><span itemprop="text">Espacenet</span></a>
</li>
<li itemprop="links" itemscope="" repeat="">
<meta content="gpiLink" itemprop="id"/>
<a href="https://data.epo.org/gpi/EP0845990A4" itemprop="url" target="_blank"><span itemprop="text">EPO GPI</span></a>
</li>
<li itemprop="links" itemscope="" repeat="">
<meta content="epRegisterLink" itemprop="id"/>
<a href="https://register.epo.org/espacenet/application?number=EP96927448" itemprop="url" target="_blank"><span itemprop="text">EP Register</span></a>
</li>
<li itemprop="links" itemscope="" repeat="">
<meta content="globalDossierLink" itemprop="id"/>
<a href="https://globaldossier.uspto.gov/result/application/EP/96927448/1" itemprop="url" target="_blank"><span itemprop="text">Global Dossier</span></a>
</li>
<li itemprop="links" itemscope="" repeat="">
<meta content="stackexchangeLink" itemprop="id"/>
<a href="https://patents.stackexchange.com/questions/tagged/EP0845990A4" itemprop="url"><span itemprop="text">Discuss</span></a>
</li>
</ul>
<ul itemprop="concept" itemscope="">
<li itemprop="match" itemscope="" repeat="">
<span itemprop="id">XZHKZJXZRWFLCJ-RKFIYKRSSA-N</span>
<span itemprop="name">(8R,9S,10S,13R,14S,17R)-17-ethyl-10,13-dimethyl-2,3,4,5,6,7,8,9,11,12,14,17-dodecahydro-1H-cyclopenta[a]phenanthrene-15,16-dione</span>
<span itemprop="domain">Chemical class</span>
<span itemprop="svg_large"></span>
<span itemprop="svg_small"></span>
<span itemprop="smiles">[C@@H]12C(C([C@H](CC)[C@@]1(C)CC[C@H]1[C@H]2CCC2CCCC[C@]12C)=O)=O</span>
<span itemprop="inchi_key">XZHKZJXZRWFLCJ-RKFIYKRSSA-N</span>
<span itemprop="similarity">0.000</span>
<span itemprop="sections" repeat="">title</span>
<span itemprop="count">1</span>
</li>
<li itemprop="match" itemscope="" repeat="">
<span itemprop="id">239000000730</span>
<span itemprop="name">antalgic agent</span>
<span itemprop="domain">Substances</span>
<span itemprop="svg_large"></span>
<span itemprop="svg_small"></span>
<span itemprop="smiles"></span>
<span itemprop="inchi_key"></span>
<span itemprop="similarity">0.000</span>
<span itemprop="sections" repeat="">title</span>
<span itemprop="count">1</span>
</li>
</ul>
<section>
<h2>Classifications</h2>
<ul>
<li>
<ul itemprop="classifications" itemscope="" repeat="">
<li itemprop="classifications" itemscope="" repeat="">
<span itemprop="Code">A</span>—<span itemprop="Description">HUMAN NECESSITIES</span>
<meta content="true" itemprop="IsCPC"/>
</li>
<li itemprop="classifications" itemscope="" repeat="">
<span itemprop="Code">A61</span>—<span itemprop="Description">MEDICAL OR VETERINARY SCIENCE; HYGIENE</span>
<meta content="true" itemprop="IsCPC"/>
</li>
<li itemprop="classifications" itemscope="" repeat="">
<span itemprop="Code">A61K</span>—<span itemprop="Description">PREPARATIONS FOR MEDICAL, DENTAL OR TOILETRY PURPOSES</span>
<meta content="true" itemprop="IsCPC"/>
</li>
<li itemprop="classifications" itemscope="" repeat="">
<span itemprop="Code">A61K31/00</span>—<span itemprop="Description">Medicinal preparations containing organic active ingredients</span>
<meta content="true" itemprop="IsCPC"/>
</li>
<li itemprop="classifications" itemscope="" repeat="">
<span itemprop="Code">A61K31/56</span>—<span itemprop="Description">Compounds containing cyclopenta[a]hydrophenanthrene ring systems; Derivatives thereof, e.g. steroids</span>
<meta content="true" itemprop="IsCPC"/>
</li>
<li itemprop="classifications" itemscope="" repeat="">
<span itemprop="Code">A61K31/57</span>—<span itemprop="Description">Compounds containing cyclopenta[a]hydrophenanthrene ring systems; Derivatives thereof, e.g. steroids substituted in position 17 beta by a chain of two carbon atoms, e.g. pregnane or progesterone</span>
<meta content="true" itemprop="IsCPC"/>
</li>
<li itemprop="classifications" itemscope="" repeat="">
<span itemprop="Code">A61K31/573</span>—<span itemprop="Description">Compounds containing cyclopenta[a]hydrophenanthrene ring systems; Derivatives thereof, e.g. steroids substituted in position 17 beta by a chain of two carbon atoms, e.g. pregnane or progesterone substituted in position 21, e.g. cortisone, dexamethasone, prednisone or aldosterone</span>
<meta content="true" itemprop="Leaf"/><meta content="true" itemprop="FirstCode"/><meta content="true" itemprop="IsCPC"/>
</li>
</ul>
</li>
<li>
<ul itemprop="classifications" itemscope="" repeat="">
<li itemprop="classifications" itemscope="" repeat="">
<span itemprop="Code">A</span>—<span itemprop="Description">HUMAN NECESSITIES</span>
<meta content="true" itemprop="IsCPC"/>
</li>
<li itemprop="classifications" itemscope="" repeat="">
<span itemprop="Code">A61</span>—<span itemprop="Description">MEDICAL OR VETERINARY SCIENCE; HYGIENE</span>
<meta content="true" itemprop="IsCPC"/>
</li>
<li itemprop="classifications" itemscope="" repeat="">
<span itemprop="Code">A61K</span>—<span itemprop="Description">PREPARATIONS FOR MEDICAL, DENTAL OR TOILETRY PURPOSES</span>
<meta content="true" itemprop="IsCPC"/>
</li>
<li itemprop="classifications" itemscope="" repeat="">
<span itemprop="Code">A61K31/00</span>—<span itemprop="Description">Medicinal preparations containing organic active ingredients</span>
<meta content="true" itemprop="IsCPC"/>
</li>
<li itemprop="classifications" itemscope="" repeat="">
<span itemprop="Code">A61K31/56</span>—<span itemprop="Description">Compounds containing cyclopenta[a]hydrophenanthrene ring systems; Derivatives thereof, e.g. steroids</span>
<meta content="true" itemprop="Leaf"/><meta content="true" itemprop="IsCPC"/>
</li>
</ul>
</li>
<li>
<ul itemprop="classifications" itemscope="" repeat="">
<li itemprop="classifications" itemscope="" repeat="">
<span itemprop="Code">A</span>—<span itemprop="Description">HUMAN NECESSITIES</span>
<meta content="true" itemprop="IsCPC"/>
</li>
<li itemprop="classifications" itemscope="" repeat="">
<span itemprop="Code">A61</span>—<span itemprop="Description">MEDICAL OR VETERINARY SCIENCE; HYGIENE</span>
<meta content="true" itemprop="IsCPC"/>
</li>
<li itemprop="classifications" itemscope="" repeat="">
<span itemprop="Code">A61K</span>—<span itemprop="Description">PREPARATIONS FOR MEDICAL, DENTAL OR TOILETRY PURPOSES</span>
<meta content="true" itemprop="IsCPC"/>
</li>
<li itemprop="classifications" itemscope="" repeat="">
<span itemprop="Code">A61K31/00</span>—<span itemprop="Description">Medicinal preparations containing organic active ingredients</span>
<meta content="true" itemprop="IsCPC"/>
</li>
<li itemprop="classifications" itemscope="" repeat="">
<span itemprop="Code">A61K31/56</span>—<span itemprop="Description">Compounds containing cyclopenta[a]hydrophenanthrene ring systems; Derivatives thereof, e.g. steroids</span>
<meta content="true" itemprop="IsCPC"/>
</li>
<li itemprop="classifications" itemscope="" repeat="">
<span itemprop="Code">A61K31/57</span>—<span itemprop="Description">Compounds containing cyclopenta[a]hydrophenanthrene ring systems; Derivatives thereof, e.g. steroids substituted in position 17 beta by a chain of two carbon atoms, e.g. pregnane or progesterone</span>
<meta content="true" itemprop="Leaf"/><meta content="true" itemprop="IsCPC"/>
</li>
</ul>
</li>
<li>
<ul itemprop="classifications" itemscope="" repeat="">
<li itemprop="classifications" itemscope="" repeat="">
<span itemprop="Code">A</span>—<span itemprop="Description">HUMAN NECESSITIES</span>
<meta content="true" itemprop="IsCPC"/>
</li>
<li itemprop="classifications" itemscope="" repeat="">
<span itemprop="Code">A61</span>—<span itemprop="Description">MEDICAL OR VETERINARY SCIENCE; HYGIENE</span>
<meta content="true" itemprop="IsCPC"/>
</li>
<li itemprop="classifications" itemscope="" repeat="">
<span itemprop="Code">A61P</span>—<span itemprop="Description">SPECIFIC THERAPEUTIC ACTIVITY OF CHEMICAL COMPOUNDS OR MEDICINAL PREPARATIONS</span>
<meta content="true" itemprop="IsCPC"/>
</li>
<li itemprop="classifications" itemscope="" repeat="">
<span itemprop="Code">A61P25/00</span>—<span itemprop="Description">Drugs for disorders of the nervous system</span>
<meta content="true" itemprop="IsCPC"/>
</li>
<li itemprop="classifications" itemscope="" repeat="">
<span itemprop="Code">A61P25/04</span>—<span itemprop="Description">Centrally acting analgesics, e.g. opioids</span>
<meta content="true" itemprop="Leaf"/><meta content="true" itemprop="IsCPC"/>
</li>
</ul>
</li>
</ul>
</section>
<section>
<h2>Landscapes</h2>
<ul>
<li itemprop="landscapes" itemscope="" repeat="">
<span itemprop="name">Health &amp; Medical Sciences</span>
        (<span itemprop="type">AREA</span>)
      </li>
<li itemprop="landscapes" itemscope="" repeat="">
<span itemprop="name">Animal Behavior &amp; Ethology</span>
        (<span itemprop="type">AREA</span>)
      </li>
<li itemprop="landscapes" itemscope="" repeat="">
<span itemprop="name">Pharmacology &amp; Pharmacy</span>
        (<span itemprop="type">AREA</span>)
      </li>
<li itemprop="landscapes" itemscope="" repeat="">
<span itemprop="name">Veterinary Medicine</span>
        (<span itemprop="type">AREA</span>)
      </li>
<li itemprop="landscapes" itemscope="" repeat="">
<span itemprop="name">Public Health</span>
        (<span itemprop="type">AREA</span>)
      </li>
<li itemprop="landscapes" itemscope="" repeat="">
<span itemprop="name">General Health &amp; Medical Sciences</span>
        (<span itemprop="type">AREA</span>)
      </li>
<li itemprop="landscapes" itemscope="" repeat="">
<span itemprop="name">Chemical &amp; Material Sciences</span>
        (<span itemprop="type">AREA</span>)
      </li>
<li itemprop="landscapes" itemscope="" repeat="">
<span itemprop="name">Life Sciences &amp; Earth Sciences</span>
        (<span itemprop="type">AREA</span>)
      </li>
<li itemprop="landscapes" itemscope="" repeat="">
<span itemprop="name">Medicinal Chemistry</span>
        (<span itemprop="type">AREA</span>)
      </li>
<li itemprop="landscapes" itemscope="" repeat="">
<span itemprop="name">Epidemiology</span>
        (<span itemprop="type">AREA</span>)
      </li>
<li itemprop="landscapes" itemscope="" repeat="">
<span itemprop="name">Neurosurgery</span>
        (<span itemprop="type">AREA</span>)
      </li>
<li itemprop="landscapes" itemscope="" repeat="">
<span itemprop="name">Engineering &amp; Computer Science</span>
        (<span itemprop="type">AREA</span>)
      </li>
<li itemprop="landscapes" itemscope="" repeat="">
<span itemprop="name">Organic Chemistry</span>
        (<span itemprop="type">AREA</span>)
      </li>
<li itemprop="landscapes" itemscope="" repeat="">
<span itemprop="name">Nuclear Medicine, Radiotherapy &amp; Molecular Imaging</span>
        (<span itemprop="type">AREA</span>)
      </li>
<li itemprop="landscapes" itemscope="" repeat="">
<span itemprop="name">Chemical Kinetics &amp; Catalysis</span>
        (<span itemprop="type">AREA</span>)
      </li>
<li itemprop="landscapes" itemscope="" repeat="">
<span itemprop="name">Pain &amp; Pain Management</span>
        (<span itemprop="type">AREA</span>)
      </li>
<li itemprop="landscapes" itemscope="" repeat="">
<span itemprop="name">General Chemical &amp; Material Sciences</span>
        (<span itemprop="type">AREA</span>)
      </li>
<li itemprop="landscapes" itemscope="" repeat="">
<span itemprop="name">Neurology</span>
        (<span itemprop="type">AREA</span>)
      </li>
<li itemprop="landscapes" itemscope="" repeat="">
<span itemprop="name">Biomedical Technology</span>
        (<span itemprop="type">AREA</span>)
      </li>
<li itemprop="landscapes" itemscope="" repeat="">
<span itemprop="name">Bioinformatics &amp; Cheminformatics</span>
        (<span itemprop="type">AREA</span>)
      </li>
<li itemprop="landscapes" itemscope="" repeat="">
<span itemprop="name">Pharmaceuticals Containing Other Organic And Inorganic Compounds</span>
        (<span itemprop="type">AREA</span>)
      </li>
</ul>
</section>
<section itemprop="application" itemscope="">
<section itemprop="metadata" itemscope="">
<span itemprop="applicationNumber">EP96927448A</span>
<span itemprop="priorityDate">1995-08-23</span>
<span itemprop="filingDate">1996-08-23</span>
<span itemprop="title">New use of pregnane-diones as analgesic agents 
       </span>
<span itemprop="ifiStatus">Withdrawn</span>
<a href="/patent/EP0845990A4/en">
<span itemprop="representativePublication">EP0845990A4</span>
        (<span itemprop="primaryLanguage">en</span>)
      </a>
</section>
<h2>Applications Claiming Priority (3)</h2>
<table>
<thead>
<tr>
<th>Application Number</th>
<th>Priority Date</th>
<th>Filing Date</th>
<th>Title</th>
</tr>
</thead>
<tbody>
<tr itemprop="appsClaimingPriority" itemscope="" repeat="">
<td>
<span itemprop="applicationNumber">AUPN4980/95</span>
</td>
<td itemprop="priorityDate"></td>
<td itemprop="filingDate">1995-08-23</td>
<td itemprop="title"></td>
</tr>
<tr itemprop="appsClaimingPriority" itemscope="" repeat="">
<td>
<span itemprop="applicationNumber">AUPN4980A</span>
<a href="/patent/AUPN498095A0/en">
<span itemprop="representativePublication">AUPN498095A0</span>
                (<span itemprop="primaryLanguage">en</span>)
            </a>
</td>
<td itemprop="priorityDate">1995-08-23</td>
<td itemprop="filingDate">1995-08-23</td>
<td itemprop="title">Compounds and compositions 
     </td>
</tr>
<tr itemprop="appsClaimingPriority" itemscope="" repeat="">
<td>
<span itemprop="applicationNumber">PCT/AU1996/000531</span>
<a href="/patent/WO1997007807A1/en">
<span itemprop="representativePublication">WO1997007807A1</span>
                (<span itemprop="primaryLanguage">en</span>)
            </a>
</td>
<td itemprop="priorityDate">1995-08-23</td>
<td itemprop="filingDate">1996-08-23</td>
<td itemprop="title">New use of pregnane-diones as analgesic agents 
       </td>
</tr>
</tbody>
</table>
<h2>Publications (2)</h2>
<table>
<thead>
<tr>
<th>Publication Number</th>
<th>Publication Date</th>
</tr>
</thead>
<tbody>
<tr itemprop="pubs" itemscope="" repeat="">
<td>
<span itemprop="publicationNumber">EP0845990A1</span>
<a href="/patent/EP0845990A1/en">
              EP0845990A1
              (<span itemprop="primaryLanguage">en</span>)
            </a>
</td>
<td itemprop="publicationDate">1998-06-10</td>
</tr>
<tr itemprop="pubs" itemscope="" repeat="">
<td>
<span itemprop="publicationNumber">EP0845990A4</span>
<span itemprop="thisPatent">true</span>
<a href="/patent/EP0845990A4/en">
              EP0845990A4
              (<span itemprop="primaryLanguage">en</span>)
            </a>
</td>
<td itemprop="publicationDate">2001-02-14</td>
</tr>
</tbody>
</table>
</section>
<section itemprop="family" itemscope="">
<h1>Family</h1>
<h2>ID=3789308</h2>
<h2>Family Applications (1)</h2>
<table>
<thead>
<tr>
<th>Application Number</th>
<th>Title</th>
<th>Priority Date</th>
<th>Filing Date</th>
</tr>
</thead>
<tbody>
<tr itemprop="applications" itemscope="" repeat="">
<td>
<span itemprop="applicationNumber">EP96927448A</span>
<span itemprop="ifiStatus">Withdrawn</span>
<a href="/patent/EP0845990A4/en">
<span itemprop="representativePublication">EP0845990A4</span>
                (<span itemprop="primaryLanguage">en</span>)
            </a>
</td>
<td itemprop="priorityDate">1995-08-23</td>
<td itemprop="filingDate">1996-08-23</td>
<td itemprop="title">New use of pregnane-diones as analgesic agents 
       </td>
</tr>
</tbody>
</table>
<h2>Country Status (3)</h2>
<table>
<thead>
<tr>
<th>Country</th>
<th>Link</th>
</tr>
</thead>
<tbody>
<tr itemprop="countryStatus" itemscope="" repeat="">
<td>
<span itemprop="countryCode">EP</span>
            (<span itemprop="num">1</span>)
            <meta content="true" itemprop="thisCountry"/>
</td>
<td>
<a href="/patent/EP0845990A4/en">
<span itemprop="representativePublication">EP0845990A4</span>
              (<span itemprop="primaryLanguage">en</span>)
            </a>
</td>
</tr>
<tr itemprop="countryStatus" itemscope="" repeat="">
<td>
<span itemprop="countryCode">AU</span>
            (<span itemprop="num">1</span>)
            
          </td>
<td>
<a href="/patent/AUPN498095A0/en">
<span itemprop="representativePublication">AUPN498095A0</span>
              (<span itemprop="primaryLanguage">en</span>)
            </a>
</td>
</tr>
<tr itemprop="countryStatus" itemscope="" repeat="">
<td>
<span itemprop="countryCode">WO</span>
            (<span itemprop="num">1</span>)
            
          </td>
<td>
<a href="/patent/WO1997007807A1/en">
<span itemprop="representativePublication">WO1997007807A1</span>
              (<span itemprop="primaryLanguage">en</span>)
            </a>
</td>
</tr>
</tbody>
</table>
<h2>Families Citing this family (2)</h2>
<table>
<caption>* Cited by examiner, † Cited by third party</caption>
<thead>
<tr>
<th>Publication number</th>
<th>Priority date</th>
<th>Publication date</th>
<th>Assignee</th>
<th>Title</th>
</tr>
</thead>
<tbody>
<tr itemprop="forwardReferencesFamily" itemscope="" repeat="">
<td>
<a href="/patent/AUPR731901A0/en">
<span itemprop="publicationNumber">AUPR731901A0</span>
              (<span itemprop="primaryLanguage">en</span>)
            </a>
<span itemprop="examinerCited">*</span>
</td>
<td itemprop="priorityDate">2001-08-28</td>
<td itemprop="publicationDate">2001-09-20</td>
<td><span itemprop="assigneeOriginal">Goodchild, Colin Stanley</span></td>
<td itemprop="title">Method of treatment 
     </td>
</tr>
<tr itemprop="forwardReferencesFamily" itemscope="" repeat="">
<td>
<a href="/patent/GB0324423D0/en">
<span itemprop="publicationNumber">GB0324423D0</span>
              (<span itemprop="primaryLanguage">en</span>)
            </a>
<span itemprop="examinerCited">*</span>
</td>
<td itemprop="priorityDate">2003-10-18</td>
<td itemprop="publicationDate">2003-11-19</td>
<td><span itemprop="assigneeOriginal">Vernalis Cambridge Ltd</span></td>
<td itemprop="title">Analgesia method 
     </td>
</tr>
</tbody>
</table>
<h2>Citations (1)</h2>
<table>
<caption>* Cited by examiner, † Cited by third party</caption>
<thead>
<tr>
<th>Publication number</th>
<th>Priority date</th>
<th>Publication date</th>
<th>Assignee</th>
<th>Title</th>
</tr>
</thead>
<tbody>
<tr itemprop="backwardReferencesOrig" itemscope="" repeat="">
<td>
<a href="/patent/US5439900A/en">
<span itemprop="publicationNumber">US5439900A</span>
              (<span itemprop="primaryLanguage">en</span>)
            </a>
<span itemprop="examinerCited">*</span>
</td>
<td itemprop="priorityDate">1993-02-25</td>
<td itemprop="publicationDate">1995-08-08</td>
<td>
<span itemprop="assigneeOriginal">Bukusoglu; Cuneyt</span>
</td>
<td itemprop="title">Methods and compositions for providing analgesia and enhanced anesthesia 
       </td>
</tr>
</tbody>
</table>
<h2>Family Cites Families (9)</h2>
<table>
<caption>* Cited by examiner, † Cited by third party</caption>
<thead>
<tr>
<th>Publication number</th>
<th>Priority date</th>
<th>Publication date</th>
<th>Assignee</th>
<th>Title</th>
</tr>
</thead>
<tbody>
<tr itemprop="backwardReferencesFamily" itemscope="" repeat="">
<td>
<a href="/patent/GB1317185A/en">
<span itemprop="publicationNumber">GB1317185A</span>
              (<span itemprop="primaryLanguage">en</span>)
            </a>
<span itemprop="examinerCited">*</span>
</td>
<td itemprop="priorityDate">1969-06-20</td>
<td itemprop="publicationDate">1973-05-16</td>
<td><span itemprop="assigneeOriginal">Glaxo Lab Ltd</span></td>
<td itemprop="title">Acyloxy-3alpha-hydroxy-pregnones 
     </td>
</tr>
<tr itemprop="backwardReferencesFamily" itemscope="" repeat="">
<td>
<a href="/patent/US3917830A/en">
<span itemprop="publicationNumber">US3917830A</span>
              (<span itemprop="primaryLanguage">en</span>)
            </a>
<span itemprop="examinerCited">*</span>
</td>
<td itemprop="priorityDate">1970-12-17</td>
<td itemprop="publicationDate">1975-11-04</td>
<td><span itemprop="assigneeOriginal">Glaxo Lab Ltd</span></td>
<td itemprop="title">Steroidal anaesthetic composition for intraveneous injection 
       </td>
</tr>
<tr itemprop="backwardReferencesFamily" itemscope="" repeat="">
<td>
<a href="/patent/GB1373913A/en">
<span itemprop="publicationNumber">GB1373913A</span>
              (<span itemprop="primaryLanguage">en</span>)
            </a>
<span itemprop="examinerCited">*</span>
</td>
<td itemprop="priorityDate">1970-12-17</td>
<td itemprop="publicationDate">1974-11-13</td>
<td><span itemprop="assigneeOriginal">Glaxo Lab Ltd</span></td>
<td itemprop="title">Pharmaceutical compositions 
     </td>
</tr>
<tr itemprop="backwardReferencesFamily" itemscope="" repeat="">
<td>
<a href="/patent/BE791196A/en">
<span itemprop="publicationNumber">BE791196A</span>
              (<span itemprop="primaryLanguage">en</span>)
            </a>
<span itemprop="examinerCited">*</span>
</td>
<td itemprop="priorityDate">1971-11-11</td>
<td itemprop="publicationDate">1973-05-10</td>
<td><span itemprop="assigneeOriginal">Glaxo Lab Ltd</span></td>
<td itemprop="title">
  NEW STEROIDS, THEIR PREPARATION PROCESS AND THEIR APPLICATIONS
 
     </td>
</tr>
<tr itemprop="backwardReferencesFamily" itemscope="" repeat="">
<td>
<a href="/patent/US3959260A/en">
<span itemprop="publicationNumber">US3959260A</span>
              (<span itemprop="primaryLanguage">en</span>)
            </a>
<span itemprop="examinerCited">*</span>
</td>
<td itemprop="priorityDate">1972-05-05</td>
<td itemprop="publicationDate">1976-05-25</td>
<td><span itemprop="assigneeOriginal">Glaxo Laboratories Limited</span></td>
<td itemprop="title">Anaesthetic steroids of the pregnane and 19-norpregnane series having a sulfur-containing group at the 21-position 
       </td>
</tr>
<tr itemprop="backwardReferencesFamily" itemscope="" repeat="">
<td>
<a href="/patent/FR2318646A1/en">
<span itemprop="publicationNumber">FR2318646A1</span>
              (<span itemprop="primaryLanguage">en</span>)
            </a>
<span itemprop="examinerCited">*</span>
</td>
<td itemprop="priorityDate">1975-07-25</td>
<td itemprop="publicationDate">1977-02-18</td>
<td><span itemprop="assigneeOriginal">Ile De France</span></td>
<td itemprop="title">Intravenous or perfusion anaesthetic - contg. a soln. of hydroxy pregnane dione in (2,2)-dimethyl-(4)-hydroxy-methyl-(1,3)-dioxolane 
       </td>
</tr>
<tr itemprop="backwardReferencesFamily" itemscope="" repeat="">
<td>
<a href="/patent/US4361558A/en">
<span itemprop="publicationNumber">US4361558A</span>
              (<span itemprop="primaryLanguage">en</span>)
            </a>
<span itemprop="examinerCited">*</span>
</td>
<td itemprop="priorityDate">1980-04-29</td>
<td itemprop="publicationDate">1982-11-30</td>
<td><span itemprop="assigneeOriginal">Ciba-Geigy Corporation</span></td>
<td itemprop="title">Halogenated steroids 
       </td>
</tr>
<tr itemprop="backwardReferencesFamily" itemscope="" repeat="">
<td>
<a href="/patent/US5212167A/en">
<span itemprop="publicationNumber">US5212167A</span>
              (<span itemprop="primaryLanguage">en</span>)
            </a>
<span itemprop="examinerCited">*</span>
</td>
<td itemprop="priorityDate">1991-09-12</td>
<td itemprop="publicationDate">1993-05-18</td>
<td><span itemprop="assigneeOriginal">Trustees Of Boston University</span></td>
<td itemprop="title">Modulation of receptor-mediated ion transport 
       </td>
</tr>
<tr itemprop="backwardReferencesFamily" itemscope="" repeat="">
<td>
<a href="/patent/DE69435286D1/en">
<span itemprop="publicationNumber">DE69435286D1</span>
              (<span itemprop="primaryLanguage">en</span>)
            </a>
<span itemprop="examinerCited">*</span>
</td>
<td itemprop="priorityDate">1993-05-24</td>
<td itemprop="publicationDate">2010-05-20</td>
<td><span itemprop="assigneeOriginal">Purdue Pharma Ltd</span></td>
<td itemprop="title">
  METHOD AND COMPOSITIONS FOR EFFECTING SLEEP
 
     </td>
</tr>
</tbody>
</table>
<ul>
<li itemprop="applicationsByYear" itemscope="" repeat="">
<span itemprop="year">1995</span>
<ul>
<li itemprop="application" itemscope="" repeat="">
<span itemprop="filingDate">1995-08-23</span>
<span itemprop="countryCode">AU</span>
<span itemprop="applicationNumber">AUPN4980A</span>
<a href="/patent/AUPN498095A0/en"><span itemprop="documentId">patent/AUPN498095A0/en</span></a>
<span itemprop="legalStatusCat">not_active</span>
<span itemprop="legalStatus">Abandoned</span>
</li>
</ul>
</li>
<li itemprop="applicationsByYear" itemscope="" repeat="">
<span itemprop="year">1996</span>
<ul>
<li itemprop="application" itemscope="" repeat="">
<span itemprop="filingDate">1996-08-23</span>
<span itemprop="countryCode">WO</span>
<span itemprop="applicationNumber">PCT/AU1996/000531</span>
<a href="/patent/WO1997007807A1/en"><span itemprop="documentId">patent/WO1997007807A1/en</span></a>
<span itemprop="legalStatusCat">active</span>
<span itemprop="legalStatus">Application Filing</span>
</li>
<li itemprop="application" itemscope="" repeat="">
<span itemprop="filingDate">1996-08-23</span>
<span itemprop="countryCode">EP</span>
<span itemprop="applicationNumber">EP96927448A</span>
<a href="/patent/EP0845990A4/en"><span itemprop="documentId">patent/EP0845990A4/en</span></a>
<span itemprop="legalStatusCat">not_active</span>
<span itemprop="legalStatus">Withdrawn</span>
<span bool="" content="true" itemprop="thisApp"></span>
</li>
</ul>
</li>
</ul>
</section>
<section>
<h2>Patent Citations (1)</h2>
<table>
<caption>* Cited by examiner, † Cited by third party</caption>
<thead>
<tr>
<th>Publication number</th>
<th>Priority date</th>
<th>Publication date</th>
<th>Assignee</th>
<th>Title</th>
</tr>
</thead>
<tbody>
<tr itemprop="backwardReferences" itemscope="" repeat="">
<td>
<a href="/patent/US5439900A/en">
<span itemprop="publicationNumber">US5439900A</span>
              (<span itemprop="primaryLanguage">en</span>)
            </a>
<span itemprop="examinerCited">*</span>
</td>
<td itemprop="priorityDate">1993-02-25</td>
<td itemprop="publicationDate">1995-08-08</td>
<td><span itemprop="assigneeOriginal">Bukusoglu; Cuneyt</span></td>
<td itemprop="title">Methods and compositions for providing analgesia and enhanced anesthesia 
       </td>
</tr>
</tbody>
</table>
</section>
<section>
<h2>Non-Patent Citations (4)</h2>
<table>
<caption>* Cited by examiner, † Cited by third party</caption>
<thead>
<tr>
<th>Title</th>
</tr>
</thead>
<tbody>
<tr itemprop="detailedNonPatentLiterature" itemscope="" repeat="">
<td>
<span itemprop="title">CARL...: "<a href='http://scholar.google.com/scholar?q="pharmacokinetics+and+pharmacodynamics+of..."'>pharmacokinetics and pharmacodynamics of...</a>", ACTA ANESTHESIOLOGY SCAND., vol. 38, no. 7, 1994, pages 734 - 741, XP000965594</span>
<span itemprop="examinerCited">*</span>
</td>
</tr>
<tr itemprop="detailedNonPatentLiterature" itemscope="" repeat="">
<td>
<span itemprop="title">ERIKSSON H ET AL: "<a href='http://scholar.google.com/scholar?q="Comparison+of+eltanolone+and+thiopental+in+anaesthesia+for+termination+of+pregnancy."'>Comparison of eltanolone and thiopental in anaesthesia for termination of pregnancy.</a>", ACTA ANAESTHESIOLOGICA SCANDINAVICA, vol. 39, no. 4, 1995, pages 479 - 484, XP000965595, ISSN: 0001-5172</span>
<span itemprop="examinerCited">*</span>
</td>
</tr>
<tr itemprop="detailedNonPatentLiterature" itemscope="" repeat="">
<td>
<span itemprop="title">See also references of <a href="/patent/WO1997007807A1#nplCitations">WO9707807A1</a></span>
<span itemprop="examinerCited">*</span>
</td>
</tr>
<tr itemprop="detailedNonPatentLiterature" itemscope="" repeat="">
<td>
<span itemprop="title">SELYE: "<a href='http://scholar.google.com/scholar?q="correlations+between..."'>correlations between...</a>", ENDOCRINOLOGY, vol. 30, 1942, pages 437 - 453, XP000974346</span>
<span itemprop="examinerCited">*</span>
</td>
</tr>
</tbody>
</table>
</section>
<section>
<h2>Also Published As</h2>
<table>
<thead>
<tr>
<th>Publication number</th>
<th>Publication date</th>
</tr>
</thead>
<tbody>
<tr itemprop="docdbFamily" itemscope="" repeat="">
<td>
<a href="/patent/WO1997007807A1/en">
<span itemprop="publicationNumber">WO1997007807A1</span>
              (<span itemprop="primaryLanguage">en</span>)
            </a>
</td>
<td itemprop="publicationDate">1997-03-06</td>
</tr>
<tr itemprop="docdbFamily" itemscope="" repeat="">
<td>
<a href="/patent/AUPN498095A0/en">
<span itemprop="publicationNumber">AUPN498095A0</span>
              (<span itemprop="primaryLanguage">en</span>)
            </a>
</td>
<td itemprop="publicationDate">1995-09-14</td>
</tr>
<tr itemprop="docdbFamily" itemscope="" repeat="">
<td>
<a href="/patent/EP0845990A1/en">
<span itemprop="publicationNumber">EP0845990A1</span>
              (<span itemprop="primaryLanguage">en</span>)
            </a>
</td>
<td itemprop="publicationDate">1998-06-10</td>
</tr>
</tbody>
</table>
</section>
<section>
<h2>Similar Documents</h2>
<table>
<thead>
<tr>
<th>Publication</th>
<th>Publication Date</th>
<th>Title</th>
</tr>
</thead>
<tbody>
<tr itemprop="similarDocuments" itemscope="" repeat="">
<td>
<meta content="true" itemprop="isPatent"/>
<a href="/patent/PL327403A1/en">
<span itemprop="publicationNumber">PL327403A1</span>
                (<span itemprop="primaryLanguage">en</span>)
              </a>
</td>
<td>
<time datetime="1998-12-07" itemprop="publicationDate">1998-12-07</time>
</td>
<td itemprop="title">Novel agents exhibiting analgesic activity 
     </td>
</tr>
<tr itemprop="similarDocuments" itemscope="" repeat="">
<td>
<meta content="true" itemprop="isPatent"/>
<a href="/patent/GB9513121D0/en">
<span itemprop="publicationNumber">GB9513121D0</span>
                (<span itemprop="primaryLanguage">en</span>)
              </a>
</td>
<td>
<time datetime="1995-08-30" itemprop="publicationDate">1995-08-30</time>
</td>
<td itemprop="title">Therapeutic agents 
     </td>
</tr>
<tr itemprop="similarDocuments" itemscope="" repeat="">
<td>
<meta content="true" itemprop="isPatent"/>
<a href="/patent/GB9513117D0/en">
<span itemprop="publicationNumber">GB9513117D0</span>
                (<span itemprop="primaryLanguage">en</span>)
              </a>
</td>
<td>
<time datetime="1995-08-30" itemprop="publicationDate">1995-08-30</time>
</td>
<td itemprop="title">Therapeutic agents 
     </td>
</tr>
<tr itemprop="similarDocuments" itemscope="" repeat="">
<td>
<meta content="true" itemprop="isPatent"/>
<a href="/patent/GB9505492D0/en">
<span itemprop="publicationNumber">GB9505492D0</span>
                (<span itemprop="primaryLanguage">en</span>)
              </a>
</td>
<td>
<time datetime="1995-05-03" itemprop="publicationDate">1995-05-03</time>
</td>
<td itemprop="title">Therapeutic agents 
     </td>
</tr>
<tr itemprop="similarDocuments" itemscope="" repeat="">
<td>
<meta content="true" itemprop="isPatent"/>
<a href="/patent/GB9526560D0/en">
<span itemprop="publicationNumber">GB9526560D0</span>
                (<span itemprop="primaryLanguage">en</span>)
              </a>
</td>
<td>
<time datetime="1996-02-28" itemprop="publicationDate">1996-02-28</time>
</td>
<td itemprop="title">Use of 2-Amino-Heterocycles 
     </td>
</tr>
<tr itemprop="similarDocuments" itemscope="" repeat="">
<td>
<meta content="true" itemprop="isPatent"/>
<a href="/patent/IL113248A0/en">
<span itemprop="publicationNumber">IL113248A0</span>
                (<span itemprop="primaryLanguage">en</span>)
              </a>
</td>
<td>
<time datetime="1995-07-31" itemprop="publicationDate">1995-07-31</time>
</td>
<td itemprop="title">Use of alpha - 1c specific compounds 
     </td>
</tr>
<tr itemprop="similarDocuments" itemscope="" repeat="">
<td>
<meta content="true" itemprop="isPatent"/>
<a href="/patent/GB9512290D0/en">
<span itemprop="publicationNumber">GB9512290D0</span>
                (<span itemprop="primaryLanguage">en</span>)
              </a>
</td>
<td>
<time datetime="1995-08-16" itemprop="publicationDate">1995-08-16</time>
</td>
<td itemprop="title">Uses of polyhexanide 
     </td>
</tr>
<tr itemprop="similarDocuments" itemscope="" repeat="">
<td>
<meta content="true" itemprop="isPatent"/>
<a href="/patent/GB9507291D0/en">
<span itemprop="publicationNumber">GB9507291D0</span>
                (<span itemprop="primaryLanguage">en</span>)
              </a>
</td>
<td>
<time datetime="1995-05-31" itemprop="publicationDate">1995-05-31</time>
</td>
<td itemprop="title">Therapeutic agents 
     </td>
</tr>
<tr itemprop="similarDocuments" itemscope="" repeat="">
<td>
<meta content="true" itemprop="isPatent"/>
<a href="/patent/GB9519563D0/en">
<span itemprop="publicationNumber">GB9519563D0</span>
                (<span itemprop="primaryLanguage">en</span>)
              </a>
</td>
<td>
<time datetime="1995-11-29" itemprop="publicationDate">1995-11-29</time>
</td>
<td itemprop="title">Therapeutic agents 
     </td>
</tr>
<tr itemprop="similarDocuments" itemscope="" repeat="">
<td>
<meta content="true" itemprop="isPatent"/>
<a href="/patent/ZA957113B/en">
<span itemprop="publicationNumber">ZA957113B</span>
                (<span itemprop="primaryLanguage">en</span>)
              </a>
</td>
<td>
<time datetime="1996-04-15" itemprop="publicationDate">1996-04-15</time>
</td>
<td itemprop="title">Use of N-substituted pyhenothiazines 
     </td>
</tr>
<tr itemprop="similarDocuments" itemscope="" repeat="">
<td>
<meta content="true" itemprop="isPatent"/>
<a href="/patent/GB9507348D0/en">
<span itemprop="publicationNumber">GB9507348D0</span>
                (<span itemprop="primaryLanguage">en</span>)
              </a>
</td>
<td>
<time datetime="1995-05-31" itemprop="publicationDate">1995-05-31</time>
</td>
<td itemprop="title">Therapeutic agents 
     </td>
</tr>
<tr itemprop="similarDocuments" itemscope="" repeat="">
<td>
<meta content="true" itemprop="isPatent"/>
<a href="/patent/GB9500580D0/en">
<span itemprop="publicationNumber">GB9500580D0</span>
                (<span itemprop="primaryLanguage">en</span>)
              </a>
</td>
<td>
<time datetime="1995-03-01" itemprop="publicationDate">1995-03-01</time>
</td>
<td itemprop="title">Therapeutic agents 
     </td>
</tr>
<tr itemprop="similarDocuments" itemscope="" repeat="">
<td>
<meta content="true" itemprop="isPatent"/>
<a href="/patent/SG42329A1/en">
<span itemprop="publicationNumber">SG42329A1</span>
                (<span itemprop="primaryLanguage">en</span>)
              </a>
</td>
<td>
<time datetime="1997-08-15" itemprop="publicationDate">1997-08-15</time>
</td>
<td itemprop="title">Use of phenylcyclohexylcarboxamides 
     </td>
</tr>
<tr itemprop="similarDocuments" itemscope="" repeat="">
<td>
<meta content="true" itemprop="isPatent"/>
<a href="/patent/GB9418762D0/en">
<span itemprop="publicationNumber">GB9418762D0</span>
                (<span itemprop="primaryLanguage">en</span>)
              </a>
</td>
<td>
<time datetime="1994-11-02" itemprop="publicationDate">1994-11-02</time>
</td>
<td itemprop="title">Use of substituted cyclopentane-DI-and-triones 
     </td>
</tr>
<tr itemprop="similarDocuments" itemscope="" repeat="">
<td>
<meta content="true" itemprop="isPatent"/>
<a href="/patent/HU9700071D0/en">
<span itemprop="publicationNumber">HU9700071D0</span>
                (<span itemprop="primaryLanguage">en</span>)
              </a>
</td>
<td>
<time datetime="1997-02-28" itemprop="publicationDate">1997-02-28</time>
</td>
<td itemprop="title">Use of muramilpeptides 
     </td>
</tr>
<tr itemprop="similarDocuments" itemscope="" repeat="">
<td>
<meta content="true" itemprop="isPatent"/>
<a href="/patent/GB9501865D0/en">
<span itemprop="publicationNumber">GB9501865D0</span>
                (<span itemprop="primaryLanguage">en</span>)
              </a>
</td>
<td>
<time datetime="1995-03-22" itemprop="publicationDate">1995-03-22</time>
</td>
<td itemprop="title">Therapeutic agents 
     </td>
</tr>
<tr itemprop="similarDocuments" itemscope="" repeat="">
<td>
<meta content="true" itemprop="isPatent"/>
<a href="/patent/PL327538A1/en">
<span itemprop="publicationNumber">PL327538A1</span>
                (<span itemprop="primaryLanguage">en</span>)
              </a>
</td>
<td>
<time datetime="1998-12-21" itemprop="publicationDate">1998-12-21</time>
</td>
<td itemprop="title">Novel compounds of analgesic activity 
     </td>
</tr>
<tr itemprop="similarDocuments" itemscope="" repeat="">
<td>
<meta content="true" itemprop="isPatent"/>
<a href="/patent/GB9523243D0/en">
<span itemprop="publicationNumber">GB9523243D0</span>
                (<span itemprop="primaryLanguage">en</span>)
              </a>
</td>
<td>
<time datetime="1996-01-17" itemprop="publicationDate">1996-01-17</time>
</td>
<td itemprop="title">Therapeutic agents 
     </td>
</tr>
<tr itemprop="similarDocuments" itemscope="" repeat="">
<td>
<meta content="true" itemprop="isPatent"/>
<a href="/patent/GB9513467D0/en">
<span itemprop="publicationNumber">GB9513467D0</span>
                (<span itemprop="primaryLanguage">en</span>)
              </a>
</td>
<td>
<time datetime="1995-09-06" itemprop="publicationDate">1995-09-06</time>
</td>
<td itemprop="title">Therapeutic agents 
     </td>
</tr>
<tr itemprop="similarDocuments" itemscope="" repeat="">
<td>
<meta content="true" itemprop="isPatent"/>
<a href="/patent/EP0845990A4/en">
<span itemprop="publicationNumber">EP0845990A4</span>
                (<span itemprop="primaryLanguage">en</span>)
              </a>
</td>
<td>
<time datetime="2001-02-14" itemprop="publicationDate">2001-02-14</time>
</td>
<td itemprop="title">New use of pregnane-diones as analgesic agents 
       </td>
</tr>
<tr itemprop="similarDocuments" itemscope="" repeat="">
<td>
<meta content="true" itemprop="isPatent"/>
<a href="/patent/GB9521781D0/en">
<span itemprop="publicationNumber">GB9521781D0</span>
                (<span itemprop="primaryLanguage">en</span>)
              </a>
</td>
<td>
<time datetime="1996-01-03" itemprop="publicationDate">1996-01-03</time>
</td>
<td itemprop="title">Therapeutic agents 
     </td>
</tr>
<tr itemprop="similarDocuments" itemscope="" repeat="">
<td>
<meta content="true" itemprop="isPatent"/>
<a href="/patent/GB9522495D0/en">
<span itemprop="publicationNumber">GB9522495D0</span>
                (<span itemprop="primaryLanguage">en</span>)
              </a>
</td>
<td>
<time datetime="1996-01-03" itemprop="publicationDate">1996-01-03</time>
</td>
<td itemprop="title">Therapeutic agents 
     </td>
</tr>
<tr itemprop="similarDocuments" itemscope="" repeat="">
<td>
<meta content="true" itemprop="isPatent"/>
<a href="/patent/GB9523065D0/en">
<span itemprop="publicationNumber">GB9523065D0</span>
                (<span itemprop="primaryLanguage">en</span>)
              </a>
</td>
<td>
<time datetime="1996-01-10" itemprop="publicationDate">1996-01-10</time>
</td>
<td itemprop="title">Therapeutic agents 
     </td>
</tr>
<tr itemprop="similarDocuments" itemscope="" repeat="">
<td>
<meta content="true" itemprop="isPatent"/>
<a href="/patent/AU735092C/en">
<span itemprop="publicationNumber">AU735092C</span>
                (<span itemprop="primaryLanguage">en</span>)
              </a>
</td>
<td>
<time datetime="2002-01-10" itemprop="publicationDate">2002-01-10</time>
</td>
<td itemprop="title">New use of pregnone-diones as analgesic agents 
     </td>
</tr>
<tr itemprop="similarDocuments" itemscope="" repeat="">
<td>
<meta content="true" itemprop="isPatent"/>
<a href="/patent/AU698746B2/en">
<span itemprop="publicationNumber">AU698746B2</span>
                (<span itemprop="primaryLanguage">en</span>)
              </a>
</td>
<td>
<time datetime="1998-11-05" itemprop="publicationDate">1998-11-05</time>
</td>
<td itemprop="title">New use of Pregnane-diones as analgesic agents 
     </td>
</tr>
</tbody>
</table>
</section>
<section>
<h2>Legal Events</h2>
<table>
<thead>
<tr>
<th>Date</th>
<th>Code</th>
<th>Title</th>
<th>Description</th>
</tr>
</thead>
<tbody>
<tr itemprop="legalEvents" itemscope="" repeat="">
<td><time datetime="1998-04-24" itemprop="date">1998-04-24</time></td>
<td itemprop="code">PUAI</td>
<td itemprop="title">Public reference made under article 153(3) epc to a published international application that has entered the european phase</td>
<td>
<p itemprop="attributes" itemscope="" repeat="">
<strong itemprop="label">Free format text</strong>:
              <span itemprop="value">ORIGINAL CODE: 0009012</span>
</p>
</td>
</tr>
<tr itemprop="legalEvents" itemscope="" repeat="">
<td><time datetime="1998-06-10" itemprop="date">1998-06-10</time></td>
<td itemprop="code">17P</td>
<td itemprop="title">Request for examination filed</td>
<td>
<p itemprop="attributes" itemscope="" repeat="">
<strong itemprop="label">Effective date</strong>:
              <span itemprop="value">19980223</span>
</p>
</td>
</tr>
<tr itemprop="legalEvents" itemscope="" repeat="">
<td><time datetime="1998-06-10" itemprop="date">1998-06-10</time></td>
<td itemprop="code">AK</td>
<td itemprop="title">Designated contracting states</td>
<td>
<p itemprop="attributes" itemscope="" repeat="">
<strong itemprop="label">Kind code of ref document</strong>:
              <span itemprop="value">A1</span>
</p>
<p itemprop="attributes" itemscope="" repeat="">
<strong itemprop="label">Designated state(s)</strong>:
              <span itemprop="value">AT BE CH DE DK ES FI FR GB GR IE IT LI LU MC NL PT SE</span>
</p>
</td>
</tr>
<tr itemprop="legalEvents" itemscope="" repeat="">
<td><time datetime="2001-02-14" itemprop="date">2001-02-14</time></td>
<td itemprop="code">A4</td>
<td itemprop="title">Supplementary search report drawn up and despatched</td>
<td>
<p itemprop="attributes" itemscope="" repeat="">
<strong itemprop="label">Effective date</strong>:
              <span itemprop="value">20000103</span>
</p>
</td>
</tr>
<tr itemprop="legalEvents" itemscope="" repeat="">
<td><time datetime="2001-02-14" itemprop="date">2001-02-14</time></td>
<td itemprop="code">AK</td>
<td itemprop="title">Designated contracting states</td>
<td>
<p itemprop="attributes" itemscope="" repeat="">
<strong itemprop="label">Kind code of ref document</strong>:
              <span itemprop="value">A4</span>
</p>
<p itemprop="attributes" itemscope="" repeat="">
<strong itemprop="label">Designated state(s)</strong>:
              <span itemprop="value">AT BE CH DE DK ES FI FR GB GR IE IT LI LU MC NL PT SE</span>
</p>
</td>
</tr>
<tr itemprop="legalEvents" itemscope="" repeat="">
<td><time datetime="2002-05-02" itemprop="date">2002-05-02</time></td>
<td itemprop="code">RAP1</td>
<td itemprop="title">Party data changed (applicant data changed or rights of an application transferred)</td>
<td>
<p itemprop="attributes" itemscope="" repeat="">
<strong itemprop="label">Owner name</strong>:
              <span itemprop="value">NADESON, RAYMOND</span>
</p>
<p itemprop="attributes" itemscope="" repeat="">
<strong itemprop="label">Owner name</strong>:
              <span itemprop="value">GOODCHILD, COLIN, STANLEY</span>
</p>
</td>
</tr>
<tr itemprop="legalEvents" itemscope="" repeat="">
<td><time datetime="2002-05-02" itemprop="date">2002-05-02</time></td>
<td itemprop="code">RIN1</td>
<td itemprop="title">Information on inventor provided before grant (corrected)</td>
<td>
<p itemprop="attributes" itemscope="" repeat="">
<strong itemprop="label">Inventor name</strong>:
              <span itemprop="value">NADESON, RAYMOND</span>
</p>
<p itemprop="attributes" itemscope="" repeat="">
<strong itemprop="label">Inventor name</strong>:
              <span itemprop="value">GOODCHILD, COLIN, STANLEY</span>
</p>
</td>
</tr>
<tr itemprop="legalEvents" itemscope="" repeat="">
<td><time datetime="2003-01-29" itemprop="date">2003-01-29</time></td>
<td itemprop="code">17Q</td>
<td itemprop="title">First examination report despatched</td>
<td>
<p itemprop="attributes" itemscope="" repeat="">
<strong itemprop="label">Effective date</strong>:
              <span itemprop="value">20021211</span>
</p>
</td>
</tr>
<tr itemprop="legalEvents" itemscope="" repeat="">
<td><time datetime="2006-10-04" itemprop="date">2006-10-04</time></td>
<td itemprop="code">17Q</td>
<td itemprop="title">First examination report despatched</td>
<td>
<p itemprop="attributes" itemscope="" repeat="">
<strong itemprop="label">Effective date</strong>:
              <span itemprop="value">20021211</span>
</p>
</td>
</tr>
<tr itemprop="legalEvents" itemscope="" repeat="">
<td><time datetime="2006-10-04" itemprop="date">2006-10-04</time></td>
<td itemprop="code">RIC1</td>
<td itemprop="title">Information provided on ipc code assigned before grant</td>
<td>
<p itemprop="attributes" itemscope="" repeat="">
<strong itemprop="label">Ipc</strong>:
              <span itemprop="value">A61P  25/04        20060101ALI20060828BHEP</span>
</p>
<p itemprop="attributes" itemscope="" repeat="">
<strong itemprop="label">Ipc</strong>:
              <span itemprop="value">A61K  31/57        20060101AFI20060828BHEP</span>
</p>
</td>
</tr>
<tr itemprop="legalEvents" itemscope="" repeat="">
<td><time datetime="2010-07-09" itemprop="date">2010-07-09</time></td>
<td itemprop="code">STAA</td>
<td itemprop="title">Information on the status of an ep patent application or granted ep patent</td>
<td>
<p itemprop="attributes" itemscope="" repeat="">
<strong itemprop="label">Free format text</strong>:
              <span itemprop="value">STATUS: THE APPLICATION IS DEEMED TO BE WITHDRAWN</span>
</p>
</td>
</tr>
<tr itemprop="legalEvents" itemscope="" repeat="">
<td><time datetime="2010-08-11" itemprop="date">2010-08-11</time></td>
<td itemprop="code">18D</td>
<td itemprop="title">Application deemed to be withdrawn</td>
<td>
<p itemprop="attributes" itemscope="" repeat="">
<strong itemprop="label">Effective date</strong>:
              <span itemprop="value">20100219</span>
</p>
</td>
</tr>
</tbody>
</table>
</section>
</article>
</search-app>
<script></script>
<script src="//www.gstatic.com/feedback/api.js" type="text/javascript"></script>
<script src="//www.gstatic.com/feedback/js/help/prod/service/lazy.min.js" type="text/javascript"></script>
<script type="text/javascript">
      if (window.help && window.help.service) {
        helpApi = window.help.service.Lazy.create(0, {apiKey: 'AIzaSyDTEI_0tLX4varJ7bwK8aT-eOI5qr3BmyI', locale: 'en-US'});
        window.requestedSurveys = new Set();
        window.requestSurvey = function(triggerId) {
          if (window.requestedSurveys.has(triggerId)) {
            return;
          }
          window.requestedSurveys.add(triggerId);
          helpApi.requestSurvey({
            triggerId: triggerId,
            enableTestingMode: false,
            callback: (requestSurveyCallbackParam) => {
              if (!requestSurveyCallbackParam.surveyData) {
                return;
              }
              helpApi.presentSurvey({
                productData: {
                  productVersion: window.version,
                  customData: {
                    "experiments": "",
                  },
                },
                surveyData: requestSurveyCallbackParam.surveyData,
                colorScheme: 1,
                customZIndex: 10000,
              });
            }
          });
        };

        window.requestSurvey('YXTwAsvoW0kedxbuTdH0RArc9VhT');
      }
    </script>
<script src="/sw/null_loader.js"></script>
</body>
</html>

